---
http_interactions:
- request:
    method: get
    uri: https://www.elprisetjustnu.se/api/v1/prices/2024/11-01_SE3.json
    body:
      encoding: US-ASCII
      string: ''
    headers:
      Accept-Encoding:
      - gzip;q=1.0,deflate;q=0.6,identity;q=0.3
      Accept:
      - "*/*"
      User-Agent:
      - Ruby
  response:
    status:
      code: 200
      message: OK
    headers:
      Date:
      - Thu, 20 Nov 2025 17:06:31 GMT
      Content-Type:
      - application/json
      Transfer-Encoding:
      - chunked
      Connection:
      - keep-alive
      Server:
      - cloudflare
      Last-Modified:
      - Sat, 09 Aug 2025 09:48:19 GMT
      Vary:
      - Accept-Encoding
      Etag:
      - W/"68971963-d3c"
      Access-Control-Allow-Origin:
      - "*"
      Access-Control-Expose-Headers:
      - "*"
      Cache-Control:
      - public, max-age=604800
      Cross-Origin-Resource-Policy:
      - cross-origin
      Nel:
      - '{"report_to":"cf-nel","success_fraction":0.0,"max_age":604800}'
      Age:
      - '1967'
      Cf-Cache-Status:
      - HIT
      Report-To:
      - '{"group":"cf-nel","max_age":604800,"endpoints":[{"url":"https://a.nel.cloudflare.com/report/v4?s=7Eznq5gHO%2Fc7L1kxjy22VEliXUtZAcowBE7bgc1DbN6Gu6ih2474JD%2Bsz8zMsnZ973dlXDUDXFTKn4aIywH7XJLBOSvoapt%2BK6Vlp4cXJYTIiF%2B5VA%3D%3D"}]}'
      Cf-Ray:
      - 9a1989d4f8399a3e-ARN
      Alt-Svc:
      - h3=":443"; ma=86400
    body:
      encoding: ASCII-8BIT
      string: '[{"SEK_per_kWh":0.01987,"EUR_per_kWh":0.00171,"EXR":11.622522,"time_start":"2024-11-01T00:00:00+01:00","time_end":"2024-11-01T01:00:00+01:00"},{"SEK_per_kWh":0.01755,"EUR_per_kWh":0.00151,"EXR":11.622522,"time_start":"2024-11-01T01:00:00+01:00","time_end":"2024-11-01T02:00:00+01:00"},{"SEK_per_kWh":0.01348,"EUR_per_kWh":0.00116,"EXR":11.622522,"time_start":"2024-11-01T02:00:00+01:00","time_end":"2024-11-01T03:00:00+01:00"},{"SEK_per_kWh":0.01197,"EUR_per_kWh":0.00103,"EXR":11.622522,"time_start":"2024-11-01T03:00:00+01:00","time_end":"2024-11-01T04:00:00+01:00"},{"SEK_per_kWh":0.01162,"EUR_per_kWh":0.001,"EXR":11.622522,"time_start":"2024-11-01T04:00:00+01:00","time_end":"2024-11-01T05:00:00+01:00"},{"SEK_per_kWh":0.01302,"EUR_per_kWh":0.00112,"EXR":11.622522,"time_start":"2024-11-01T05:00:00+01:00","time_end":"2024-11-01T06:00:00+01:00"},{"SEK_per_kWh":0.0251,"EUR_per_kWh":0.00216,"EXR":11.622522,"time_start":"2024-11-01T06:00:00+01:00","time_end":"2024-11-01T07:00:00+01:00"},{"SEK_per_kWh":0.03696,"EUR_per_kWh":0.00318,"EXR":11.622522,"time_start":"2024-11-01T07:00:00+01:00","time_end":"2024-11-01T08:00:00+01:00"},{"SEK_per_kWh":0.03859,"EUR_per_kWh":0.00332,"EXR":11.622522,"time_start":"2024-11-01T08:00:00+01:00","time_end":"2024-11-01T09:00:00+01:00"},{"SEK_per_kWh":0.03092,"EUR_per_kWh":0.00266,"EXR":11.622522,"time_start":"2024-11-01T09:00:00+01:00","time_end":"2024-11-01T10:00:00+01:00"},{"SEK_per_kWh":0.02894,"EUR_per_kWh":0.00249,"EXR":11.622522,"time_start":"2024-11-01T10:00:00+01:00","time_end":"2024-11-01T11:00:00+01:00"},{"SEK_per_kWh":0.02545,"EUR_per_kWh":0.00219,"EXR":11.622522,"time_start":"2024-11-01T11:00:00+01:00","time_end":"2024-11-01T12:00:00+01:00"},{"SEK_per_kWh":0.02545,"EUR_per_kWh":0.00219,"EXR":11.622522,"time_start":"2024-11-01T12:00:00+01:00","time_end":"2024-11-01T13:00:00+01:00"},{"SEK_per_kWh":0.0251,"EUR_per_kWh":0.00216,"EXR":11.622522,"time_start":"2024-11-01T13:00:00+01:00","time_end":"2024-11-01T14:00:00+01:00"},{"SEK_per_kWh":0.02557,"EUR_per_kWh":0.0022,"EXR":11.622522,"time_start":"2024-11-01T14:00:00+01:00","time_end":"2024-11-01T15:00:00+01:00"},{"SEK_per_kWh":0.02929,"EUR_per_kWh":0.00252,"EXR":11.622522,"time_start":"2024-11-01T15:00:00+01:00","time_end":"2024-11-01T16:00:00+01:00"},{"SEK_per_kWh":0.04916,"EUR_per_kWh":0.00423,"EXR":11.622522,"time_start":"2024-11-01T16:00:00+01:00","time_end":"2024-11-01T17:00:00+01:00"},{"SEK_per_kWh":0.08717,"EUR_per_kWh":0.0075,"EXR":11.622522,"time_start":"2024-11-01T17:00:00+01:00","time_end":"2024-11-01T18:00:00+01:00"},{"SEK_per_kWh":0.11623,"EUR_per_kWh":0.01,"EXR":11.622522,"time_start":"2024-11-01T18:00:00+01:00","time_end":"2024-11-01T19:00:00+01:00"},{"SEK_per_kWh":0.07125,"EUR_per_kWh":0.00613,"EXR":11.622522,"time_start":"2024-11-01T19:00:00+01:00","time_end":"2024-11-01T20:00:00+01:00"},{"SEK_per_kWh":0.05439,"EUR_per_kWh":0.00468,"EXR":11.622522,"time_start":"2024-11-01T20:00:00+01:00","time_end":"2024-11-01T21:00:00+01:00"},{"SEK_per_kWh":0.01406,"EUR_per_kWh":0.00121,"EXR":11.622522,"time_start":"2024-11-01T21:00:00+01:00","time_end":"2024-11-01T22:00:00+01:00"},{"SEK_per_kWh":0.00767,"EUR_per_kWh":0.00066,"EXR":11.622522,"time_start":"2024-11-01T22:00:00+01:00","time_end":"2024-11-01T23:00:00+01:00"},{"SEK_per_kWh":0,"EUR_per_kWh":0,"EXR":11.622522,"time_start":"2024-11-01T23:00:00+01:00","time_end":"2024-11-02T00:00:00+01:00"}]'
  recorded_at: Thu, 20 Nov 2025 17:06:31 GMT
- request:
    method: get
    uri: https://www.elprisetjustnu.se/api/v1/prices/2024/11-02_SE3.json
    body:
      encoding: US-ASCII
      string: ''
    headers:
      Accept-Encoding:
      - gzip;q=1.0,deflate;q=0.6,identity;q=0.3
      Accept:
      - "*/*"
      User-Agent:
      - Ruby
  response:
    status:
      code: 200
      message: OK
    headers:
      Date:
      - Thu, 20 Nov 2025 17:06:31 GMT
      Content-Type:
      - application/json
      Transfer-Encoding:
      - chunked
      Connection:
      - keep-alive
      Server:
      - cloudflare
      Last-Modified:
      - Sat, 09 Aug 2025 09:47:39 GMT
      Vary:
      - Accept-Encoding
      Etag:
      - W/"6897193b-d55"
      Access-Control-Allow-Origin:
      - "*"
      Access-Control-Expose-Headers:
      - "*"
      Cache-Control:
      - public, max-age=604800
      Cross-Origin-Resource-Policy:
      - cross-origin
      Nel:
      - '{"report_to":"cf-nel","success_fraction":0.0,"max_age":604800}'
      Age:
      - '273027'
      Cf-Cache-Status:
      - HIT
      Report-To:
      - '{"group":"cf-nel","max_age":604800,"endpoints":[{"url":"https://a.nel.cloudflare.com/report/v4?s=wZMcf%2FqIprPwqC7fgN%2FR9bToWfpRro6sbvJguTbmQOozWWh57qzl7mlCJtmaE99%2BqWWJ%2BN9U3gjo0J29exlOMHSoq1xkynhBncJ9wxgUFWCeDQo%3D"}]}'
      Cf-Ray:
      - 9a1989d519c22d9e-ARN
      Alt-Svc:
      - h3=":443"; ma=86400
    body:
      encoding: ASCII-8BIT
      string: '[{"SEK_per_kWh":-0.00279,"EUR_per_kWh":-0.00024,"EXR":11.622522,"time_start":"2024-11-02T00:00:00+01:00","time_end":"2024-11-02T01:00:00+01:00"},{"SEK_per_kWh":-0.00802,"EUR_per_kWh":-0.00069,"EXR":11.622522,"time_start":"2024-11-02T01:00:00+01:00","time_end":"2024-11-02T02:00:00+01:00"},{"SEK_per_kWh":-0.00814,"EUR_per_kWh":-0.0007,"EXR":11.622522,"time_start":"2024-11-02T02:00:00+01:00","time_end":"2024-11-02T03:00:00+01:00"},{"SEK_per_kWh":-0.00965,"EUR_per_kWh":-0.00083,"EXR":11.622522,"time_start":"2024-11-02T03:00:00+01:00","time_end":"2024-11-02T04:00:00+01:00"},{"SEK_per_kWh":-0.00814,"EUR_per_kWh":-0.0007,"EXR":11.622522,"time_start":"2024-11-02T04:00:00+01:00","time_end":"2024-11-02T05:00:00+01:00"},{"SEK_per_kWh":-0.00732,"EUR_per_kWh":-0.00063,"EXR":11.622522,"time_start":"2024-11-02T05:00:00+01:00","time_end":"2024-11-02T06:00:00+01:00"},{"SEK_per_kWh":-0.00186,"EUR_per_kWh":-0.00016,"EXR":11.622522,"time_start":"2024-11-02T06:00:00+01:00","time_end":"2024-11-02T07:00:00+01:00"},{"SEK_per_kWh":0.03254,"EUR_per_kWh":0.0028,"EXR":11.622522,"time_start":"2024-11-02T07:00:00+01:00","time_end":"2024-11-02T08:00:00+01:00"},{"SEK_per_kWh":0.05927,"EUR_per_kWh":0.0051,"EXR":11.622522,"time_start":"2024-11-02T08:00:00+01:00","time_end":"2024-11-02T09:00:00+01:00"},{"SEK_per_kWh":0.06625,"EUR_per_kWh":0.0057,"EXR":11.622522,"time_start":"2024-11-02T09:00:00+01:00","time_end":"2024-11-02T10:00:00+01:00"},{"SEK_per_kWh":0.0666,"EUR_per_kWh":0.00573,"EXR":11.622522,"time_start":"2024-11-02T10:00:00+01:00","time_end":"2024-11-02T11:00:00+01:00"},{"SEK_per_kWh":0.13285,"EUR_per_kWh":0.01143,"EXR":11.622522,"time_start":"2024-11-02T11:00:00+01:00","time_end":"2024-11-02T12:00:00+01:00"},{"SEK_per_kWh":0.13354,"EUR_per_kWh":0.01149,"EXR":11.622522,"time_start":"2024-11-02T12:00:00+01:00","time_end":"2024-11-02T13:00:00+01:00"},{"SEK_per_kWh":0.14191,"EUR_per_kWh":0.01221,"EXR":11.622522,"time_start":"2024-11-02T13:00:00+01:00","time_end":"2024-11-02T14:00:00+01:00"},{"SEK_per_kWh":0.15063,"EUR_per_kWh":0.01296,"EXR":11.622522,"time_start":"2024-11-02T14:00:00+01:00","time_end":"2024-11-02T15:00:00+01:00"},{"SEK_per_kWh":0.16969,"EUR_per_kWh":0.0146,"EXR":11.622522,"time_start":"2024-11-02T15:00:00+01:00","time_end":"2024-11-02T16:00:00+01:00"},{"SEK_per_kWh":0.32659,"EUR_per_kWh":0.0281,"EXR":11.622522,"time_start":"2024-11-02T16:00:00+01:00","time_end":"2024-11-02T17:00:00+01:00"},{"SEK_per_kWh":0.45502,"EUR_per_kWh":0.03915,"EXR":11.622522,"time_start":"2024-11-02T17:00:00+01:00","time_end":"2024-11-02T18:00:00+01:00"},{"SEK_per_kWh":0.29196,"EUR_per_kWh":0.02512,"EXR":11.622522,"time_start":"2024-11-02T18:00:00+01:00","time_end":"2024-11-02T19:00:00+01:00"},{"SEK_per_kWh":0.1547,"EUR_per_kWh":0.01331,"EXR":11.622522,"time_start":"2024-11-02T19:00:00+01:00","time_end":"2024-11-02T20:00:00+01:00"},{"SEK_per_kWh":0.07008,"EUR_per_kWh":0.00603,"EXR":11.622522,"time_start":"2024-11-02T20:00:00+01:00","time_end":"2024-11-02T21:00:00+01:00"},{"SEK_per_kWh":0.03731,"EUR_per_kWh":0.00321,"EXR":11.622522,"time_start":"2024-11-02T21:00:00+01:00","time_end":"2024-11-02T22:00:00+01:00"},{"SEK_per_kWh":0.02778,"EUR_per_kWh":0.00239,"EXR":11.622522,"time_start":"2024-11-02T22:00:00+01:00","time_end":"2024-11-02T23:00:00+01:00"},{"SEK_per_kWh":0.0272,"EUR_per_kWh":0.00234,"EXR":11.622522,"time_start":"2024-11-02T23:00:00+01:00","time_end":"2024-11-03T00:00:00+01:00"}]'
  recorded_at: Thu, 20 Nov 2025 17:06:31 GMT
- request:
    method: get
    uri: https://www.elprisetjustnu.se/api/v1/prices/2024/11-03_SE3.json
    body:
      encoding: US-ASCII
      string: ''
    headers:
      Accept-Encoding:
      - gzip;q=1.0,deflate;q=0.6,identity;q=0.3
      Accept:
      - "*/*"
      User-Agent:
      - Ruby
  response:
    status:
      code: 200
      message: OK
    headers:
      Date:
      - Thu, 20 Nov 2025 17:06:31 GMT
      Content-Type:
      - application/json
      Transfer-Encoding:
      - chunked
      Connection:
      - keep-alive
      Server:
      - cloudflare
      Last-Modified:
      - Sat, 09 Aug 2025 09:47:39 GMT
      Vary:
      - Accept-Encoding
      Etag:
      - W/"6897193b-d4c"
      Access-Control-Allow-Origin:
      - "*"
      Access-Control-Expose-Headers:
      - "*"
      Cache-Control:
      - public, max-age=604800
      Cross-Origin-Resource-Policy:
      - cross-origin
      Nel:
      - '{"report_to":"cf-nel","success_fraction":0.0,"max_age":604800}'
      Age:
      - '118507'
      Cf-Cache-Status:
      - HIT
      Report-To:
      - '{"group":"cf-nel","max_age":604800,"endpoints":[{"url":"https://a.nel.cloudflare.com/report/v4?s=R8Gd2JVjjtIWfWZ5zD%2FZncMJOx77JJoeCbyyq0EaDfE6lG3vKBCTKaFP2UgXfSlTCeUVWjyvndaBOn%2B5QlbXpSPY0Lnvfpq5s9KqUKkQPTO6Itw%3D"}]}'
      Cf-Ray:
      - 9a1989d53cb30a39-ARN
      Alt-Svc:
      - h3=":443"; ma=86400
    body:
      encoding: ASCII-8BIT
      string: '[{"SEK_per_kWh":0.03852,"EUR_per_kWh":0.00334,"EXR":11.534345,"time_start":"2024-11-03T00:00:00+01:00","time_end":"2024-11-03T01:00:00+01:00"},{"SEK_per_kWh":0.03829,"EUR_per_kWh":0.00332,"EXR":11.534345,"time_start":"2024-11-03T01:00:00+01:00","time_end":"2024-11-03T02:00:00+01:00"},{"SEK_per_kWh":0.03772,"EUR_per_kWh":0.00327,"EXR":11.534345,"time_start":"2024-11-03T02:00:00+01:00","time_end":"2024-11-03T03:00:00+01:00"},{"SEK_per_kWh":0.03599,"EUR_per_kWh":0.00312,"EXR":11.534345,"time_start":"2024-11-03T03:00:00+01:00","time_end":"2024-11-03T04:00:00+01:00"},{"SEK_per_kWh":0.03714,"EUR_per_kWh":0.00322,"EXR":11.534345,"time_start":"2024-11-03T04:00:00+01:00","time_end":"2024-11-03T05:00:00+01:00"},{"SEK_per_kWh":0.03852,"EUR_per_kWh":0.00334,"EXR":11.534345,"time_start":"2024-11-03T05:00:00+01:00","time_end":"2024-11-03T06:00:00+01:00"},{"SEK_per_kWh":0.03979,"EUR_per_kWh":0.00345,"EXR":11.534345,"time_start":"2024-11-03T06:00:00+01:00","time_end":"2024-11-03T07:00:00+01:00"},{"SEK_per_kWh":0.05652,"EUR_per_kWh":0.0049,"EXR":11.534345,"time_start":"2024-11-03T07:00:00+01:00","time_end":"2024-11-03T08:00:00+01:00"},{"SEK_per_kWh":0.06032,"EUR_per_kWh":0.00523,"EXR":11.534345,"time_start":"2024-11-03T08:00:00+01:00","time_end":"2024-11-03T09:00:00+01:00"},{"SEK_per_kWh":0.05721,"EUR_per_kWh":0.00496,"EXR":11.534345,"time_start":"2024-11-03T09:00:00+01:00","time_end":"2024-11-03T10:00:00+01:00"},{"SEK_per_kWh":0.0571,"EUR_per_kWh":0.00495,"EXR":11.534345,"time_start":"2024-11-03T10:00:00+01:00","time_end":"2024-11-03T11:00:00+01:00"},{"SEK_per_kWh":0.05652,"EUR_per_kWh":0.0049,"EXR":11.534345,"time_start":"2024-11-03T11:00:00+01:00","time_end":"2024-11-03T12:00:00+01:00"},{"SEK_per_kWh":0.05363,"EUR_per_kWh":0.00465,"EXR":11.534345,"time_start":"2024-11-03T12:00:00+01:00","time_end":"2024-11-03T13:00:00+01:00"},{"SEK_per_kWh":0.04775,"EUR_per_kWh":0.00414,"EXR":11.534345,"time_start":"2024-11-03T13:00:00+01:00","time_end":"2024-11-03T14:00:00+01:00"},{"SEK_per_kWh":0.0436,"EUR_per_kWh":0.00378,"EXR":11.534345,"time_start":"2024-11-03T14:00:00+01:00","time_end":"2024-11-03T15:00:00+01:00"},{"SEK_per_kWh":0.04337,"EUR_per_kWh":0.00376,"EXR":11.534345,"time_start":"2024-11-03T15:00:00+01:00","time_end":"2024-11-03T16:00:00+01:00"},{"SEK_per_kWh":0.0481,"EUR_per_kWh":0.00417,"EXR":11.534345,"time_start":"2024-11-03T16:00:00+01:00","time_end":"2024-11-03T17:00:00+01:00"},{"SEK_per_kWh":0.06298,"EUR_per_kWh":0.00546,"EXR":11.534345,"time_start":"2024-11-03T17:00:00+01:00","time_end":"2024-11-03T18:00:00+01:00"},{"SEK_per_kWh":0.11546,"EUR_per_kWh":0.01001,"EXR":11.534345,"time_start":"2024-11-03T18:00:00+01:00","time_end":"2024-11-03T19:00:00+01:00"},{"SEK_per_kWh":0.11442,"EUR_per_kWh":0.00992,"EXR":11.534345,"time_start":"2024-11-03T19:00:00+01:00","time_end":"2024-11-03T20:00:00+01:00"},{"SEK_per_kWh":0.07232,"EUR_per_kWh":0.00627,"EXR":11.534345,"time_start":"2024-11-03T20:00:00+01:00","time_end":"2024-11-03T21:00:00+01:00"},{"SEK_per_kWh":0.07163,"EUR_per_kWh":0.00621,"EXR":11.534345,"time_start":"2024-11-03T21:00:00+01:00","time_end":"2024-11-03T22:00:00+01:00"},{"SEK_per_kWh":0.06528,"EUR_per_kWh":0.00566,"EXR":11.534345,"time_start":"2024-11-03T22:00:00+01:00","time_end":"2024-11-03T23:00:00+01:00"},{"SEK_per_kWh":0.05756,"EUR_per_kWh":0.00499,"EXR":11.534345,"time_start":"2024-11-03T23:00:00+01:00","time_end":"2024-11-04T00:00:00+01:00"}]'
  recorded_at: Thu, 20 Nov 2025 17:06:31 GMT
- request:
    method: get
    uri: https://www.elprisetjustnu.se/api/v1/prices/2024/11-04_SE3.json
    body:
      encoding: US-ASCII
      string: ''
    headers:
      Accept-Encoding:
      - gzip;q=1.0,deflate;q=0.6,identity;q=0.3
      Accept:
      - "*/*"
      User-Agent:
      - Ruby
  response:
    status:
      code: 200
      message: OK
    headers:
      Date:
      - Thu, 20 Nov 2025 17:06:31 GMT
      Content-Type:
      - application/json
      Transfer-Encoding:
      - chunked
      Connection:
      - keep-alive
      Server:
      - cloudflare
      Last-Modified:
      - Sat, 09 Aug 2025 09:46:47 GMT
      Vary:
      - Accept-Encoding
      Etag:
      - W/"68971907-d4e"
      Access-Control-Allow-Origin:
      - "*"
      Access-Control-Expose-Headers:
      - "*"
      Cache-Control:
      - public, max-age=604800
      Cross-Origin-Resource-Policy:
      - cross-origin
      Nel:
      - '{"report_to":"cf-nel","success_fraction":0.0,"max_age":604800}'
      Age:
      - '273027'
      Cf-Cache-Status:
      - HIT
      Report-To:
      - '{"group":"cf-nel","max_age":604800,"endpoints":[{"url":"https://a.nel.cloudflare.com/report/v4?s=qIj2hhZ6AqT0nTIm%2B2yN2yivnlLPG6Eg1Z7taarDKy4otx%2BF145EH8yl0ZzMFZvImHMaoeeZ8OoS%2BeFRrp9WlyTOqsDXwv6njhuS9FAHfRTXx1Nqfw%3D%3D"}]}'
      Cf-Ray:
      - 9a1989d56f679ade-ARN
      Alt-Svc:
      - h3=":443"; ma=86400
    body:
      encoding: ASCII-8BIT
      string: '[{"SEK_per_kWh":0.06608,"EUR_per_kWh":0.00568,"EXR":11.634069,"time_start":"2024-11-04T00:00:00+01:00","time_end":"2024-11-04T01:00:00+01:00"},{"SEK_per_kWh":0.07248,"EUR_per_kWh":0.00623,"EXR":11.634069,"time_start":"2024-11-04T01:00:00+01:00","time_end":"2024-11-04T02:00:00+01:00"},{"SEK_per_kWh":0.07306,"EUR_per_kWh":0.00628,"EXR":11.634069,"time_start":"2024-11-04T02:00:00+01:00","time_end":"2024-11-04T03:00:00+01:00"},{"SEK_per_kWh":0.17184,"EUR_per_kWh":0.01477,"EXR":11.634069,"time_start":"2024-11-04T03:00:00+01:00","time_end":"2024-11-04T04:00:00+01:00"},{"SEK_per_kWh":0.18091,"EUR_per_kWh":0.01555,"EXR":11.634069,"time_start":"2024-11-04T04:00:00+01:00","time_end":"2024-11-04T05:00:00+01:00"},{"SEK_per_kWh":0.36042,"EUR_per_kWh":0.03098,"EXR":11.634069,"time_start":"2024-11-04T05:00:00+01:00","time_end":"2024-11-04T06:00:00+01:00"},{"SEK_per_kWh":0.91711,"EUR_per_kWh":0.07883,"EXR":11.634069,"time_start":"2024-11-04T06:00:00+01:00","time_end":"2024-11-04T07:00:00+01:00"},{"SEK_per_kWh":1.42506,"EUR_per_kWh":0.12249,"EXR":11.634069,"time_start":"2024-11-04T07:00:00+01:00","time_end":"2024-11-04T08:00:00+01:00"},{"SEK_per_kWh":1.3499,"EUR_per_kWh":0.11603,"EXR":11.634069,"time_start":"2024-11-04T08:00:00+01:00","time_end":"2024-11-04T09:00:00+01:00"},{"SEK_per_kWh":1.19412,"EUR_per_kWh":0.10264,"EXR":11.634069,"time_start":"2024-11-04T09:00:00+01:00","time_end":"2024-11-04T10:00:00+01:00"},{"SEK_per_kWh":0.99157,"EUR_per_kWh":0.08523,"EXR":11.634069,"time_start":"2024-11-04T10:00:00+01:00","time_end":"2024-11-04T11:00:00+01:00"},{"SEK_per_kWh":0.97587,"EUR_per_kWh":0.08388,"EXR":11.634069,"time_start":"2024-11-04T11:00:00+01:00","time_end":"2024-11-04T12:00:00+01:00"},{"SEK_per_kWh":0.95202,"EUR_per_kWh":0.08183,"EXR":11.634069,"time_start":"2024-11-04T12:00:00+01:00","time_end":"2024-11-04T13:00:00+01:00"},{"SEK_per_kWh":1.02857,"EUR_per_kWh":0.08841,"EXR":11.634069,"time_start":"2024-11-04T13:00:00+01:00","time_end":"2024-11-04T14:00:00+01:00"},{"SEK_per_kWh":1.04253,"EUR_per_kWh":0.08961,"EXR":11.634069,"time_start":"2024-11-04T14:00:00+01:00","time_end":"2024-11-04T15:00:00+01:00"},{"SEK_per_kWh":1.35851,"EUR_per_kWh":0.11677,"EXR":11.634069,"time_start":"2024-11-04T15:00:00+01:00","time_end":"2024-11-04T16:00:00+01:00"},{"SEK_per_kWh":1.84691,"EUR_per_kWh":0.15875,"EXR":11.634069,"time_start":"2024-11-04T16:00:00+01:00","time_end":"2024-11-04T17:00:00+01:00"},{"SEK_per_kWh":2.81033,"EUR_per_kWh":0.24156,"EXR":11.634069,"time_start":"2024-11-04T17:00:00+01:00","time_end":"2024-11-04T18:00:00+01:00"},{"SEK_per_kWh":2.34985,"EUR_per_kWh":0.20198,"EXR":11.634069,"time_start":"2024-11-04T18:00:00+01:00","time_end":"2024-11-04T19:00:00+01:00"},{"SEK_per_kWh":1.55187,"EUR_per_kWh":0.13339,"EXR":11.634069,"time_start":"2024-11-04T19:00:00+01:00","time_end":"2024-11-04T20:00:00+01:00"},{"SEK_per_kWh":1.1641,"EUR_per_kWh":0.10006,"EXR":11.634069,"time_start":"2024-11-04T20:00:00+01:00","time_end":"2024-11-04T21:00:00+01:00"},{"SEK_per_kWh":1.0067,"EUR_per_kWh":0.08653,"EXR":11.634069,"time_start":"2024-11-04T21:00:00+01:00","time_end":"2024-11-04T22:00:00+01:00"},{"SEK_per_kWh":0.79147,"EUR_per_kWh":0.06803,"EXR":11.634069,"time_start":"2024-11-04T22:00:00+01:00","time_end":"2024-11-04T23:00:00+01:00"},{"SEK_per_kWh":0.46501,"EUR_per_kWh":0.03997,"EXR":11.634069,"time_start":"2024-11-04T23:00:00+01:00","time_end":"2024-11-05T00:00:00+01:00"}]'
  recorded_at: Thu, 20 Nov 2025 17:06:31 GMT
- request:
    method: get
    uri: https://www.elprisetjustnu.se/api/v1/prices/2024/11-05_SE3.json
    body:
      encoding: US-ASCII
      string: ''
    headers:
      Accept-Encoding:
      - gzip;q=1.0,deflate;q=0.6,identity;q=0.3
      Accept:
      - "*/*"
      User-Agent:
      - Ruby
  response:
    status:
      code: 200
      message: OK
    headers:
      Date:
      - Thu, 20 Nov 2025 17:06:31 GMT
      Content-Type:
      - application/json
      Transfer-Encoding:
      - chunked
      Connection:
      - keep-alive
      Server:
      - cloudflare
      Last-Modified:
      - Sat, 09 Aug 2025 09:46:47 GMT
      Vary:
      - Accept-Encoding
      Etag:
      - W/"68971907-d4a"
      Access-Control-Allow-Origin:
      - "*"
      Access-Control-Expose-Headers:
      - "*"
      Cache-Control:
      - public, max-age=604800
      Cross-Origin-Resource-Policy:
      - cross-origin
      Nel:
      - '{"report_to":"cf-nel","success_fraction":0.0,"max_age":604800}'
      Age:
      - '273027'
      Cf-Cache-Status:
      - HIT
      Report-To:
      - '{"group":"cf-nel","max_age":604800,"endpoints":[{"url":"https://a.nel.cloudflare.com/report/v4?s=zc3Stc1U%2Bl28MFjcmrlQPllpMlaaVL5nH22pez2AeEEm%2Baig6pPq6Bfi6LuG8uf1x2INhEPDTWnIr2QiU%2BAYKP2QrabBvb%2BuQB4r6OkQ6ynxq%2B%2FxGg%3D%3D"}]}'
      Cf-Ray:
      - 9a1989d5885595bd-ARN
      Alt-Svc:
      - h3=":443"; ma=86400
    body:
      encoding: ASCII-8BIT
      string: '[{"SEK_per_kWh":0.2506,"EUR_per_kWh":0.02154,"EXR":11.634069,"time_start":"2024-11-05T00:00:00+01:00","time_end":"2024-11-05T01:00:00+01:00"},{"SEK_per_kWh":0.07632,"EUR_per_kWh":0.00656,"EXR":11.634069,"time_start":"2024-11-05T01:00:00+01:00","time_end":"2024-11-05T02:00:00+01:00"},{"SEK_per_kWh":0.07388,"EUR_per_kWh":0.00635,"EXR":11.634069,"time_start":"2024-11-05T02:00:00+01:00","time_end":"2024-11-05T03:00:00+01:00"},{"SEK_per_kWh":0.06166,"EUR_per_kWh":0.0053,"EXR":11.634069,"time_start":"2024-11-05T03:00:00+01:00","time_end":"2024-11-05T04:00:00+01:00"},{"SEK_per_kWh":0.06457,"EUR_per_kWh":0.00555,"EXR":11.634069,"time_start":"2024-11-05T04:00:00+01:00","time_end":"2024-11-05T05:00:00+01:00"},{"SEK_per_kWh":0.45303,"EUR_per_kWh":0.03894,"EXR":11.634069,"time_start":"2024-11-05T05:00:00+01:00","time_end":"2024-11-05T06:00:00+01:00"},{"SEK_per_kWh":0.99576,"EUR_per_kWh":0.08559,"EXR":11.634069,"time_start":"2024-11-05T06:00:00+01:00","time_end":"2024-11-05T07:00:00+01:00"},{"SEK_per_kWh":1.4054,"EUR_per_kWh":0.1208,"EXR":11.634069,"time_start":"2024-11-05T07:00:00+01:00","time_end":"2024-11-05T08:00:00+01:00"},{"SEK_per_kWh":1.34583,"EUR_per_kWh":0.11568,"EXR":11.634069,"time_start":"2024-11-05T08:00:00+01:00","time_end":"2024-11-05T09:00:00+01:00"},{"SEK_per_kWh":1.14968,"EUR_per_kWh":0.09882,"EXR":11.634069,"time_start":"2024-11-05T09:00:00+01:00","time_end":"2024-11-05T10:00:00+01:00"},{"SEK_per_kWh":1.03078,"EUR_per_kWh":0.0886,"EXR":11.634069,"time_start":"2024-11-05T10:00:00+01:00","time_end":"2024-11-05T11:00:00+01:00"},{"SEK_per_kWh":0.92689,"EUR_per_kWh":0.07967,"EXR":11.634069,"time_start":"2024-11-05T11:00:00+01:00","time_end":"2024-11-05T12:00:00+01:00"},{"SEK_per_kWh":0.92456,"EUR_per_kWh":0.07947,"EXR":11.634069,"time_start":"2024-11-05T12:00:00+01:00","time_end":"2024-11-05T13:00:00+01:00"},{"SEK_per_kWh":0.94899,"EUR_per_kWh":0.08157,"EXR":11.634069,"time_start":"2024-11-05T13:00:00+01:00","time_end":"2024-11-05T14:00:00+01:00"},{"SEK_per_kWh":1.04148,"EUR_per_kWh":0.08952,"EXR":11.634069,"time_start":"2024-11-05T14:00:00+01:00","time_end":"2024-11-05T15:00:00+01:00"},{"SEK_per_kWh":1.25822,"EUR_per_kWh":0.10815,"EXR":11.634069,"time_start":"2024-11-05T15:00:00+01:00","time_end":"2024-11-05T16:00:00+01:00"},{"SEK_per_kWh":1.8155,"EUR_per_kWh":0.15605,"EXR":11.634069,"time_start":"2024-11-05T16:00:00+01:00","time_end":"2024-11-05T17:00:00+01:00"},{"SEK_per_kWh":2.51133,"EUR_per_kWh":0.21586,"EXR":11.634069,"time_start":"2024-11-05T17:00:00+01:00","time_end":"2024-11-05T18:00:00+01:00"},{"SEK_per_kWh":1.81887,"EUR_per_kWh":0.15634,"EXR":11.634069,"time_start":"2024-11-05T18:00:00+01:00","time_end":"2024-11-05T19:00:00+01:00"},{"SEK_per_kWh":1.01123,"EUR_per_kWh":0.08692,"EXR":11.634069,"time_start":"2024-11-05T19:00:00+01:00","time_end":"2024-11-05T20:00:00+01:00"},{"SEK_per_kWh":0.83509,"EUR_per_kWh":0.07178,"EXR":11.634069,"time_start":"2024-11-05T20:00:00+01:00","time_end":"2024-11-05T21:00:00+01:00"},{"SEK_per_kWh":0.79577,"EUR_per_kWh":0.0684,"EXR":11.634069,"time_start":"2024-11-05T21:00:00+01:00","time_end":"2024-11-05T22:00:00+01:00"},{"SEK_per_kWh":0.52202,"EUR_per_kWh":0.04487,"EXR":11.634069,"time_start":"2024-11-05T22:00:00+01:00","time_end":"2024-11-05T23:00:00+01:00"},{"SEK_per_kWh":0.28899,"EUR_per_kWh":0.02484,"EXR":11.634069,"time_start":"2024-11-05T23:00:00+01:00","time_end":"2024-11-06T00:00:00+01:00"}]'
  recorded_at: Thu, 20 Nov 2025 17:06:31 GMT
- request:
    method: get
    uri: https://www.elprisetjustnu.se/api/v1/prices/2024/11-06_SE3.json
    body:
      encoding: US-ASCII
      string: ''
    headers:
      Accept-Encoding:
      - gzip;q=1.0,deflate;q=0.6,identity;q=0.3
      Accept:
      - "*/*"
      User-Agent:
      - Ruby
  response:
    status:
      code: 200
      message: OK
    headers:
      Date:
      - Thu, 20 Nov 2025 17:06:31 GMT
      Content-Type:
      - application/json
      Transfer-Encoding:
      - chunked
      Connection:
      - keep-alive
      Server:
      - cloudflare
      Last-Modified:
      - Sat, 09 Aug 2025 09:48:00 GMT
      Vary:
      - Accept-Encoding
      Etag:
      - W/"68971950-d4a"
      Access-Control-Allow-Origin:
      - "*"
      Access-Control-Expose-Headers:
      - "*"
      Cache-Control:
      - public, max-age=604800
      Cross-Origin-Resource-Policy:
      - cross-origin
      Nel:
      - '{"report_to":"cf-nel","success_fraction":0.0,"max_age":604800}'
      Age:
      - '92733'
      Cf-Cache-Status:
      - HIT
      Report-To:
      - '{"group":"cf-nel","max_age":604800,"endpoints":[{"url":"https://a.nel.cloudflare.com/report/v4?s=S1ltvzNGPo39s%2BXc2wHFbkpQcFrQVLmAvu6JHL4zgsE7QwjVj2BnS5Rc0LNaWHWpWhgc7uJ7IiqJjTyNVqE9jr8IERLClAFwIPs%2FSROxRnutJREEqQ%3D%3D"}]}'
      Cf-Ray:
      - 9a1989d5ab501806-ARN
      Alt-Svc:
      - h3=":443"; ma=86400
    body:
      encoding: ASCII-8BIT
      string: '[{"SEK_per_kWh":0.12663,"EUR_per_kWh":0.01086,"EXR":11.660415,"time_start":"2024-11-06T00:00:00+01:00","time_end":"2024-11-06T01:00:00+01:00"},{"SEK_per_kWh":0.07404,"EUR_per_kWh":0.00635,"EXR":11.660415,"time_start":"2024-11-06T01:00:00+01:00","time_end":"2024-11-06T02:00:00+01:00"},{"SEK_per_kWh":0.07836,"EUR_per_kWh":0.00672,"EXR":11.660415,"time_start":"2024-11-06T02:00:00+01:00","time_end":"2024-11-06T03:00:00+01:00"},{"SEK_per_kWh":0.09235,"EUR_per_kWh":0.00792,"EXR":11.660415,"time_start":"2024-11-06T03:00:00+01:00","time_end":"2024-11-06T04:00:00+01:00"},{"SEK_per_kWh":0.09911,"EUR_per_kWh":0.0085,"EXR":11.660415,"time_start":"2024-11-06T04:00:00+01:00","time_end":"2024-11-06T05:00:00+01:00"},{"SEK_per_kWh":0.44741,"EUR_per_kWh":0.03837,"EXR":11.660415,"time_start":"2024-11-06T05:00:00+01:00","time_end":"2024-11-06T06:00:00+01:00"},{"SEK_per_kWh":0.64132,"EUR_per_kWh":0.055,"EXR":11.660415,"time_start":"2024-11-06T06:00:00+01:00","time_end":"2024-11-06T07:00:00+01:00"},{"SEK_per_kWh":1.82007,"EUR_per_kWh":0.15609,"EXR":11.660415,"time_start":"2024-11-06T07:00:00+01:00","time_end":"2024-11-06T08:00:00+01:00"},{"SEK_per_kWh":1.72259,"EUR_per_kWh":0.14773,"EXR":11.660415,"time_start":"2024-11-06T08:00:00+01:00","time_end":"2024-11-06T09:00:00+01:00"},{"SEK_per_kWh":1.29827,"EUR_per_kWh":0.11134,"EXR":11.660415,"time_start":"2024-11-06T09:00:00+01:00","time_end":"2024-11-06T10:00:00+01:00"},{"SEK_per_kWh":1.09899,"EUR_per_kWh":0.09425,"EXR":11.660415,"time_start":"2024-11-06T10:00:00+01:00","time_end":"2024-11-06T11:00:00+01:00"},{"SEK_per_kWh":0.9031,"EUR_per_kWh":0.07745,"EXR":11.660415,"time_start":"2024-11-06T11:00:00+01:00","time_end":"2024-11-06T12:00:00+01:00"},{"SEK_per_kWh":0.95977,"EUR_per_kWh":0.08231,"EXR":11.660415,"time_start":"2024-11-06T12:00:00+01:00","time_end":"2024-11-06T13:00:00+01:00"},{"SEK_per_kWh":1.18633,"EUR_per_kWh":0.10174,"EXR":11.660415,"time_start":"2024-11-06T13:00:00+01:00","time_end":"2024-11-06T14:00:00+01:00"},{"SEK_per_kWh":1.30737,"EUR_per_kWh":0.11212,"EXR":11.660415,"time_start":"2024-11-06T14:00:00+01:00","time_end":"2024-11-06T15:00:00+01:00"},{"SEK_per_kWh":1.38514,"EUR_per_kWh":0.11879,"EXR":11.660415,"time_start":"2024-11-06T15:00:00+01:00","time_end":"2024-11-06T16:00:00+01:00"},{"SEK_per_kWh":1.36648,"EUR_per_kWh":0.11719,"EXR":11.660415,"time_start":"2024-11-06T16:00:00+01:00","time_end":"2024-11-06T17:00:00+01:00"},{"SEK_per_kWh":2.36601,"EUR_per_kWh":0.20291,"EXR":11.660415,"time_start":"2024-11-06T17:00:00+01:00","time_end":"2024-11-06T18:00:00+01:00"},{"SEK_per_kWh":1.48157,"EUR_per_kWh":0.12706,"EXR":11.660415,"time_start":"2024-11-06T18:00:00+01:00","time_end":"2024-11-06T19:00:00+01:00"},{"SEK_per_kWh":1.08244,"EUR_per_kWh":0.09283,"EXR":11.660415,"time_start":"2024-11-06T19:00:00+01:00","time_end":"2024-11-06T20:00:00+01:00"},{"SEK_per_kWh":0.71665,"EUR_per_kWh":0.06146,"EXR":11.660415,"time_start":"2024-11-06T20:00:00+01:00","time_end":"2024-11-06T21:00:00+01:00"},{"SEK_per_kWh":0.58302,"EUR_per_kWh":0.05,"EXR":11.660415,"time_start":"2024-11-06T21:00:00+01:00","time_end":"2024-11-06T22:00:00+01:00"},{"SEK_per_kWh":0.52297,"EUR_per_kWh":0.04485,"EXR":11.660415,"time_start":"2024-11-06T22:00:00+01:00","time_end":"2024-11-06T23:00:00+01:00"},{"SEK_per_kWh":0.25058,"EUR_per_kWh":0.02149,"EXR":11.660415,"time_start":"2024-11-06T23:00:00+01:00","time_end":"2024-11-07T00:00:00+01:00"}]'
  recorded_at: Thu, 20 Nov 2025 17:06:31 GMT
- request:
    method: get
    uri: https://www.elprisetjustnu.se/api/v1/prices/2024/11-07_SE3.json
    body:
      encoding: US-ASCII
      string: ''
    headers:
      Accept-Encoding:
      - gzip;q=1.0,deflate;q=0.6,identity;q=0.3
      Accept:
      - "*/*"
      User-Agent:
      - Ruby
  response:
    status:
      code: 200
      message: OK
    headers:
      Date:
      - Thu, 20 Nov 2025 17:06:31 GMT
      Content-Type:
      - application/json
      Transfer-Encoding:
      - chunked
      Connection:
      - keep-alive
      Server:
      - cloudflare
      Last-Modified:
      - Sat, 09 Aug 2025 09:48:00 GMT
      Vary:
      - Accept-Encoding
      Etag:
      - W/"68971950-d4a"
      Access-Control-Allow-Origin:
      - "*"
      Access-Control-Expose-Headers:
      - "*"
      Cache-Control:
      - public, max-age=604800
      Cross-Origin-Resource-Policy:
      - cross-origin
      Nel:
      - '{"report_to":"cf-nel","success_fraction":0.0,"max_age":604800}'
      Age:
      - '273027'
      Cf-Cache-Status:
      - HIT
      Report-To:
      - '{"group":"cf-nel","max_age":604800,"endpoints":[{"url":"https://a.nel.cloudflare.com/report/v4?s=H3fPefpO%2BSppLAsJBUgMP1EogEeaVG92bNeE6xWyj1yMMoeSaZDwnTv8XudC%2BPWaydLsP29%2BeYixYBny%2BjltYoqCxerIDPv0hC2tD4DYzL8h1o0r4Q%3D%3D"}]}'
      Cf-Ray:
      - 9a1989d5cb125546-ARN
      Alt-Svc:
      - h3=":443"; ma=86400
    body:
      encoding: ASCII-8BIT
      string: '[{"SEK_per_kWh":0.07756,"EUR_per_kWh":0.00665,"EXR":11.662891,"time_start":"2024-11-07T00:00:00+01:00","time_end":"2024-11-07T01:00:00+01:00"},{"SEK_per_kWh":0.04677,"EUR_per_kWh":0.00401,"EXR":11.662891,"time_start":"2024-11-07T01:00:00+01:00","time_end":"2024-11-07T02:00:00+01:00"},{"SEK_per_kWh":0.02811,"EUR_per_kWh":0.00241,"EXR":11.662891,"time_start":"2024-11-07T02:00:00+01:00","time_end":"2024-11-07T03:00:00+01:00"},{"SEK_per_kWh":0.01435,"EUR_per_kWh":0.00123,"EXR":11.662891,"time_start":"2024-11-07T03:00:00+01:00","time_end":"2024-11-07T04:00:00+01:00"},{"SEK_per_kWh":0.03685,"EUR_per_kWh":0.00316,"EXR":11.662891,"time_start":"2024-11-07T04:00:00+01:00","time_end":"2024-11-07T05:00:00+01:00"},{"SEK_per_kWh":0.40808,"EUR_per_kWh":0.03499,"EXR":11.662891,"time_start":"2024-11-07T05:00:00+01:00","time_end":"2024-11-07T06:00:00+01:00"},{"SEK_per_kWh":0.53194,"EUR_per_kWh":0.04561,"EXR":11.662891,"time_start":"2024-11-07T06:00:00+01:00","time_end":"2024-11-07T07:00:00+01:00"},{"SEK_per_kWh":0.8746,"EUR_per_kWh":0.07499,"EXR":11.662891,"time_start":"2024-11-07T07:00:00+01:00","time_end":"2024-11-07T08:00:00+01:00"},{"SEK_per_kWh":1.15253,"EUR_per_kWh":0.09882,"EXR":11.662891,"time_start":"2024-11-07T08:00:00+01:00","time_end":"2024-11-07T09:00:00+01:00"},{"SEK_per_kWh":0.95706,"EUR_per_kWh":0.08206,"EXR":11.662891,"time_start":"2024-11-07T09:00:00+01:00","time_end":"2024-11-07T10:00:00+01:00"},{"SEK_per_kWh":0.89489,"EUR_per_kWh":0.07673,"EXR":11.662891,"time_start":"2024-11-07T10:00:00+01:00","time_end":"2024-11-07T11:00:00+01:00"},{"SEK_per_kWh":0.86679,"EUR_per_kWh":0.07432,"EXR":11.662891,"time_start":"2024-11-07T11:00:00+01:00","time_end":"2024-11-07T12:00:00+01:00"},{"SEK_per_kWh":0.88393,"EUR_per_kWh":0.07579,"EXR":11.662891,"time_start":"2024-11-07T12:00:00+01:00","time_end":"2024-11-07T13:00:00+01:00"},{"SEK_per_kWh":0.85664,"EUR_per_kWh":0.07345,"EXR":11.662891,"time_start":"2024-11-07T13:00:00+01:00","time_end":"2024-11-07T14:00:00+01:00"},{"SEK_per_kWh":0.81687,"EUR_per_kWh":0.07004,"EXR":11.662891,"time_start":"2024-11-07T14:00:00+01:00","time_end":"2024-11-07T15:00:00+01:00"},{"SEK_per_kWh":1.10133,"EUR_per_kWh":0.09443,"EXR":11.662891,"time_start":"2024-11-07T15:00:00+01:00","time_end":"2024-11-07T16:00:00+01:00"},{"SEK_per_kWh":1.41879,"EUR_per_kWh":0.12165,"EXR":11.662891,"time_start":"2024-11-07T16:00:00+01:00","time_end":"2024-11-07T17:00:00+01:00"},{"SEK_per_kWh":2.12148,"EUR_per_kWh":0.1819,"EXR":11.662891,"time_start":"2024-11-07T17:00:00+01:00","time_end":"2024-11-07T18:00:00+01:00"},{"SEK_per_kWh":1.34123,"EUR_per_kWh":0.115,"EXR":11.662891,"time_start":"2024-11-07T18:00:00+01:00","time_end":"2024-11-07T19:00:00+01:00"},{"SEK_per_kWh":1.20594,"EUR_per_kWh":0.1034,"EXR":11.662891,"time_start":"2024-11-07T19:00:00+01:00","time_end":"2024-11-07T20:00:00+01:00"},{"SEK_per_kWh":0.91822,"EUR_per_kWh":0.07873,"EXR":11.662891,"time_start":"2024-11-07T20:00:00+01:00","time_end":"2024-11-07T21:00:00+01:00"},{"SEK_per_kWh":0.85022,"EUR_per_kWh":0.0729,"EXR":11.662891,"time_start":"2024-11-07T21:00:00+01:00","time_end":"2024-11-07T22:00:00+01:00"},{"SEK_per_kWh":0.55959,"EUR_per_kWh":0.04798,"EXR":11.662891,"time_start":"2024-11-07T22:00:00+01:00","time_end":"2024-11-07T23:00:00+01:00"},{"SEK_per_kWh":0.4727,"EUR_per_kWh":0.04053,"EXR":11.662891,"time_start":"2024-11-07T23:00:00+01:00","time_end":"2024-11-08T00:00:00+01:00"}]'
  recorded_at: Thu, 20 Nov 2025 17:06:31 GMT
- request:
    method: get
    uri: https://www.elprisetjustnu.se/api/v1/prices/2024/11-08_SE3.json
    body:
      encoding: US-ASCII
      string: ''
    headers:
      Accept-Encoding:
      - gzip;q=1.0,deflate;q=0.6,identity;q=0.3
      Accept:
      - "*/*"
      User-Agent:
      - Ruby
  response:
    status:
      code: 200
      message: OK
    headers:
      Date:
      - Thu, 20 Nov 2025 17:06:31 GMT
      Content-Type:
      - application/json
      Transfer-Encoding:
      - chunked
      Connection:
      - keep-alive
      Server:
      - cloudflare
      Last-Modified:
      - Sat, 09 Aug 2025 09:47:31 GMT
      Vary:
      - Accept-Encoding
      Etag:
      - W/"68971933-d50"
      Access-Control-Allow-Origin:
      - "*"
      Access-Control-Expose-Headers:
      - "*"
      Cache-Control:
      - public, max-age=604800
      Cross-Origin-Resource-Policy:
      - cross-origin
      Nel:
      - '{"report_to":"cf-nel","success_fraction":0.0,"max_age":604800}'
      Age:
      - '1007'
      Cf-Cache-Status:
      - HIT
      Report-To:
      - '{"group":"cf-nel","max_age":604800,"endpoints":[{"url":"https://a.nel.cloudflare.com/report/v4?s=LNkh7KZC4Gtxbyt3%2F2nT0NwaAEb0ql%2BSzvNtogZ2J3S6DDFcenXamv%2FYu%2B%2BokiIZykdgLSH7mjtlRId5THYzPrzi50BKHiQt4J5avWsATSWzZxR21Q%3D%3D"}]}'
      Cf-Ray:
      - 9a1989d5ebcb1806-ARN
      Alt-Svc:
      - h3=":443"; ma=86400
    body:
      encoding: ASCII-8BIT
      string: '[{"SEK_per_kWh":0.33989,"EUR_per_kWh":0.02923,"EXR":11.628158,"time_start":"2024-11-08T00:00:00+01:00","time_end":"2024-11-08T01:00:00+01:00"},{"SEK_per_kWh":0.30361,"EUR_per_kWh":0.02611,"EXR":11.628158,"time_start":"2024-11-08T01:00:00+01:00","time_end":"2024-11-08T02:00:00+01:00"},{"SEK_per_kWh":0.09314,"EUR_per_kWh":0.00801,"EXR":11.628158,"time_start":"2024-11-08T02:00:00+01:00","time_end":"2024-11-08T03:00:00+01:00"},{"SEK_per_kWh":0.09314,"EUR_per_kWh":0.00801,"EXR":11.628158,"time_start":"2024-11-08T03:00:00+01:00","time_end":"2024-11-08T04:00:00+01:00"},{"SEK_per_kWh":0.07384,"EUR_per_kWh":0.00635,"EXR":11.628158,"time_start":"2024-11-08T04:00:00+01:00","time_end":"2024-11-08T05:00:00+01:00"},{"SEK_per_kWh":0.32605,"EUR_per_kWh":0.02804,"EXR":11.628158,"time_start":"2024-11-08T05:00:00+01:00","time_end":"2024-11-08T06:00:00+01:00"},{"SEK_per_kWh":0.46734,"EUR_per_kWh":0.04019,"EXR":11.628158,"time_start":"2024-11-08T06:00:00+01:00","time_end":"2024-11-08T07:00:00+01:00"},{"SEK_per_kWh":0.59722,"EUR_per_kWh":0.05136,"EXR":11.628158,"time_start":"2024-11-08T07:00:00+01:00","time_end":"2024-11-08T08:00:00+01:00"},{"SEK_per_kWh":0.62548,"EUR_per_kWh":0.05379,"EXR":11.628158,"time_start":"2024-11-08T08:00:00+01:00","time_end":"2024-11-08T09:00:00+01:00"},{"SEK_per_kWh":0.59466,"EUR_per_kWh":0.05114,"EXR":11.628158,"time_start":"2024-11-08T09:00:00+01:00","time_end":"2024-11-08T10:00:00+01:00"},{"SEK_per_kWh":0.5471,"EUR_per_kWh":0.04705,"EXR":11.628158,"time_start":"2024-11-08T10:00:00+01:00","time_end":"2024-11-08T11:00:00+01:00"},{"SEK_per_kWh":0.51792,"EUR_per_kWh":0.04454,"EXR":11.628158,"time_start":"2024-11-08T11:00:00+01:00","time_end":"2024-11-08T12:00:00+01:00"},{"SEK_per_kWh":0.48443,"EUR_per_kWh":0.04166,"EXR":11.628158,"time_start":"2024-11-08T12:00:00+01:00","time_end":"2024-11-08T13:00:00+01:00"},{"SEK_per_kWh":0.49513,"EUR_per_kWh":0.04258,"EXR":11.628158,"time_start":"2024-11-08T13:00:00+01:00","time_end":"2024-11-08T14:00:00+01:00"},{"SEK_per_kWh":0.48408,"EUR_per_kWh":0.04163,"EXR":11.628158,"time_start":"2024-11-08T14:00:00+01:00","time_end":"2024-11-08T15:00:00+01:00"},{"SEK_per_kWh":0.48094,"EUR_per_kWh":0.04136,"EXR":11.628158,"time_start":"2024-11-08T15:00:00+01:00","time_end":"2024-11-08T16:00:00+01:00"},{"SEK_per_kWh":0.62025,"EUR_per_kWh":0.05334,"EXR":11.628158,"time_start":"2024-11-08T16:00:00+01:00","time_end":"2024-11-08T17:00:00+01:00"},{"SEK_per_kWh":0.62106,"EUR_per_kWh":0.05341,"EXR":11.628158,"time_start":"2024-11-08T17:00:00+01:00","time_end":"2024-11-08T18:00:00+01:00"},{"SEK_per_kWh":0.50222,"EUR_per_kWh":0.04319,"EXR":11.628158,"time_start":"2024-11-08T18:00:00+01:00","time_end":"2024-11-08T19:00:00+01:00"},{"SEK_per_kWh":0.39571,"EUR_per_kWh":0.03403,"EXR":11.628158,"time_start":"2024-11-08T19:00:00+01:00","time_end":"2024-11-08T20:00:00+01:00"},{"SEK_per_kWh":0.23617,"EUR_per_kWh":0.02031,"EXR":11.628158,"time_start":"2024-11-08T20:00:00+01:00","time_end":"2024-11-08T21:00:00+01:00"},{"SEK_per_kWh":0.22919,"EUR_per_kWh":0.01971,"EXR":11.628158,"time_start":"2024-11-08T21:00:00+01:00","time_end":"2024-11-08T22:00:00+01:00"},{"SEK_per_kWh":0.22582,"EUR_per_kWh":0.01942,"EXR":11.628158,"time_start":"2024-11-08T22:00:00+01:00","time_end":"2024-11-08T23:00:00+01:00"},{"SEK_per_kWh":0.21966,"EUR_per_kWh":0.01889,"EXR":11.628158,"time_start":"2024-11-08T23:00:00+01:00","time_end":"2024-11-09T00:00:00+01:00"}]'
  recorded_at: Thu, 20 Nov 2025 17:06:31 GMT
- request:
    method: get
    uri: https://www.elprisetjustnu.se/api/v1/prices/2024/11-09_SE3.json
    body:
      encoding: US-ASCII
      string: ''
    headers:
      Accept-Encoding:
      - gzip;q=1.0,deflate;q=0.6,identity;q=0.3
      Accept:
      - "*/*"
      User-Agent:
      - Ruby
  response:
    status:
      code: 200
      message: OK
    headers:
      Date:
      - Thu, 20 Nov 2025 17:06:32 GMT
      Content-Type:
      - application/json
      Transfer-Encoding:
      - chunked
      Connection:
      - keep-alive
      Server:
      - cloudflare
      Last-Modified:
      - Sat, 09 Aug 2025 09:47:31 GMT
      Vary:
      - Accept-Encoding
      Etag:
      - W/"68971933-d4d"
      Access-Control-Allow-Origin:
      - "*"
      Access-Control-Expose-Headers:
      - "*"
      Cache-Control:
      - public, max-age=604800
      Cross-Origin-Resource-Policy:
      - cross-origin
      Nel:
      - '{"report_to":"cf-nel","success_fraction":0.0,"max_age":604800}'
      Age:
      - '92733'
      Cf-Cache-Status:
      - HIT
      Report-To:
      - '{"group":"cf-nel","max_age":604800,"endpoints":[{"url":"https://a.nel.cloudflare.com/report/v4?s=yOdjMbs3b3S95%2FaYhmDx%2FpL%2BW4yb3nED4t6rMtNQHVaOlhb9TDVBVkBCtO4krxDvlU%2Ftn5yyKrL%2FI1Rswo%2BMS6NuRIN4sl9xI%2FN1QFJGYX0ni362CA%3D%3D"}]}'
      Cf-Ray:
      - 9a1989d608b45cc8-ARN
      Alt-Svc:
      - h3=":443"; ma=86400
    body:
      encoding: ASCII-8BIT
      string: '[{"SEK_per_kWh":0.31429,"EUR_per_kWh":0.02718,"EXR":11.563326,"time_start":"2024-11-09T00:00:00+01:00","time_end":"2024-11-09T01:00:00+01:00"},{"SEK_per_kWh":0.15564,"EUR_per_kWh":0.01346,"EXR":11.563326,"time_start":"2024-11-09T01:00:00+01:00","time_end":"2024-11-09T02:00:00+01:00"},{"SEK_per_kWh":0.1154,"EUR_per_kWh":0.00998,"EXR":11.563326,"time_start":"2024-11-09T02:00:00+01:00","time_end":"2024-11-09T03:00:00+01:00"},{"SEK_per_kWh":0.12003,"EUR_per_kWh":0.01038,"EXR":11.563326,"time_start":"2024-11-09T03:00:00+01:00","time_end":"2024-11-09T04:00:00+01:00"},{"SEK_per_kWh":0.10395,"EUR_per_kWh":0.00899,"EXR":11.563326,"time_start":"2024-11-09T04:00:00+01:00","time_end":"2024-11-09T05:00:00+01:00"},{"SEK_per_kWh":0.35881,"EUR_per_kWh":0.03103,"EXR":11.563326,"time_start":"2024-11-09T05:00:00+01:00","time_end":"2024-11-09T06:00:00+01:00"},{"SEK_per_kWh":0.51989,"EUR_per_kWh":0.04496,"EXR":11.563326,"time_start":"2024-11-09T06:00:00+01:00","time_end":"2024-11-09T07:00:00+01:00"},{"SEK_per_kWh":0.54533,"EUR_per_kWh":0.04716,"EXR":11.563326,"time_start":"2024-11-09T07:00:00+01:00","time_end":"2024-11-09T08:00:00+01:00"},{"SEK_per_kWh":0.5932,"EUR_per_kWh":0.0513,"EXR":11.563326,"time_start":"2024-11-09T08:00:00+01:00","time_end":"2024-11-09T09:00:00+01:00"},{"SEK_per_kWh":0.62384,"EUR_per_kWh":0.05395,"EXR":11.563326,"time_start":"2024-11-09T09:00:00+01:00","time_end":"2024-11-09T10:00:00+01:00"},{"SEK_per_kWh":0.77289,"EUR_per_kWh":0.06684,"EXR":11.563326,"time_start":"2024-11-09T10:00:00+01:00","time_end":"2024-11-09T11:00:00+01:00"},{"SEK_per_kWh":0.68628,"EUR_per_kWh":0.05935,"EXR":11.563326,"time_start":"2024-11-09T11:00:00+01:00","time_end":"2024-11-09T12:00:00+01:00"},{"SEK_per_kWh":0.74537,"EUR_per_kWh":0.06446,"EXR":11.563326,"time_start":"2024-11-09T12:00:00+01:00","time_end":"2024-11-09T13:00:00+01:00"},{"SEK_per_kWh":0.79301,"EUR_per_kWh":0.06858,"EXR":11.563326,"time_start":"2024-11-09T13:00:00+01:00","time_end":"2024-11-09T14:00:00+01:00"},{"SEK_per_kWh":0.80932,"EUR_per_kWh":0.06999,"EXR":11.563326,"time_start":"2024-11-09T14:00:00+01:00","time_end":"2024-11-09T15:00:00+01:00"},{"SEK_per_kWh":1.0821,"EUR_per_kWh":0.09358,"EXR":11.563326,"time_start":"2024-11-09T15:00:00+01:00","time_end":"2024-11-09T16:00:00+01:00"},{"SEK_per_kWh":1.23462,"EUR_per_kWh":0.10677,"EXR":11.563326,"time_start":"2024-11-09T16:00:00+01:00","time_end":"2024-11-09T17:00:00+01:00"},{"SEK_per_kWh":1.30839,"EUR_per_kWh":0.11315,"EXR":11.563326,"time_start":"2024-11-09T17:00:00+01:00","time_end":"2024-11-09T18:00:00+01:00"},{"SEK_per_kWh":1.31394,"EUR_per_kWh":0.11363,"EXR":11.563326,"time_start":"2024-11-09T18:00:00+01:00","time_end":"2024-11-09T19:00:00+01:00"},{"SEK_per_kWh":1.31209,"EUR_per_kWh":0.11347,"EXR":11.563326,"time_start":"2024-11-09T19:00:00+01:00","time_end":"2024-11-09T20:00:00+01:00"},{"SEK_per_kWh":1.29764,"EUR_per_kWh":0.11222,"EXR":11.563326,"time_start":"2024-11-09T20:00:00+01:00","time_end":"2024-11-09T21:00:00+01:00"},{"SEK_per_kWh":1.20305,"EUR_per_kWh":0.10404,"EXR":11.563326,"time_start":"2024-11-09T21:00:00+01:00","time_end":"2024-11-09T22:00:00+01:00"},{"SEK_per_kWh":1.06984,"EUR_per_kWh":0.09252,"EXR":11.563326,"time_start":"2024-11-09T22:00:00+01:00","time_end":"2024-11-09T23:00:00+01:00"},{"SEK_per_kWh":1.06718,"EUR_per_kWh":0.09229,"EXR":11.563326,"time_start":"2024-11-09T23:00:00+01:00","time_end":"2024-11-10T00:00:00+01:00"}]'
  recorded_at: Thu, 20 Nov 2025 17:06:31 GMT
- request:
    method: get
    uri: https://www.elprisetjustnu.se/api/v1/prices/2024/11-10_SE3.json
    body:
      encoding: US-ASCII
      string: ''
    headers:
      Accept-Encoding:
      - gzip;q=1.0,deflate;q=0.6,identity;q=0.3
      Accept:
      - "*/*"
      User-Agent:
      - Ruby
  response:
    status:
      code: 200
      message: OK
    headers:
      Date:
      - Thu, 20 Nov 2025 17:06:32 GMT
      Content-Type:
      - application/json
      Transfer-Encoding:
      - chunked
      Connection:
      - keep-alive
      Server:
      - cloudflare
      Last-Modified:
      - Sat, 09 Aug 2025 09:47:45 GMT
      Vary:
      - Accept-Encoding
      Etag:
      - W/"68971941-d4e"
      Access-Control-Allow-Origin:
      - "*"
      Access-Control-Expose-Headers:
      - "*"
      Cache-Control:
      - public, max-age=604800
      Cross-Origin-Resource-Policy:
      - cross-origin
      Nel:
      - '{"report_to":"cf-nel","success_fraction":0.0,"max_age":604800}'
      Age:
      - '1007'
      Cf-Cache-Status:
      - HIT
      Report-To:
      - '{"group":"cf-nel","max_age":604800,"endpoints":[{"url":"https://a.nel.cloudflare.com/report/v4?s=R1HtM9fnNXIU2zSHZS5gs3pzneRsBO%2BNJVpIYk9tX6Jo41ntBcld%2FWp2vtkYMFKgYGY6aYTEIKKyXhIj%2Bn9GTIvZauRuw%2B9e5sbrBa%2Fp86K19tw%3D"}]}'
      Cf-Ray:
      - 9a1989d63bfa70d7-ARN
      Alt-Svc:
      - h3=":443"; ma=86400
    body:
      encoding: ASCII-8BIT
      string: '[{"SEK_per_kWh":0.73349,"EUR_per_kWh":0.06326,"EXR":11.594849,"time_start":"2024-11-10T00:00:00+01:00","time_end":"2024-11-10T01:00:00+01:00"},{"SEK_per_kWh":0.62009,"EUR_per_kWh":0.05348,"EXR":11.594849,"time_start":"2024-11-10T01:00:00+01:00","time_end":"2024-11-10T02:00:00+01:00"},{"SEK_per_kWh":0.61372,"EUR_per_kWh":0.05293,"EXR":11.594849,"time_start":"2024-11-10T02:00:00+01:00","time_end":"2024-11-10T03:00:00+01:00"},{"SEK_per_kWh":0.58032,"EUR_per_kWh":0.05005,"EXR":11.594849,"time_start":"2024-11-10T03:00:00+01:00","time_end":"2024-11-10T04:00:00+01:00"},{"SEK_per_kWh":0.60931,"EUR_per_kWh":0.05255,"EXR":11.594849,"time_start":"2024-11-10T04:00:00+01:00","time_end":"2024-11-10T05:00:00+01:00"},{"SEK_per_kWh":0.81094,"EUR_per_kWh":0.06994,"EXR":11.594849,"time_start":"2024-11-10T05:00:00+01:00","time_end":"2024-11-10T06:00:00+01:00"},{"SEK_per_kWh":0.79483,"EUR_per_kWh":0.06855,"EXR":11.594849,"time_start":"2024-11-10T06:00:00+01:00","time_end":"2024-11-10T07:00:00+01:00"},{"SEK_per_kWh":0.8266,"EUR_per_kWh":0.07129,"EXR":11.594849,"time_start":"2024-11-10T07:00:00+01:00","time_end":"2024-11-10T08:00:00+01:00"},{"SEK_per_kWh":0.93965,"EUR_per_kWh":0.08104,"EXR":11.594849,"time_start":"2024-11-10T08:00:00+01:00","time_end":"2024-11-10T09:00:00+01:00"},{"SEK_per_kWh":1.00237,"EUR_per_kWh":0.08645,"EXR":11.594849,"time_start":"2024-11-10T09:00:00+01:00","time_end":"2024-11-10T10:00:00+01:00"},{"SEK_per_kWh":1.01362,"EUR_per_kWh":0.08742,"EXR":11.594849,"time_start":"2024-11-10T10:00:00+01:00","time_end":"2024-11-10T11:00:00+01:00"},{"SEK_per_kWh":1.05316,"EUR_per_kWh":0.09083,"EXR":11.594849,"time_start":"2024-11-10T11:00:00+01:00","time_end":"2024-11-10T12:00:00+01:00"},{"SEK_per_kWh":1.02255,"EUR_per_kWh":0.08819,"EXR":11.594849,"time_start":"2024-11-10T12:00:00+01:00","time_end":"2024-11-10T13:00:00+01:00"},{"SEK_per_kWh":0.97118,"EUR_per_kWh":0.08376,"EXR":11.594849,"time_start":"2024-11-10T13:00:00+01:00","time_end":"2024-11-10T14:00:00+01:00"},{"SEK_per_kWh":1.02835,"EUR_per_kWh":0.08869,"EXR":11.594849,"time_start":"2024-11-10T14:00:00+01:00","time_end":"2024-11-10T15:00:00+01:00"},{"SEK_per_kWh":1.12157,"EUR_per_kWh":0.09673,"EXR":11.594849,"time_start":"2024-11-10T15:00:00+01:00","time_end":"2024-11-10T16:00:00+01:00"},{"SEK_per_kWh":1.22302,"EUR_per_kWh":0.10548,"EXR":11.594849,"time_start":"2024-11-10T16:00:00+01:00","time_end":"2024-11-10T17:00:00+01:00"},{"SEK_per_kWh":1.36355,"EUR_per_kWh":0.1176,"EXR":11.594849,"time_start":"2024-11-10T17:00:00+01:00","time_end":"2024-11-10T18:00:00+01:00"},{"SEK_per_kWh":1.30048,"EUR_per_kWh":0.11216,"EXR":11.594849,"time_start":"2024-11-10T18:00:00+01:00","time_end":"2024-11-10T19:00:00+01:00"},{"SEK_per_kWh":1.20018,"EUR_per_kWh":0.10351,"EXR":11.594849,"time_start":"2024-11-10T19:00:00+01:00","time_end":"2024-11-10T20:00:00+01:00"},{"SEK_per_kWh":1.0491,"EUR_per_kWh":0.09048,"EXR":11.594849,"time_start":"2024-11-10T20:00:00+01:00","time_end":"2024-11-10T21:00:00+01:00"},{"SEK_per_kWh":1.02069,"EUR_per_kWh":0.08803,"EXR":11.594849,"time_start":"2024-11-10T21:00:00+01:00","time_end":"2024-11-10T22:00:00+01:00"},{"SEK_per_kWh":0.85269,"EUR_per_kWh":0.07354,"EXR":11.594849,"time_start":"2024-11-10T22:00:00+01:00","time_end":"2024-11-10T23:00:00+01:00"},{"SEK_per_kWh":0.74427,"EUR_per_kWh":0.06419,"EXR":11.594849,"time_start":"2024-11-10T23:00:00+01:00","time_end":"2024-11-11T00:00:00+01:00"}]'
  recorded_at: Thu, 20 Nov 2025 17:06:31 GMT
- request:
    method: get
    uri: https://www.elprisetjustnu.se/api/v1/prices/2024/11-11_SE3.json
    body:
      encoding: US-ASCII
      string: ''
    headers:
      Accept-Encoding:
      - gzip;q=1.0,deflate;q=0.6,identity;q=0.3
      Accept:
      - "*/*"
      User-Agent:
      - Ruby
  response:
    status:
      code: 200
      message: OK
    headers:
      Date:
      - Thu, 20 Nov 2025 17:06:32 GMT
      Content-Type:
      - application/json
      Transfer-Encoding:
      - chunked
      Connection:
      - keep-alive
      Server:
      - cloudflare
      Last-Modified:
      - Sat, 09 Aug 2025 09:47:45 GMT
      Vary:
      - Accept-Encoding
      Etag:
      - W/"68971941-d4f"
      Access-Control-Allow-Origin:
      - "*"
      Access-Control-Expose-Headers:
      - "*"
      Cache-Control:
      - public, max-age=604800
      Cross-Origin-Resource-Policy:
      - cross-origin
      Nel:
      - '{"report_to":"cf-nel","success_fraction":0.0,"max_age":604800}'
      Age:
      - '92733'
      Cf-Cache-Status:
      - HIT
      Report-To:
      - '{"group":"cf-nel","max_age":604800,"endpoints":[{"url":"https://a.nel.cloudflare.com/report/v4?s=2rXPYdiYSnqhf%2FNUoWoGL25HGCGpHtLx7RMjmciFDcB3oC506XvmPM768S0GOYvjCjpajlHg4BJUQ%2BTnCzw005LqMOLzYyCHX00IWaBii7i%2B2Xv9dg%3D%3D"}]}'
      Cf-Ray:
      - 9a1989d65a1843fc-ARN
      Alt-Svc:
      - h3=":443"; ma=86400
    body:
      encoding: ASCII-8BIT
      string: '[{"SEK_per_kWh":0.68085,"EUR_per_kWh":0.05872,"EXR":11.594849,"time_start":"2024-11-11T00:00:00+01:00","time_end":"2024-11-11T01:00:00+01:00"},{"SEK_per_kWh":0.65511,"EUR_per_kWh":0.0565,"EXR":11.594849,"time_start":"2024-11-11T01:00:00+01:00","time_end":"2024-11-11T02:00:00+01:00"},{"SEK_per_kWh":0.61893,"EUR_per_kWh":0.05338,"EXR":11.594849,"time_start":"2024-11-11T02:00:00+01:00","time_end":"2024-11-11T03:00:00+01:00"},{"SEK_per_kWh":0.61487,"EUR_per_kWh":0.05303,"EXR":11.594849,"time_start":"2024-11-11T03:00:00+01:00","time_end":"2024-11-11T04:00:00+01:00"},{"SEK_per_kWh":0.63679,"EUR_per_kWh":0.05492,"EXR":11.594849,"time_start":"2024-11-11T04:00:00+01:00","time_end":"2024-11-11T05:00:00+01:00"},{"SEK_per_kWh":0.81338,"EUR_per_kWh":0.07015,"EXR":11.594849,"time_start":"2024-11-11T05:00:00+01:00","time_end":"2024-11-11T06:00:00+01:00"},{"SEK_per_kWh":1.03171,"EUR_per_kWh":0.08898,"EXR":11.594849,"time_start":"2024-11-11T06:00:00+01:00","time_end":"2024-11-11T07:00:00+01:00"},{"SEK_per_kWh":1.34755,"EUR_per_kWh":0.11622,"EXR":11.594849,"time_start":"2024-11-11T07:00:00+01:00","time_end":"2024-11-11T08:00:00+01:00"},{"SEK_per_kWh":1.42814,"EUR_per_kWh":0.12317,"EXR":11.594849,"time_start":"2024-11-11T08:00:00+01:00","time_end":"2024-11-11T09:00:00+01:00"},{"SEK_per_kWh":1.28227,"EUR_per_kWh":0.11059,"EXR":11.594849,"time_start":"2024-11-11T09:00:00+01:00","time_end":"2024-11-11T10:00:00+01:00"},{"SEK_per_kWh":1.24262,"EUR_per_kWh":0.10717,"EXR":11.594849,"time_start":"2024-11-11T10:00:00+01:00","time_end":"2024-11-11T11:00:00+01:00"},{"SEK_per_kWh":1.18882,"EUR_per_kWh":0.10253,"EXR":11.594849,"time_start":"2024-11-11T11:00:00+01:00","time_end":"2024-11-11T12:00:00+01:00"},{"SEK_per_kWh":1.15137,"EUR_per_kWh":0.0993,"EXR":11.594849,"time_start":"2024-11-11T12:00:00+01:00","time_end":"2024-11-11T13:00:00+01:00"},{"SEK_per_kWh":1.17838,"EUR_per_kWh":0.10163,"EXR":11.594849,"time_start":"2024-11-11T13:00:00+01:00","time_end":"2024-11-11T14:00:00+01:00"},{"SEK_per_kWh":1.21236,"EUR_per_kWh":0.10456,"EXR":11.594849,"time_start":"2024-11-11T14:00:00+01:00","time_end":"2024-11-11T15:00:00+01:00"},{"SEK_per_kWh":1.28459,"EUR_per_kWh":0.11079,"EXR":11.594849,"time_start":"2024-11-11T15:00:00+01:00","time_end":"2024-11-11T16:00:00+01:00"},{"SEK_per_kWh":1.33271,"EUR_per_kWh":0.11494,"EXR":11.594849,"time_start":"2024-11-11T16:00:00+01:00","time_end":"2024-11-11T17:00:00+01:00"},{"SEK_per_kWh":1.49736,"EUR_per_kWh":0.12914,"EXR":11.594849,"time_start":"2024-11-11T17:00:00+01:00","time_end":"2024-11-11T18:00:00+01:00"},{"SEK_per_kWh":1.40866,"EUR_per_kWh":0.12149,"EXR":11.594849,"time_start":"2024-11-11T18:00:00+01:00","time_end":"2024-11-11T19:00:00+01:00"},{"SEK_per_kWh":1.25746,"EUR_per_kWh":0.10845,"EXR":11.594849,"time_start":"2024-11-11T19:00:00+01:00","time_end":"2024-11-11T20:00:00+01:00"},{"SEK_per_kWh":1.19705,"EUR_per_kWh":0.10324,"EXR":11.594849,"time_start":"2024-11-11T20:00:00+01:00","time_end":"2024-11-11T21:00:00+01:00"},{"SEK_per_kWh":1.10534,"EUR_per_kWh":0.09533,"EXR":11.594849,"time_start":"2024-11-11T21:00:00+01:00","time_end":"2024-11-11T22:00:00+01:00"},{"SEK_per_kWh":1.06383,"EUR_per_kWh":0.09175,"EXR":11.594849,"time_start":"2024-11-11T22:00:00+01:00","time_end":"2024-11-11T23:00:00+01:00"},{"SEK_per_kWh":0.91634,"EUR_per_kWh":0.07903,"EXR":11.594849,"time_start":"2024-11-11T23:00:00+01:00","time_end":"2024-11-12T00:00:00+01:00"}]'
  recorded_at: Thu, 20 Nov 2025 17:06:32 GMT
- request:
    method: get
    uri: https://www.elprisetjustnu.se/api/v1/prices/2024/11-12_SE3.json
    body:
      encoding: US-ASCII
      string: ''
    headers:
      Accept-Encoding:
      - gzip;q=1.0,deflate;q=0.6,identity;q=0.3
      Accept:
      - "*/*"
      User-Agent:
      - Ruby
  response:
    status:
      code: 200
      message: OK
    headers:
      Date:
      - Thu, 20 Nov 2025 17:06:32 GMT
      Content-Type:
      - application/json
      Transfer-Encoding:
      - chunked
      Connection:
      - keep-alive
      Server:
      - cloudflare
      Last-Modified:
      - Sat, 09 Aug 2025 09:47:05 GMT
      Vary:
      - Accept-Encoding
      Etag:
      - W/"68971919-d4d"
      Access-Control-Allow-Origin:
      - "*"
      Access-Control-Expose-Headers:
      - "*"
      Cache-Control:
      - public, max-age=604800
      Cross-Origin-Resource-Policy:
      - cross-origin
      Nel:
      - '{"report_to":"cf-nel","success_fraction":0.0,"max_age":604800}'
      Age:
      - '92733'
      Cf-Cache-Status:
      - HIT
      Report-To:
      - '{"group":"cf-nel","max_age":604800,"endpoints":[{"url":"https://a.nel.cloudflare.com/report/v4?s=pWIqS4gYhvXXz2eldCC%2Bm%2BgwSKaIe818%2BRqDTk4JcLPFkcsANPQrYaYEHSKlIr7wSxuPnviu%2BQ8%2BrgHDnpIjfX7gmA744yc%2FOuGt8jCSBmdqzCcMkw%3D%3D"}]}'
      Cf-Ray:
      - 9a1989d67c4cbc80-ARN
      Alt-Svc:
      - h3=":443"; ma=86400
    body:
      encoding: ASCII-8BIT
      string: '[{"SEK_per_kWh":0.91437,"EUR_per_kWh":0.07886,"EXR":11.594849,"time_start":"2024-11-12T00:00:00+01:00","time_end":"2024-11-12T01:00:00+01:00"},{"SEK_per_kWh":0.87263,"EUR_per_kWh":0.07526,"EXR":11.594849,"time_start":"2024-11-12T01:00:00+01:00","time_end":"2024-11-12T02:00:00+01:00"},{"SEK_per_kWh":0.7968,"EUR_per_kWh":0.06872,"EXR":11.594849,"time_start":"2024-11-12T02:00:00+01:00","time_end":"2024-11-12T03:00:00+01:00"},{"SEK_per_kWh":0.8644,"EUR_per_kWh":0.07455,"EXR":11.594849,"time_start":"2024-11-12T03:00:00+01:00","time_end":"2024-11-12T04:00:00+01:00"},{"SEK_per_kWh":0.89246,"EUR_per_kWh":0.07697,"EXR":11.594849,"time_start":"2024-11-12T04:00:00+01:00","time_end":"2024-11-12T05:00:00+01:00"},{"SEK_per_kWh":1.00377,"EUR_per_kWh":0.08657,"EXR":11.594849,"time_start":"2024-11-12T05:00:00+01:00","time_end":"2024-11-12T06:00:00+01:00"},{"SEK_per_kWh":1.34709,"EUR_per_kWh":0.11618,"EXR":11.594849,"time_start":"2024-11-12T06:00:00+01:00","time_end":"2024-11-12T07:00:00+01:00"},{"SEK_per_kWh":1.90411,"EUR_per_kWh":0.16422,"EXR":11.594849,"time_start":"2024-11-12T07:00:00+01:00","time_end":"2024-11-12T08:00:00+01:00"},{"SEK_per_kWh":1.30419,"EUR_per_kWh":0.11248,"EXR":11.594849,"time_start":"2024-11-12T08:00:00+01:00","time_end":"2024-11-12T09:00:00+01:00"},{"SEK_per_kWh":1.60113,"EUR_per_kWh":0.13809,"EXR":11.594849,"time_start":"2024-11-12T09:00:00+01:00","time_end":"2024-11-12T10:00:00+01:00"},{"SEK_per_kWh":1.2803,"EUR_per_kWh":0.11042,"EXR":11.594849,"time_start":"2024-11-12T10:00:00+01:00","time_end":"2024-11-12T11:00:00+01:00"},{"SEK_per_kWh":1.17363,"EUR_per_kWh":0.10122,"EXR":11.594849,"time_start":"2024-11-12T11:00:00+01:00","time_end":"2024-11-12T12:00:00+01:00"},{"SEK_per_kWh":1.22755,"EUR_per_kWh":0.10587,"EXR":11.594849,"time_start":"2024-11-12T12:00:00+01:00","time_end":"2024-11-12T13:00:00+01:00"},{"SEK_per_kWh":1.11971,"EUR_per_kWh":0.09657,"EXR":11.594849,"time_start":"2024-11-12T13:00:00+01:00","time_end":"2024-11-12T14:00:00+01:00"},{"SEK_per_kWh":1.23184,"EUR_per_kWh":0.10624,"EXR":11.594849,"time_start":"2024-11-12T14:00:00+01:00","time_end":"2024-11-12T15:00:00+01:00"},{"SEK_per_kWh":1.44831,"EUR_per_kWh":0.12491,"EXR":11.594849,"time_start":"2024-11-12T15:00:00+01:00","time_end":"2024-11-12T16:00:00+01:00"},{"SEK_per_kWh":1.84126,"EUR_per_kWh":0.1588,"EXR":11.594849,"time_start":"2024-11-12T16:00:00+01:00","time_end":"2024-11-12T17:00:00+01:00"},{"SEK_per_kWh":2.90474,"EUR_per_kWh":0.25052,"EXR":11.594849,"time_start":"2024-11-12T17:00:00+01:00","time_end":"2024-11-12T18:00:00+01:00"},{"SEK_per_kWh":2.22436,"EUR_per_kWh":0.19184,"EXR":11.594849,"time_start":"2024-11-12T18:00:00+01:00","time_end":"2024-11-12T19:00:00+01:00"},{"SEK_per_kWh":1.67557,"EUR_per_kWh":0.14451,"EXR":11.594849,"time_start":"2024-11-12T19:00:00+01:00","time_end":"2024-11-12T20:00:00+01:00"},{"SEK_per_kWh":1.46652,"EUR_per_kWh":0.12648,"EXR":11.594849,"time_start":"2024-11-12T20:00:00+01:00","time_end":"2024-11-12T21:00:00+01:00"},{"SEK_per_kWh":1.22302,"EUR_per_kWh":0.10548,"EXR":11.594849,"time_start":"2024-11-12T21:00:00+01:00","time_end":"2024-11-12T22:00:00+01:00"},{"SEK_per_kWh":1.11253,"EUR_per_kWh":0.09595,"EXR":11.594849,"time_start":"2024-11-12T22:00:00+01:00","time_end":"2024-11-12T23:00:00+01:00"},{"SEK_per_kWh":0.89083,"EUR_per_kWh":0.07683,"EXR":11.594849,"time_start":"2024-11-12T23:00:00+01:00","time_end":"2024-11-13T00:00:00+01:00"}]'
  recorded_at: Thu, 20 Nov 2025 17:06:32 GMT
- request:
    method: get
    uri: https://www.elprisetjustnu.se/api/v1/prices/2024/11-13_SE3.json
    body:
      encoding: US-ASCII
      string: ''
    headers:
      Accept-Encoding:
      - gzip;q=1.0,deflate;q=0.6,identity;q=0.3
      Accept:
      - "*/*"
      User-Agent:
      - Ruby
  response:
    status:
      code: 200
      message: OK
    headers:
      Date:
      - Thu, 20 Nov 2025 17:06:32 GMT
      Content-Type:
      - application/json
      Transfer-Encoding:
      - chunked
      Connection:
      - keep-alive
      Server:
      - cloudflare
      Last-Modified:
      - Sat, 09 Aug 2025 09:47:05 GMT
      Vary:
      - Accept-Encoding
      Etag:
      - W/"68971919-d4a"
      Access-Control-Allow-Origin:
      - "*"
      Access-Control-Expose-Headers:
      - "*"
      Cache-Control:
      - public, max-age=604800
      Cross-Origin-Resource-Policy:
      - cross-origin
      Nel:
      - '{"report_to":"cf-nel","success_fraction":0.0,"max_age":604800}'
      Age:
      - '1006'
      Cf-Cache-Status:
      - HIT
      Report-To:
      - '{"group":"cf-nel","max_age":604800,"endpoints":[{"url":"https://a.nel.cloudflare.com/report/v4?s=Jp4czm6%2BEu8UShsDRDZlaBleEB9lJ8XEEXhqmTWoia19XdOxb4UFkV0JNX13kve2solJpNoqf9V0CsB1yCTj0by%2BDW%2FlEezB394f86a4aZvtIZrB8g%3D%3D"}]}'
      Cf-Ray:
      - 9a1989d69840b6a1-ARN
      Alt-Svc:
      - h3=":443"; ma=86400
    body:
      encoding: ASCII-8BIT
      string: '[{"SEK_per_kWh":0.57759,"EUR_per_kWh":0.04995,"EXR":11.563346,"time_start":"2024-11-13T00:00:00+01:00","time_end":"2024-11-13T01:00:00+01:00"},{"SEK_per_kWh":0.55169,"EUR_per_kWh":0.04771,"EXR":11.563346,"time_start":"2024-11-13T01:00:00+01:00","time_end":"2024-11-13T02:00:00+01:00"},{"SEK_per_kWh":0.53215,"EUR_per_kWh":0.04602,"EXR":11.563346,"time_start":"2024-11-13T02:00:00+01:00","time_end":"2024-11-13T03:00:00+01:00"},{"SEK_per_kWh":0.53307,"EUR_per_kWh":0.0461,"EXR":11.563346,"time_start":"2024-11-13T03:00:00+01:00","time_end":"2024-11-13T04:00:00+01:00"},{"SEK_per_kWh":0.45166,"EUR_per_kWh":0.03906,"EXR":11.563346,"time_start":"2024-11-13T04:00:00+01:00","time_end":"2024-11-13T05:00:00+01:00"},{"SEK_per_kWh":0.51885,"EUR_per_kWh":0.04487,"EXR":11.563346,"time_start":"2024-11-13T05:00:00+01:00","time_end":"2024-11-13T06:00:00+01:00"},{"SEK_per_kWh":0.70247,"EUR_per_kWh":0.06075,"EXR":11.563346,"time_start":"2024-11-13T06:00:00+01:00","time_end":"2024-11-13T07:00:00+01:00"},{"SEK_per_kWh":0.80446,"EUR_per_kWh":0.06957,"EXR":11.563346,"time_start":"2024-11-13T07:00:00+01:00","time_end":"2024-11-13T08:00:00+01:00"},{"SEK_per_kWh":1.07828,"EUR_per_kWh":0.09325,"EXR":11.563346,"time_start":"2024-11-13T08:00:00+01:00","time_end":"2024-11-13T09:00:00+01:00"},{"SEK_per_kWh":1.01642,"EUR_per_kWh":0.0879,"EXR":11.563346,"time_start":"2024-11-13T09:00:00+01:00","time_end":"2024-11-13T10:00:00+01:00"},{"SEK_per_kWh":0.91119,"EUR_per_kWh":0.0788,"EXR":11.563346,"time_start":"2024-11-13T10:00:00+01:00","time_end":"2024-11-13T11:00:00+01:00"},{"SEK_per_kWh":0.81903,"EUR_per_kWh":0.07083,"EXR":11.563346,"time_start":"2024-11-13T11:00:00+01:00","time_end":"2024-11-13T12:00:00+01:00"},{"SEK_per_kWh":0.7559,"EUR_per_kWh":0.06537,"EXR":11.563346,"time_start":"2024-11-13T12:00:00+01:00","time_end":"2024-11-13T13:00:00+01:00"},{"SEK_per_kWh":0.75173,"EUR_per_kWh":0.06501,"EXR":11.563346,"time_start":"2024-11-13T13:00:00+01:00","time_end":"2024-11-13T14:00:00+01:00"},{"SEK_per_kWh":0.74977,"EUR_per_kWh":0.06484,"EXR":11.563346,"time_start":"2024-11-13T14:00:00+01:00","time_end":"2024-11-13T15:00:00+01:00"},{"SEK_per_kWh":0.78631,"EUR_per_kWh":0.068,"EXR":11.563346,"time_start":"2024-11-13T15:00:00+01:00","time_end":"2024-11-13T16:00:00+01:00"},{"SEK_per_kWh":0.92322,"EUR_per_kWh":0.07984,"EXR":11.563346,"time_start":"2024-11-13T16:00:00+01:00","time_end":"2024-11-13T17:00:00+01:00"},{"SEK_per_kWh":0.48369,"EUR_per_kWh":0.04183,"EXR":11.563346,"time_start":"2024-11-13T17:00:00+01:00","time_end":"2024-11-13T18:00:00+01:00"},{"SEK_per_kWh":1.24341,"EUR_per_kWh":0.10753,"EXR":11.563346,"time_start":"2024-11-13T18:00:00+01:00","time_end":"2024-11-13T19:00:00+01:00"},{"SEK_per_kWh":0.74445,"EUR_per_kWh":0.06438,"EXR":11.563346,"time_start":"2024-11-13T19:00:00+01:00","time_end":"2024-11-13T20:00:00+01:00"},{"SEK_per_kWh":0.43201,"EUR_per_kWh":0.03736,"EXR":11.563346,"time_start":"2024-11-13T20:00:00+01:00","time_end":"2024-11-13T21:00:00+01:00"},{"SEK_per_kWh":0.30516,"EUR_per_kWh":0.02639,"EXR":11.563346,"time_start":"2024-11-13T21:00:00+01:00","time_end":"2024-11-13T22:00:00+01:00"},{"SEK_per_kWh":0.17865,"EUR_per_kWh":0.01545,"EXR":11.563346,"time_start":"2024-11-13T22:00:00+01:00","time_end":"2024-11-13T23:00:00+01:00"},{"SEK_per_kWh":0.1657,"EUR_per_kWh":0.01433,"EXR":11.563346,"time_start":"2024-11-13T23:00:00+01:00","time_end":"2024-11-14T00:00:00+01:00"}]'
  recorded_at: Thu, 20 Nov 2025 17:06:32 GMT
- request:
    method: get
    uri: https://www.elprisetjustnu.se/api/v1/prices/2024/11-14_SE3.json
    body:
      encoding: US-ASCII
      string: ''
    headers:
      Accept-Encoding:
      - gzip;q=1.0,deflate;q=0.6,identity;q=0.3
      Accept:
      - "*/*"
      User-Agent:
      - Ruby
  response:
    status:
      code: 200
      message: OK
    headers:
      Date:
      - Thu, 20 Nov 2025 17:06:32 GMT
      Content-Type:
      - application/json
      Transfer-Encoding:
      - chunked
      Connection:
      - keep-alive
      Server:
      - cloudflare
      Last-Modified:
      - Sat, 09 Aug 2025 09:47:22 GMT
      Vary:
      - Accept-Encoding
      Etag:
      - W/"6897192a-d4b"
      Access-Control-Allow-Origin:
      - "*"
      Access-Control-Expose-Headers:
      - "*"
      Cache-Control:
      - public, max-age=604800
      Cross-Origin-Resource-Policy:
      - cross-origin
      Nel:
      - '{"report_to":"cf-nel","success_fraction":0.0,"max_age":604800}'
      Age:
      - '583591'
      Cf-Cache-Status:
      - HIT
      Report-To:
      - '{"group":"cf-nel","max_age":604800,"endpoints":[{"url":"https://a.nel.cloudflare.com/report/v4?s=ntNiQ10pO%2FoeVDFP7p%2Bne3gVdOImwYbOQmZnXTgx3GfOBfp0IVZiqqth%2B5A6PJJesYJY1bgcuARu%2BOL305zYAk4XMPh1JQaa97KMpCS9vpcPm%2Foo1Q%3D%3D"}]}'
      Cf-Ray:
      - 9a1989d6aa78b7a8-ARN
      Alt-Svc:
      - h3=":443"; ma=86400
    body:
      encoding: ASCII-8BIT
      string: '[{"SEK_per_kWh":0.21875,"EUR_per_kWh":0.01888,"EXR":11.586401,"time_start":"2024-11-14T00:00:00+01:00","time_end":"2024-11-14T01:00:00+01:00"},{"SEK_per_kWh":0.18955,"EUR_per_kWh":0.01636,"EXR":11.586401,"time_start":"2024-11-14T01:00:00+01:00","time_end":"2024-11-14T02:00:00+01:00"},{"SEK_per_kWh":0.17611,"EUR_per_kWh":0.0152,"EXR":11.586401,"time_start":"2024-11-14T02:00:00+01:00","time_end":"2024-11-14T03:00:00+01:00"},{"SEK_per_kWh":0.17669,"EUR_per_kWh":0.01525,"EXR":11.586401,"time_start":"2024-11-14T03:00:00+01:00","time_end":"2024-11-14T04:00:00+01:00"},{"SEK_per_kWh":0.19222,"EUR_per_kWh":0.01659,"EXR":11.586401,"time_start":"2024-11-14T04:00:00+01:00","time_end":"2024-11-14T05:00:00+01:00"},{"SEK_per_kWh":0.21377,"EUR_per_kWh":0.01845,"EXR":11.586401,"time_start":"2024-11-14T05:00:00+01:00","time_end":"2024-11-14T06:00:00+01:00"},{"SEK_per_kWh":0.26104,"EUR_per_kWh":0.02253,"EXR":11.586401,"time_start":"2024-11-14T06:00:00+01:00","time_end":"2024-11-14T07:00:00+01:00"},{"SEK_per_kWh":0.6033,"EUR_per_kWh":0.05207,"EXR":11.586401,"time_start":"2024-11-14T07:00:00+01:00","time_end":"2024-11-14T08:00:00+01:00"},{"SEK_per_kWh":0.69495,"EUR_per_kWh":0.05998,"EXR":11.586401,"time_start":"2024-11-14T08:00:00+01:00","time_end":"2024-11-14T09:00:00+01:00"},{"SEK_per_kWh":0.6544,"EUR_per_kWh":0.05648,"EXR":11.586401,"time_start":"2024-11-14T09:00:00+01:00","time_end":"2024-11-14T10:00:00+01:00"},{"SEK_per_kWh":0.60075,"EUR_per_kWh":0.05185,"EXR":11.586401,"time_start":"2024-11-14T10:00:00+01:00","time_end":"2024-11-14T11:00:00+01:00"},{"SEK_per_kWh":0.59311,"EUR_per_kWh":0.05119,"EXR":11.586401,"time_start":"2024-11-14T11:00:00+01:00","time_end":"2024-11-14T12:00:00+01:00"},{"SEK_per_kWh":0.58083,"EUR_per_kWh":0.05013,"EXR":11.586401,"time_start":"2024-11-14T12:00:00+01:00","time_end":"2024-11-14T13:00:00+01:00"},{"SEK_per_kWh":0.56878,"EUR_per_kWh":0.04909,"EXR":11.586401,"time_start":"2024-11-14T13:00:00+01:00","time_end":"2024-11-14T14:00:00+01:00"},{"SEK_per_kWh":0.56797,"EUR_per_kWh":0.04902,"EXR":11.586401,"time_start":"2024-11-14T14:00:00+01:00","time_end":"2024-11-14T15:00:00+01:00"},{"SEK_per_kWh":0.3469,"EUR_per_kWh":0.02994,"EXR":11.586401,"time_start":"2024-11-14T15:00:00+01:00","time_end":"2024-11-14T16:00:00+01:00"},{"SEK_per_kWh":0.61026,"EUR_per_kWh":0.05267,"EXR":11.586401,"time_start":"2024-11-14T16:00:00+01:00","time_end":"2024-11-14T17:00:00+01:00"},{"SEK_per_kWh":0.6493,"EUR_per_kWh":0.05604,"EXR":11.586401,"time_start":"2024-11-14T17:00:00+01:00","time_end":"2024-11-14T18:00:00+01:00"},{"SEK_per_kWh":0.35524,"EUR_per_kWh":0.03066,"EXR":11.586401,"time_start":"2024-11-14T18:00:00+01:00","time_end":"2024-11-14T19:00:00+01:00"},{"SEK_per_kWh":0.35014,"EUR_per_kWh":0.03022,"EXR":11.586401,"time_start":"2024-11-14T19:00:00+01:00","time_end":"2024-11-14T20:00:00+01:00"},{"SEK_per_kWh":0.30855,"EUR_per_kWh":0.02663,"EXR":11.586401,"time_start":"2024-11-14T20:00:00+01:00","time_end":"2024-11-14T21:00:00+01:00"},{"SEK_per_kWh":0.28757,"EUR_per_kWh":0.02482,"EXR":11.586401,"time_start":"2024-11-14T21:00:00+01:00","time_end":"2024-11-14T22:00:00+01:00"},{"SEK_per_kWh":0.25583,"EUR_per_kWh":0.02208,"EXR":11.586401,"time_start":"2024-11-14T22:00:00+01:00","time_end":"2024-11-14T23:00:00+01:00"},{"SEK_per_kWh":0.19581,"EUR_per_kWh":0.0169,"EXR":11.586401,"time_start":"2024-11-14T23:00:00+01:00","time_end":"2024-11-15T00:00:00+01:00"}]'
  recorded_at: Thu, 20 Nov 2025 17:06:32 GMT
- request:
    method: get
    uri: https://www.elprisetjustnu.se/api/v1/prices/2024/11-15_SE3.json
    body:
      encoding: US-ASCII
      string: ''
    headers:
      Accept-Encoding:
      - gzip;q=1.0,deflate;q=0.6,identity;q=0.3
      Accept:
      - "*/*"
      User-Agent:
      - Ruby
  response:
    status:
      code: 200
      message: OK
    headers:
      Date:
      - Thu, 20 Nov 2025 17:06:32 GMT
      Content-Type:
      - application/json
      Transfer-Encoding:
      - chunked
      Connection:
      - keep-alive
      Server:
      - cloudflare
      Last-Modified:
      - Sat, 09 Aug 2025 09:47:22 GMT
      Vary:
      - Accept-Encoding
      Etag:
      - W/"6897192a-d53"
      Access-Control-Allow-Origin:
      - "*"
      Access-Control-Expose-Headers:
      - "*"
      Cache-Control:
      - public, max-age=604800
      Cross-Origin-Resource-Policy:
      - cross-origin
      Nel:
      - '{"report_to":"cf-nel","success_fraction":0.0,"max_age":604800}'
      Age:
      - '497191'
      Cf-Cache-Status:
      - HIT
      Report-To:
      - '{"group":"cf-nel","max_age":604800,"endpoints":[{"url":"https://a.nel.cloudflare.com/report/v4?s=eDiKUt6OZCTwbcLBqs9TZ6cO4Ai45fM7kZ4kkteWgaLkgCpaFNefMPGGrt9DPB2aZzqXYc5sq%2FvMC%2Fw3VzjlPSFlT5880xFtBizIxlVDyYCcKpaKFg%3D%3D"}]}'
      Cf-Ray:
      - 9a1989d6cc368a18-ARN
      Alt-Svc:
      - h3=":443"; ma=86400
    body:
      encoding: ASCII-8BIT
      string: '[{"SEK_per_kWh":0.18921,"EUR_per_kWh":0.01629,"EXR":11.614995,"time_start":"2024-11-15T00:00:00+01:00","time_end":"2024-11-15T01:00:00+01:00"},{"SEK_per_kWh":0.17062,"EUR_per_kWh":0.01469,"EXR":11.614995,"time_start":"2024-11-15T01:00:00+01:00","time_end":"2024-11-15T02:00:00+01:00"},{"SEK_per_kWh":0.14135,"EUR_per_kWh":0.01217,"EXR":11.614995,"time_start":"2024-11-15T02:00:00+01:00","time_end":"2024-11-15T03:00:00+01:00"},{"SEK_per_kWh":0.13659,"EUR_per_kWh":0.01176,"EXR":11.614995,"time_start":"2024-11-15T03:00:00+01:00","time_end":"2024-11-15T04:00:00+01:00"},{"SEK_per_kWh":0.13799,"EUR_per_kWh":0.01188,"EXR":11.614995,"time_start":"2024-11-15T04:00:00+01:00","time_end":"2024-11-15T05:00:00+01:00"},{"SEK_per_kWh":0.18224,"EUR_per_kWh":0.01569,"EXR":11.614995,"time_start":"2024-11-15T05:00:00+01:00","time_end":"2024-11-15T06:00:00+01:00"},{"SEK_per_kWh":0.20152,"EUR_per_kWh":0.01735,"EXR":11.614995,"time_start":"2024-11-15T06:00:00+01:00","time_end":"2024-11-15T07:00:00+01:00"},{"SEK_per_kWh":0.30129,"EUR_per_kWh":0.02594,"EXR":11.614995,"time_start":"2024-11-15T07:00:00+01:00","time_end":"2024-11-15T08:00:00+01:00"},{"SEK_per_kWh":0.45438,"EUR_per_kWh":0.03912,"EXR":11.614995,"time_start":"2024-11-15T08:00:00+01:00","time_end":"2024-11-15T09:00:00+01:00"},{"SEK_per_kWh":0.45403,"EUR_per_kWh":0.03909,"EXR":11.614995,"time_start":"2024-11-15T09:00:00+01:00","time_end":"2024-11-15T10:00:00+01:00"},{"SEK_per_kWh":0.42639,"EUR_per_kWh":0.03671,"EXR":11.614995,"time_start":"2024-11-15T10:00:00+01:00","time_end":"2024-11-15T11:00:00+01:00"},{"SEK_per_kWh":0.29072,"EUR_per_kWh":0.02503,"EXR":11.614995,"time_start":"2024-11-15T11:00:00+01:00","time_end":"2024-11-15T12:00:00+01:00"},{"SEK_per_kWh":0.22022,"EUR_per_kWh":0.01896,"EXR":11.614995,"time_start":"2024-11-15T12:00:00+01:00","time_end":"2024-11-15T13:00:00+01:00"},{"SEK_per_kWh":0.20895,"EUR_per_kWh":0.01799,"EXR":11.614995,"time_start":"2024-11-15T13:00:00+01:00","time_end":"2024-11-15T14:00:00+01:00"},{"SEK_per_kWh":0.21,"EUR_per_kWh":0.01808,"EXR":11.614995,"time_start":"2024-11-15T14:00:00+01:00","time_end":"2024-11-15T15:00:00+01:00"},{"SEK_per_kWh":0.20396,"EUR_per_kWh":0.01756,"EXR":11.614995,"time_start":"2024-11-15T15:00:00+01:00","time_end":"2024-11-15T16:00:00+01:00"},{"SEK_per_kWh":0.20303,"EUR_per_kWh":0.01748,"EXR":11.614995,"time_start":"2024-11-15T16:00:00+01:00","time_end":"2024-11-15T17:00:00+01:00"},{"SEK_per_kWh":0.20233,"EUR_per_kWh":0.01742,"EXR":11.614995,"time_start":"2024-11-15T17:00:00+01:00","time_end":"2024-11-15T18:00:00+01:00"},{"SEK_per_kWh":0.19641,"EUR_per_kWh":0.01691,"EXR":11.614995,"time_start":"2024-11-15T18:00:00+01:00","time_end":"2024-11-15T19:00:00+01:00"},{"SEK_per_kWh":0.18073,"EUR_per_kWh":0.01556,"EXR":11.614995,"time_start":"2024-11-15T19:00:00+01:00","time_end":"2024-11-15T20:00:00+01:00"},{"SEK_per_kWh":0.01243,"EUR_per_kWh":0.00107,"EXR":11.614995,"time_start":"2024-11-15T20:00:00+01:00","time_end":"2024-11-15T21:00:00+01:00"},{"SEK_per_kWh":-0.0036,"EUR_per_kWh":-0.00031,"EXR":11.614995,"time_start":"2024-11-15T21:00:00+01:00","time_end":"2024-11-15T22:00:00+01:00"},{"SEK_per_kWh":-0.01568,"EUR_per_kWh":-0.00135,"EXR":11.614995,"time_start":"2024-11-15T22:00:00+01:00","time_end":"2024-11-15T23:00:00+01:00"},{"SEK_per_kWh":-0.02474,"EUR_per_kWh":-0.00213,"EXR":11.614995,"time_start":"2024-11-15T23:00:00+01:00","time_end":"2024-11-16T00:00:00+01:00"}]'
  recorded_at: Thu, 20 Nov 2025 17:06:32 GMT
- request:
    method: get
    uri: https://www.elprisetjustnu.se/api/v1/prices/2024/11-16_SE3.json
    body:
      encoding: US-ASCII
      string: ''
    headers:
      Accept-Encoding:
      - gzip;q=1.0,deflate;q=0.6,identity;q=0.3
      Accept:
      - "*/*"
      User-Agent:
      - Ruby
  response:
    status:
      code: 200
      message: OK
    headers:
      Date:
      - Thu, 20 Nov 2025 17:06:32 GMT
      Content-Type:
      - application/json
      Transfer-Encoding:
      - chunked
      Connection:
      - keep-alive
      Server:
      - cloudflare
      Last-Modified:
      - Sat, 09 Aug 2025 09:48:39 GMT
      Vary:
      - Accept-Encoding
      Etag:
      - W/"68971977-d63"
      Access-Control-Allow-Origin:
      - "*"
      Access-Control-Expose-Headers:
      - "*"
      Cache-Control:
      - public, max-age=604800
      Cross-Origin-Resource-Policy:
      - cross-origin
      Nel:
      - '{"report_to":"cf-nel","success_fraction":0.0,"max_age":604800}'
      Age:
      - '410791'
      Cf-Cache-Status:
      - HIT
      Report-To:
      - '{"group":"cf-nel","max_age":604800,"endpoints":[{"url":"https://a.nel.cloudflare.com/report/v4?s=5T99B76PgcQwhmfabZh29oMXlDFUWbg%2BjOgjgTMHtg13jAIy83lHrP6l9cuCfwlKppMv0BlKCTJzQFFjVOErGA7vkHtDKp4tYc%2FUVtE%2B0C05EFU%3D"}]}'
      Cf-Ray:
      - 9a1989d6f9ee2d89-ARN
      Alt-Svc:
      - h3=":443"; ma=86400
    body:
      encoding: ASCII-8BIT
      string: '[{"SEK_per_kWh":-0.0153,"EUR_per_kWh":-0.00132,"EXR":11.589868,"time_start":"2024-11-16T00:00:00+01:00","time_end":"2024-11-16T01:00:00+01:00"},{"SEK_per_kWh":-0.01495,"EUR_per_kWh":-0.00129,"EXR":11.589868,"time_start":"2024-11-16T01:00:00+01:00","time_end":"2024-11-16T02:00:00+01:00"},{"SEK_per_kWh":-0.02283,"EUR_per_kWh":-0.00197,"EXR":11.589868,"time_start":"2024-11-16T02:00:00+01:00","time_end":"2024-11-16T03:00:00+01:00"},{"SEK_per_kWh":-0.0226,"EUR_per_kWh":-0.00195,"EXR":11.589868,"time_start":"2024-11-16T03:00:00+01:00","time_end":"2024-11-16T04:00:00+01:00"},{"SEK_per_kWh":-0.02237,"EUR_per_kWh":-0.00193,"EXR":11.589868,"time_start":"2024-11-16T04:00:00+01:00","time_end":"2024-11-16T05:00:00+01:00"},{"SEK_per_kWh":-0.02202,"EUR_per_kWh":-0.0019,"EXR":11.589868,"time_start":"2024-11-16T05:00:00+01:00","time_end":"2024-11-16T06:00:00+01:00"},{"SEK_per_kWh":-0.0175,"EUR_per_kWh":-0.00151,"EXR":11.589868,"time_start":"2024-11-16T06:00:00+01:00","time_end":"2024-11-16T07:00:00+01:00"},{"SEK_per_kWh":-0.01078,"EUR_per_kWh":-0.00093,"EXR":11.589868,"time_start":"2024-11-16T07:00:00+01:00","time_end":"2024-11-16T08:00:00+01:00"},{"SEK_per_kWh":-0.00139,"EUR_per_kWh":-0.00012,"EXR":11.589868,"time_start":"2024-11-16T08:00:00+01:00","time_end":"2024-11-16T09:00:00+01:00"},{"SEK_per_kWh":-0.00035,"EUR_per_kWh":-3.0e-5,"EXR":11.589868,"time_start":"2024-11-16T09:00:00+01:00","time_end":"2024-11-16T10:00:00+01:00"},{"SEK_per_kWh":-0.00081,"EUR_per_kWh":-7.0e-5,"EXR":11.589868,"time_start":"2024-11-16T10:00:00+01:00","time_end":"2024-11-16T11:00:00+01:00"},{"SEK_per_kWh":-0.00081,"EUR_per_kWh":-7.0e-5,"EXR":11.589868,"time_start":"2024-11-16T11:00:00+01:00","time_end":"2024-11-16T12:00:00+01:00"},{"SEK_per_kWh":-0.00081,"EUR_per_kWh":-7.0e-5,"EXR":11.589868,"time_start":"2024-11-16T12:00:00+01:00","time_end":"2024-11-16T13:00:00+01:00"},{"SEK_per_kWh":-0.00035,"EUR_per_kWh":-3.0e-5,"EXR":11.589868,"time_start":"2024-11-16T13:00:00+01:00","time_end":"2024-11-16T14:00:00+01:00"},{"SEK_per_kWh":0.00093,"EUR_per_kWh":8.0e-5,"EXR":11.589868,"time_start":"2024-11-16T14:00:00+01:00","time_end":"2024-11-16T15:00:00+01:00"},{"SEK_per_kWh":0.03477,"EUR_per_kWh":0.003,"EXR":11.589868,"time_start":"2024-11-16T15:00:00+01:00","time_end":"2024-11-16T16:00:00+01:00"},{"SEK_per_kWh":0.14777,"EUR_per_kWh":0.01275,"EXR":11.589868,"time_start":"2024-11-16T16:00:00+01:00","time_end":"2024-11-16T17:00:00+01:00"},{"SEK_per_kWh":0.20966,"EUR_per_kWh":0.01809,"EXR":11.589868,"time_start":"2024-11-16T17:00:00+01:00","time_end":"2024-11-16T18:00:00+01:00"},{"SEK_per_kWh":0.1276,"EUR_per_kWh":0.01101,"EXR":11.589868,"time_start":"2024-11-16T18:00:00+01:00","time_end":"2024-11-16T19:00:00+01:00"},{"SEK_per_kWh":0.03604,"EUR_per_kWh":0.00311,"EXR":11.589868,"time_start":"2024-11-16T19:00:00+01:00","time_end":"2024-11-16T20:00:00+01:00"},{"SEK_per_kWh":0.00556,"EUR_per_kWh":0.00048,"EXR":11.589868,"time_start":"2024-11-16T20:00:00+01:00","time_end":"2024-11-16T21:00:00+01:00"},{"SEK_per_kWh":-0.00081,"EUR_per_kWh":-7.0e-5,"EXR":11.589868,"time_start":"2024-11-16T21:00:00+01:00","time_end":"2024-11-16T22:00:00+01:00"},{"SEK_per_kWh":-0.00081,"EUR_per_kWh":-7.0e-5,"EXR":11.589868,"time_start":"2024-11-16T22:00:00+01:00","time_end":"2024-11-16T23:00:00+01:00"},{"SEK_per_kWh":-0.00104,"EUR_per_kWh":-9.0e-5,"EXR":11.589868,"time_start":"2024-11-16T23:00:00+01:00","time_end":"2024-11-17T00:00:00+01:00"}]'
  recorded_at: Thu, 20 Nov 2025 17:06:32 GMT
- request:
    method: get
    uri: https://www.elprisetjustnu.se/api/v1/prices/2024/11-17_SE3.json
    body:
      encoding: US-ASCII
      string: ''
    headers:
      Accept-Encoding:
      - gzip;q=1.0,deflate;q=0.6,identity;q=0.3
      Accept:
      - "*/*"
      User-Agent:
      - Ruby
  response:
    status:
      code: 200
      message: OK
    headers:
      Date:
      - Thu, 20 Nov 2025 17:06:32 GMT
      Content-Type:
      - application/json
      Transfer-Encoding:
      - chunked
      Connection:
      - keep-alive
      Server:
      - cloudflare
      Last-Modified:
      - Sat, 09 Aug 2025 09:48:39 GMT
      Vary:
      - Accept-Encoding
      Etag:
      - W/"68971977-d56"
      Access-Control-Allow-Origin:
      - "*"
      Access-Control-Expose-Headers:
      - "*"
      Cache-Control:
      - public, max-age=604800
      Cross-Origin-Resource-Policy:
      - cross-origin
      Nel:
      - '{"report_to":"cf-nel","success_fraction":0.0,"max_age":604800}'
      Age:
      - '329472'
      Cf-Cache-Status:
      - HIT
      Report-To:
      - '{"group":"cf-nel","max_age":604800,"endpoints":[{"url":"https://a.nel.cloudflare.com/report/v4?s=W4RrQihOf%2FkvfMluVFpKwY8XBjsLamj3pLSFGtYVwS4IGpFQqE1jNH8owj6%2FuFaf6kW6qMD7D%2BRPjyOJDGNyMzk1XEZX63eZtgbCDwYu%2BOwDhzOekg%3D%3D"}]}'
      Cf-Ray:
      - 9a1989d71aa65cc8-ARN
      Alt-Svc:
      - h3=":443"; ma=86400
    body:
      encoding: ASCII-8BIT
      string: '[{"SEK_per_kWh":-0.00174,"EUR_per_kWh":-0.00015,"EXR":11.576538,"time_start":"2024-11-17T00:00:00+01:00","time_end":"2024-11-17T01:00:00+01:00"},{"SEK_per_kWh":-0.00162,"EUR_per_kWh":-0.00014,"EXR":11.576538,"time_start":"2024-11-17T01:00:00+01:00","time_end":"2024-11-17T02:00:00+01:00"},{"SEK_per_kWh":-0.00139,"EUR_per_kWh":-0.00012,"EXR":11.576538,"time_start":"2024-11-17T02:00:00+01:00","time_end":"2024-11-17T03:00:00+01:00"},{"SEK_per_kWh":-0.00081,"EUR_per_kWh":-7.0e-5,"EXR":11.576538,"time_start":"2024-11-17T03:00:00+01:00","time_end":"2024-11-17T04:00:00+01:00"},{"SEK_per_kWh":-0.00046,"EUR_per_kWh":-4.0e-5,"EXR":11.576538,"time_start":"2024-11-17T04:00:00+01:00","time_end":"2024-11-17T05:00:00+01:00"},{"SEK_per_kWh":0.00949,"EUR_per_kWh":0.00082,"EXR":11.576538,"time_start":"2024-11-17T05:00:00+01:00","time_end":"2024-11-17T06:00:00+01:00"},{"SEK_per_kWh":0.02616,"EUR_per_kWh":0.00226,"EXR":11.576538,"time_start":"2024-11-17T06:00:00+01:00","time_end":"2024-11-17T07:00:00+01:00"},{"SEK_per_kWh":0.06055,"EUR_per_kWh":0.00523,"EXR":11.576538,"time_start":"2024-11-17T07:00:00+01:00","time_end":"2024-11-17T08:00:00+01:00"},{"SEK_per_kWh":0.08289,"EUR_per_kWh":0.00716,"EXR":11.576538,"time_start":"2024-11-17T08:00:00+01:00","time_end":"2024-11-17T09:00:00+01:00"},{"SEK_per_kWh":0.10315,"EUR_per_kWh":0.00891,"EXR":11.576538,"time_start":"2024-11-17T09:00:00+01:00","time_end":"2024-11-17T10:00:00+01:00"},{"SEK_per_kWh":0.11276,"EUR_per_kWh":0.00974,"EXR":11.576538,"time_start":"2024-11-17T10:00:00+01:00","time_end":"2024-11-17T11:00:00+01:00"},{"SEK_per_kWh":0.11368,"EUR_per_kWh":0.00982,"EXR":11.576538,"time_start":"2024-11-17T11:00:00+01:00","time_end":"2024-11-17T12:00:00+01:00"},{"SEK_per_kWh":0.12155,"EUR_per_kWh":0.0105,"EXR":11.576538,"time_start":"2024-11-17T12:00:00+01:00","time_end":"2024-11-17T13:00:00+01:00"},{"SEK_per_kWh":0.15003,"EUR_per_kWh":0.01296,"EXR":11.576538,"time_start":"2024-11-17T13:00:00+01:00","time_end":"2024-11-17T14:00:00+01:00"},{"SEK_per_kWh":0.2291,"EUR_per_kWh":0.01979,"EXR":11.576538,"time_start":"2024-11-17T14:00:00+01:00","time_end":"2024-11-17T15:00:00+01:00"},{"SEK_per_kWh":0.31801,"EUR_per_kWh":0.02747,"EXR":11.576538,"time_start":"2024-11-17T15:00:00+01:00","time_end":"2024-11-17T16:00:00+01:00"},{"SEK_per_kWh":0.42937,"EUR_per_kWh":0.03709,"EXR":11.576538,"time_start":"2024-11-17T16:00:00+01:00","time_end":"2024-11-17T17:00:00+01:00"},{"SEK_per_kWh":0.44002,"EUR_per_kWh":0.03801,"EXR":11.576538,"time_start":"2024-11-17T17:00:00+01:00","time_end":"2024-11-17T18:00:00+01:00"},{"SEK_per_kWh":0.44107,"EUR_per_kWh":0.0381,"EXR":11.576538,"time_start":"2024-11-17T18:00:00+01:00","time_end":"2024-11-17T19:00:00+01:00"},{"SEK_per_kWh":0.42416,"EUR_per_kWh":0.03664,"EXR":11.576538,"time_start":"2024-11-17T19:00:00+01:00","time_end":"2024-11-17T20:00:00+01:00"},{"SEK_per_kWh":0.40379,"EUR_per_kWh":0.03488,"EXR":11.576538,"time_start":"2024-11-17T20:00:00+01:00","time_end":"2024-11-17T21:00:00+01:00"},{"SEK_per_kWh":0.39106,"EUR_per_kWh":0.03378,"EXR":11.576538,"time_start":"2024-11-17T21:00:00+01:00","time_end":"2024-11-17T22:00:00+01:00"},{"SEK_per_kWh":0.34741,"EUR_per_kWh":0.03001,"EXR":11.576538,"time_start":"2024-11-17T22:00:00+01:00","time_end":"2024-11-17T23:00:00+01:00"},{"SEK_per_kWh":0.22239,"EUR_per_kWh":0.01921,"EXR":11.576538,"time_start":"2024-11-17T23:00:00+01:00","time_end":"2024-11-18T00:00:00+01:00"}]'
  recorded_at: Thu, 20 Nov 2025 17:06:32 GMT
- request:
    method: get
    uri: https://www.elprisetjustnu.se/api/v1/prices/2024/11-18_SE3.json
    body:
      encoding: US-ASCII
      string: ''
    headers:
      Accept-Encoding:
      - gzip;q=1.0,deflate;q=0.6,identity;q=0.3
      Accept:
      - "*/*"
      User-Agent:
      - Ruby
  response:
    status:
      code: 200
      message: OK
    headers:
      Date:
      - Thu, 20 Nov 2025 17:06:32 GMT
      Content-Type:
      - application/json
      Transfer-Encoding:
      - chunked
      Connection:
      - keep-alive
      Server:
      - cloudflare
      Last-Modified:
      - Sat, 09 Aug 2025 09:46:52 GMT
      Vary:
      - Accept-Encoding
      Etag:
      - W/"6897190c-d4e"
      Access-Control-Allow-Origin:
      - "*"
      Access-Control-Expose-Headers:
      - "*"
      Cache-Control:
      - public, max-age=604800
      Cross-Origin-Resource-Policy:
      - cross-origin
      Nel:
      - '{"report_to":"cf-nel","success_fraction":0.0,"max_age":604800}'
      Age:
      - '151591'
      Cf-Cache-Status:
      - HIT
      Report-To:
      - '{"group":"cf-nel","max_age":604800,"endpoints":[{"url":"https://a.nel.cloudflare.com/report/v4?s=OcVp92hs7M8YnanY263B%2BGLRot3R3b57CoOvJw4lkYXeQIdroO5nOLdMuSHzgDRLgb9NnShZVzCx3HojFJfNLJl%2BupGTGjRis3u6AicIYtjqE%2F0%3D"}]}'
      Cf-Ray:
      - 9a1989d73d932e13-ARN
      Alt-Svc:
      - h3=":443"; ma=86400
    body:
      encoding: ASCII-8BIT
      string: '[{"SEK_per_kWh":0.14366,"EUR_per_kWh":0.01241,"EXR":11.576538,"time_start":"2024-11-18T00:00:00+01:00","time_end":"2024-11-18T01:00:00+01:00"},{"SEK_per_kWh":0.14297,"EUR_per_kWh":0.01235,"EXR":11.576538,"time_start":"2024-11-18T01:00:00+01:00","time_end":"2024-11-18T02:00:00+01:00"},{"SEK_per_kWh":0.15084,"EUR_per_kWh":0.01303,"EXR":11.576538,"time_start":"2024-11-18T02:00:00+01:00","time_end":"2024-11-18T03:00:00+01:00"},{"SEK_per_kWh":0.15524,"EUR_per_kWh":0.01341,"EXR":11.576538,"time_start":"2024-11-18T03:00:00+01:00","time_end":"2024-11-18T04:00:00+01:00"},{"SEK_per_kWh":0.24947,"EUR_per_kWh":0.02155,"EXR":11.576538,"time_start":"2024-11-18T04:00:00+01:00","time_end":"2024-11-18T05:00:00+01:00"},{"SEK_per_kWh":0.31233,"EUR_per_kWh":0.02698,"EXR":11.576538,"time_start":"2024-11-18T05:00:00+01:00","time_end":"2024-11-18T06:00:00+01:00"},{"SEK_per_kWh":0.69274,"EUR_per_kWh":0.05984,"EXR":11.576538,"time_start":"2024-11-18T06:00:00+01:00","time_end":"2024-11-18T07:00:00+01:00"},{"SEK_per_kWh":1.10556,"EUR_per_kWh":0.0955,"EXR":11.576538,"time_start":"2024-11-18T07:00:00+01:00","time_end":"2024-11-18T08:00:00+01:00"},{"SEK_per_kWh":1.31035,"EUR_per_kWh":0.11319,"EXR":11.576538,"time_start":"2024-11-18T08:00:00+01:00","time_end":"2024-11-18T09:00:00+01:00"},{"SEK_per_kWh":1.16761,"EUR_per_kWh":0.10086,"EXR":11.576538,"time_start":"2024-11-18T09:00:00+01:00","time_end":"2024-11-18T10:00:00+01:00"},{"SEK_per_kWh":0.97463,"EUR_per_kWh":0.08419,"EXR":11.576538,"time_start":"2024-11-18T10:00:00+01:00","time_end":"2024-11-18T11:00:00+01:00"},{"SEK_per_kWh":0.91918,"EUR_per_kWh":0.0794,"EXR":11.576538,"time_start":"2024-11-18T11:00:00+01:00","time_end":"2024-11-18T12:00:00+01:00"},{"SEK_per_kWh":0.86963,"EUR_per_kWh":0.07512,"EXR":11.576538,"time_start":"2024-11-18T12:00:00+01:00","time_end":"2024-11-18T13:00:00+01:00"},{"SEK_per_kWh":0.78894,"EUR_per_kWh":0.06815,"EXR":11.576538,"time_start":"2024-11-18T13:00:00+01:00","time_end":"2024-11-18T14:00:00+01:00"},{"SEK_per_kWh":0.91987,"EUR_per_kWh":0.07946,"EXR":11.576538,"time_start":"2024-11-18T14:00:00+01:00","time_end":"2024-11-18T15:00:00+01:00"},{"SEK_per_kWh":1.23881,"EUR_per_kWh":0.10701,"EXR":11.576538,"time_start":"2024-11-18T15:00:00+01:00","time_end":"2024-11-18T16:00:00+01:00"},{"SEK_per_kWh":1.43954,"EUR_per_kWh":0.12435,"EXR":11.576538,"time_start":"2024-11-18T16:00:00+01:00","time_end":"2024-11-18T17:00:00+01:00"},{"SEK_per_kWh":1.72305,"EUR_per_kWh":0.14884,"EXR":11.576538,"time_start":"2024-11-18T17:00:00+01:00","time_end":"2024-11-18T18:00:00+01:00"},{"SEK_per_kWh":1.82562,"EUR_per_kWh":0.1577,"EXR":11.576538,"time_start":"2024-11-18T18:00:00+01:00","time_end":"2024-11-18T19:00:00+01:00"},{"SEK_per_kWh":1.70881,"EUR_per_kWh":0.14761,"EXR":11.576538,"time_start":"2024-11-18T19:00:00+01:00","time_end":"2024-11-18T20:00:00+01:00"},{"SEK_per_kWh":1.19308,"EUR_per_kWh":0.10306,"EXR":11.576538,"time_start":"2024-11-18T20:00:00+01:00","time_end":"2024-11-18T21:00:00+01:00"},{"SEK_per_kWh":1.09711,"EUR_per_kWh":0.09477,"EXR":11.576538,"time_start":"2024-11-18T21:00:00+01:00","time_end":"2024-11-18T22:00:00+01:00"},{"SEK_per_kWh":1.13751,"EUR_per_kWh":0.09826,"EXR":11.576538,"time_start":"2024-11-18T22:00:00+01:00","time_end":"2024-11-18T23:00:00+01:00"},{"SEK_per_kWh":0.89058,"EUR_per_kWh":0.07693,"EXR":11.576538,"time_start":"2024-11-18T23:00:00+01:00","time_end":"2024-11-19T00:00:00+01:00"}]'
  recorded_at: Thu, 20 Nov 2025 17:06:32 GMT
- request:
    method: get
    uri: https://www.elprisetjustnu.se/api/v1/prices/2024/11-19_SE3.json
    body:
      encoding: US-ASCII
      string: ''
    headers:
      Accept-Encoding:
      - gzip;q=1.0,deflate;q=0.6,identity;q=0.3
      Accept:
      - "*/*"
      User-Agent:
      - Ruby
  response:
    status:
      code: 200
      message: OK
    headers:
      Date:
      - Thu, 20 Nov 2025 17:06:32 GMT
      Content-Type:
      - application/json
      Transfer-Encoding:
      - chunked
      Connection:
      - keep-alive
      Server:
      - cloudflare
      Last-Modified:
      - Sat, 09 Aug 2025 09:46:52 GMT
      Vary:
      - Accept-Encoding
      Etag:
      - W/"6897190c-d49"
      Access-Control-Allow-Origin:
      - "*"
      Access-Control-Expose-Headers:
      - "*"
      Cache-Control:
      - public, max-age=604800
      Cross-Origin-Resource-Policy:
      - cross-origin
      Nel:
      - '{"report_to":"cf-nel","success_fraction":0.0,"max_age":604800}'
      Age:
      - '329472'
      Cf-Cache-Status:
      - HIT
      Report-To:
      - '{"group":"cf-nel","max_age":604800,"endpoints":[{"url":"https://a.nel.cloudflare.com/report/v4?s=ZMbnZ1LHvrjPs%2F%2FqinvTDKCsnOnQEOCItktGc4bGI%2FNCGu17BtHeqQgGs593TNH62skLLg4LvwHnuXreUJhXLg4l5KTgOSo4M3VmG%2Fp1%2B2%2BZ55g%3D"}]}'
      Cf-Ray:
      - 9a1989d75b1c9932-ARN
      Alt-Svc:
      - h3=":443"; ma=86400
    body:
      encoding: ASCII-8BIT
      string: '[{"SEK_per_kWh":1.07883,"EUR_per_kWh":0.09299,"EXR":11.601599,"time_start":"2024-11-19T00:00:00+01:00","time_end":"2024-11-19T01:00:00+01:00"},{"SEK_per_kWh":1.0938,"EUR_per_kWh":0.09428,"EXR":11.601599,"time_start":"2024-11-19T01:00:00+01:00","time_end":"2024-11-19T02:00:00+01:00"},{"SEK_per_kWh":1.06097,"EUR_per_kWh":0.09145,"EXR":11.601599,"time_start":"2024-11-19T02:00:00+01:00","time_end":"2024-11-19T03:00:00+01:00"},{"SEK_per_kWh":0.92639,"EUR_per_kWh":0.07985,"EXR":11.601599,"time_start":"2024-11-19T03:00:00+01:00","time_end":"2024-11-19T04:00:00+01:00"},{"SEK_per_kWh":1.03939,"EUR_per_kWh":0.08959,"EXR":11.601599,"time_start":"2024-11-19T04:00:00+01:00","time_end":"2024-11-19T05:00:00+01:00"},{"SEK_per_kWh":1.12466,"EUR_per_kWh":0.09694,"EXR":11.601599,"time_start":"2024-11-19T05:00:00+01:00","time_end":"2024-11-19T06:00:00+01:00"},{"SEK_per_kWh":1.34231,"EUR_per_kWh":0.1157,"EXR":11.601599,"time_start":"2024-11-19T06:00:00+01:00","time_end":"2024-11-19T07:00:00+01:00"},{"SEK_per_kWh":1.61135,"EUR_per_kWh":0.13889,"EXR":11.601599,"time_start":"2024-11-19T07:00:00+01:00","time_end":"2024-11-19T08:00:00+01:00"},{"SEK_per_kWh":1.84268,"EUR_per_kWh":0.15883,"EXR":11.601599,"time_start":"2024-11-19T08:00:00+01:00","time_end":"2024-11-19T09:00:00+01:00"},{"SEK_per_kWh":1.86554,"EUR_per_kWh":0.1608,"EXR":11.601599,"time_start":"2024-11-19T09:00:00+01:00","time_end":"2024-11-19T10:00:00+01:00"},{"SEK_per_kWh":1.82957,"EUR_per_kWh":0.1577,"EXR":11.601599,"time_start":"2024-11-19T10:00:00+01:00","time_end":"2024-11-19T11:00:00+01:00"},{"SEK_per_kWh":1.7892,"EUR_per_kWh":0.15422,"EXR":11.601599,"time_start":"2024-11-19T11:00:00+01:00","time_end":"2024-11-19T12:00:00+01:00"},{"SEK_per_kWh":1.74128,"EUR_per_kWh":0.15009,"EXR":11.601599,"time_start":"2024-11-19T12:00:00+01:00","time_end":"2024-11-19T13:00:00+01:00"},{"SEK_per_kWh":1.69847,"EUR_per_kWh":0.1464,"EXR":11.601599,"time_start":"2024-11-19T13:00:00+01:00","time_end":"2024-11-19T14:00:00+01:00"},{"SEK_per_kWh":1.66727,"EUR_per_kWh":0.14371,"EXR":11.601599,"time_start":"2024-11-19T14:00:00+01:00","time_end":"2024-11-19T15:00:00+01:00"},{"SEK_per_kWh":1.5806,"EUR_per_kWh":0.13624,"EXR":11.601599,"time_start":"2024-11-19T15:00:00+01:00","time_end":"2024-11-19T16:00:00+01:00"},{"SEK_per_kWh":1.65381,"EUR_per_kWh":0.14255,"EXR":11.601599,"time_start":"2024-11-19T16:00:00+01:00","time_end":"2024-11-19T17:00:00+01:00"},{"SEK_per_kWh":1.67724,"EUR_per_kWh":0.14457,"EXR":11.601599,"time_start":"2024-11-19T17:00:00+01:00","time_end":"2024-11-19T18:00:00+01:00"},{"SEK_per_kWh":1.54545,"EUR_per_kWh":0.13321,"EXR":11.601599,"time_start":"2024-11-19T18:00:00+01:00","time_end":"2024-11-19T19:00:00+01:00"},{"SEK_per_kWh":1.44475,"EUR_per_kWh":0.12453,"EXR":11.601599,"time_start":"2024-11-19T19:00:00+01:00","time_end":"2024-11-19T20:00:00+01:00"},{"SEK_per_kWh":1.28047,"EUR_per_kWh":0.11037,"EXR":11.601599,"time_start":"2024-11-19T20:00:00+01:00","time_end":"2024-11-19T21:00:00+01:00"},{"SEK_per_kWh":1.09809,"EUR_per_kWh":0.09465,"EXR":11.601599,"time_start":"2024-11-19T21:00:00+01:00","time_end":"2024-11-19T22:00:00+01:00"},{"SEK_per_kWh":0.9272,"EUR_per_kWh":0.07992,"EXR":11.601599,"time_start":"2024-11-19T22:00:00+01:00","time_end":"2024-11-19T23:00:00+01:00"},{"SEK_per_kWh":0.56094,"EUR_per_kWh":0.04835,"EXR":11.601599,"time_start":"2024-11-19T23:00:00+01:00","time_end":"2024-11-20T00:00:00+01:00"}]'
  recorded_at: Thu, 20 Nov 2025 17:06:32 GMT
- request:
    method: get
    uri: https://www.elprisetjustnu.se/api/v1/prices/2024/11-20_SE3.json
    body:
      encoding: US-ASCII
      string: ''
    headers:
      Accept-Encoding:
      - gzip;q=1.0,deflate;q=0.6,identity;q=0.3
      Accept:
      - "*/*"
      User-Agent:
      - Ruby
  response:
    status:
      code: 200
      message: OK
    headers:
      Date:
      - Thu, 20 Nov 2025 17:06:32 GMT
      Content-Type:
      - application/json
      Transfer-Encoding:
      - chunked
      Connection:
      - keep-alive
      Server:
      - cloudflare
      Last-Modified:
      - Sat, 09 Aug 2025 09:47:10 GMT
      Vary:
      - Accept-Encoding
      Etag:
      - W/"6897191e-d4b"
      Access-Control-Allow-Origin:
      - "*"
      Access-Control-Expose-Headers:
      - "*"
      Cache-Control:
      - public, max-age=604800
      Cross-Origin-Resource-Policy:
      - cross-origin
      Nel:
      - '{"report_to":"cf-nel","success_fraction":0.0,"max_age":604800}'
      Age:
      - '92731'
      Cf-Cache-Status:
      - HIT
      Report-To:
      - '{"group":"cf-nel","max_age":604800,"endpoints":[{"url":"https://a.nel.cloudflare.com/report/v4?s=M7GTftHD5Yub74lnihhgGF3Pd3Zcb8IPSJFTSgwwEKzwpiH7ySLYHRi5iHBallyPJaIV1x%2BpZXXASvmoedSj%2Blc0uNGPW5BHFEEjhs5Nbz26X4jT6A%3D%3D"}]}'
      Cf-Ray:
      - 9a1989d78b8bdabb-ARN
      Alt-Svc:
      - h3=":443"; ma=86400
    body:
      encoding: ASCII-8BIT
      string: '[{"SEK_per_kWh":0.66112,"EUR_per_kWh":0.05703,"EXR":11.592443,"time_start":"2024-11-20T00:00:00+01:00","time_end":"2024-11-20T01:00:00+01:00"},{"SEK_per_kWh":0.57487,"EUR_per_kWh":0.04959,"EXR":11.592443,"time_start":"2024-11-20T01:00:00+01:00","time_end":"2024-11-20T02:00:00+01:00"},{"SEK_per_kWh":0.52108,"EUR_per_kWh":0.04495,"EXR":11.592443,"time_start":"2024-11-20T02:00:00+01:00","time_end":"2024-11-20T03:00:00+01:00"},{"SEK_per_kWh":0.45558,"EUR_per_kWh":0.0393,"EXR":11.592443,"time_start":"2024-11-20T03:00:00+01:00","time_end":"2024-11-20T04:00:00+01:00"},{"SEK_per_kWh":0.47703,"EUR_per_kWh":0.04115,"EXR":11.592443,"time_start":"2024-11-20T04:00:00+01:00","time_end":"2024-11-20T05:00:00+01:00"},{"SEK_per_kWh":0.54079,"EUR_per_kWh":0.04665,"EXR":11.592443,"time_start":"2024-11-20T05:00:00+01:00","time_end":"2024-11-20T06:00:00+01:00"},{"SEK_per_kWh":0.9012,"EUR_per_kWh":0.07774,"EXR":11.592443,"time_start":"2024-11-20T06:00:00+01:00","time_end":"2024-11-20T07:00:00+01:00"},{"SEK_per_kWh":1.36791,"EUR_per_kWh":0.118,"EXR":11.592443,"time_start":"2024-11-20T07:00:00+01:00","time_end":"2024-11-20T08:00:00+01:00"},{"SEK_per_kWh":1.55884,"EUR_per_kWh":0.13447,"EXR":11.592443,"time_start":"2024-11-20T08:00:00+01:00","time_end":"2024-11-20T09:00:00+01:00"},{"SEK_per_kWh":1.37173,"EUR_per_kWh":0.11833,"EXR":11.592443,"time_start":"2024-11-20T09:00:00+01:00","time_end":"2024-11-20T10:00:00+01:00"},{"SEK_per_kWh":1.12424,"EUR_per_kWh":0.09698,"EXR":11.592443,"time_start":"2024-11-20T10:00:00+01:00","time_end":"2024-11-20T11:00:00+01:00"},{"SEK_per_kWh":1.03891,"EUR_per_kWh":0.08962,"EXR":11.592443,"time_start":"2024-11-20T11:00:00+01:00","time_end":"2024-11-20T12:00:00+01:00"},{"SEK_per_kWh":0.95046,"EUR_per_kWh":0.08199,"EXR":11.592443,"time_start":"2024-11-20T12:00:00+01:00","time_end":"2024-11-20T13:00:00+01:00"},{"SEK_per_kWh":0.94015,"EUR_per_kWh":0.0811,"EXR":11.592443,"time_start":"2024-11-20T13:00:00+01:00","time_end":"2024-11-20T14:00:00+01:00"},{"SEK_per_kWh":1.03242,"EUR_per_kWh":0.08906,"EXR":11.592443,"time_start":"2024-11-20T14:00:00+01:00","time_end":"2024-11-20T15:00:00+01:00"},{"SEK_per_kWh":1.24654,"EUR_per_kWh":0.10753,"EXR":11.592443,"time_start":"2024-11-20T15:00:00+01:00","time_end":"2024-11-20T16:00:00+01:00"},{"SEK_per_kWh":1.28757,"EUR_per_kWh":0.11107,"EXR":11.592443,"time_start":"2024-11-20T16:00:00+01:00","time_end":"2024-11-20T17:00:00+01:00"},{"SEK_per_kWh":1.31029,"EUR_per_kWh":0.11303,"EXR":11.592443,"time_start":"2024-11-20T17:00:00+01:00","time_end":"2024-11-20T18:00:00+01:00"},{"SEK_per_kWh":1.31053,"EUR_per_kWh":0.11305,"EXR":11.592443,"time_start":"2024-11-20T18:00:00+01:00","time_end":"2024-11-20T19:00:00+01:00"},{"SEK_per_kWh":1.10963,"EUR_per_kWh":0.09572,"EXR":11.592443,"time_start":"2024-11-20T19:00:00+01:00","time_end":"2024-11-20T20:00:00+01:00"},{"SEK_per_kWh":0.8044,"EUR_per_kWh":0.06939,"EXR":11.592443,"time_start":"2024-11-20T20:00:00+01:00","time_end":"2024-11-20T21:00:00+01:00"},{"SEK_per_kWh":0.57533,"EUR_per_kWh":0.04963,"EXR":11.592443,"time_start":"2024-11-20T21:00:00+01:00","time_end":"2024-11-20T22:00:00+01:00"},{"SEK_per_kWh":0.49952,"EUR_per_kWh":0.04309,"EXR":11.592443,"time_start":"2024-11-20T22:00:00+01:00","time_end":"2024-11-20T23:00:00+01:00"},{"SEK_per_kWh":0.36783,"EUR_per_kWh":0.03173,"EXR":11.592443,"time_start":"2024-11-20T23:00:00+01:00","time_end":"2024-11-21T00:00:00+01:00"}]'
  recorded_at: Thu, 20 Nov 2025 17:06:32 GMT
- request:
    method: get
    uri: https://www.elprisetjustnu.se/api/v1/prices/2024/11-21_SE3.json
    body:
      encoding: US-ASCII
      string: ''
    headers:
      Accept-Encoding:
      - gzip;q=1.0,deflate;q=0.6,identity;q=0.3
      Accept:
      - "*/*"
      User-Agent:
      - Ruby
  response:
    status:
      code: 200
      message: OK
    headers:
      Date:
      - Thu, 20 Nov 2025 17:06:32 GMT
      Content-Type:
      - application/json
      Transfer-Encoding:
      - chunked
      Connection:
      - keep-alive
      Server:
      - cloudflare
      Last-Modified:
      - Sat, 09 Aug 2025 09:47:10 GMT
      Vary:
      - Accept-Encoding
      Etag:
      - W/"6897191e-d4e"
      Access-Control-Allow-Origin:
      - "*"
      Access-Control-Expose-Headers:
      - "*"
      Cache-Control:
      - public, max-age=604800
      Cross-Origin-Resource-Policy:
      - cross-origin
      Nel:
      - '{"report_to":"cf-nel","success_fraction":0.0,"max_age":604800}'
      Age:
      - '32625'
      Cf-Cache-Status:
      - HIT
      Report-To:
      - '{"group":"cf-nel","max_age":604800,"endpoints":[{"url":"https://a.nel.cloudflare.com/report/v4?s=nUm5YVn%2F2h2lf6RnsiTAn35wvGJ6LH8SVHiCtXoVh1Ic4yFh1kh7tIAdbyiS9TSyrywKzpBingyfqknqDHGmopnBOEhJXCprjIhfoGQ67%2BIq%2Bek%3D"}]}'
      Cf-Ray:
      - 9a1989d7ad2d0a1f-ARN
      Alt-Svc:
      - h3=":443"; ma=86400
    body:
      encoding: ASCII-8BIT
      string: '[{"SEK_per_kWh":0.36678,"EUR_per_kWh":0.03164,"EXR":11.592443,"time_start":"2024-11-21T00:00:00+01:00","time_end":"2024-11-21T01:00:00+01:00"},{"SEK_per_kWh":0.31671,"EUR_per_kWh":0.02732,"EXR":11.592443,"time_start":"2024-11-21T01:00:00+01:00","time_end":"2024-11-21T02:00:00+01:00"},{"SEK_per_kWh":0.31462,"EUR_per_kWh":0.02714,"EXR":11.592443,"time_start":"2024-11-21T02:00:00+01:00","time_end":"2024-11-21T03:00:00+01:00"},{"SEK_per_kWh":0.33792,"EUR_per_kWh":0.02915,"EXR":11.592443,"time_start":"2024-11-21T03:00:00+01:00","time_end":"2024-11-21T04:00:00+01:00"},{"SEK_per_kWh":0.36029,"EUR_per_kWh":0.03108,"EXR":11.592443,"time_start":"2024-11-21T04:00:00+01:00","time_end":"2024-11-21T05:00:00+01:00"},{"SEK_per_kWh":0.39391,"EUR_per_kWh":0.03398,"EXR":11.592443,"time_start":"2024-11-21T05:00:00+01:00","time_end":"2024-11-21T06:00:00+01:00"},{"SEK_per_kWh":1.11229,"EUR_per_kWh":0.09595,"EXR":11.592443,"time_start":"2024-11-21T06:00:00+01:00","time_end":"2024-11-21T07:00:00+01:00"},{"SEK_per_kWh":1.30612,"EUR_per_kWh":0.11267,"EXR":11.592443,"time_start":"2024-11-21T07:00:00+01:00","time_end":"2024-11-21T08:00:00+01:00"},{"SEK_per_kWh":1.44848,"EUR_per_kWh":0.12495,"EXR":11.592443,"time_start":"2024-11-21T08:00:00+01:00","time_end":"2024-11-21T09:00:00+01:00"},{"SEK_per_kWh":1.47688,"EUR_per_kWh":0.1274,"EXR":11.592443,"time_start":"2024-11-21T09:00:00+01:00","time_end":"2024-11-21T10:00:00+01:00"},{"SEK_per_kWh":1.36026,"EUR_per_kWh":0.11734,"EXR":11.592443,"time_start":"2024-11-21T10:00:00+01:00","time_end":"2024-11-21T11:00:00+01:00"},{"SEK_per_kWh":1.20724,"EUR_per_kWh":0.10414,"EXR":11.592443,"time_start":"2024-11-21T11:00:00+01:00","time_end":"2024-11-21T12:00:00+01:00"},{"SEK_per_kWh":1.14719,"EUR_per_kWh":0.09896,"EXR":11.592443,"time_start":"2024-11-21T12:00:00+01:00","time_end":"2024-11-21T13:00:00+01:00"},{"SEK_per_kWh":1.2492,"EUR_per_kWh":0.10776,"EXR":11.592443,"time_start":"2024-11-21T13:00:00+01:00","time_end":"2024-11-21T14:00:00+01:00"},{"SEK_per_kWh":1.36211,"EUR_per_kWh":0.1175,"EXR":11.592443,"time_start":"2024-11-21T14:00:00+01:00","time_end":"2024-11-21T15:00:00+01:00"},{"SEK_per_kWh":1.45845,"EUR_per_kWh":0.12581,"EXR":11.592443,"time_start":"2024-11-21T15:00:00+01:00","time_end":"2024-11-21T16:00:00+01:00"},{"SEK_per_kWh":1.69922,"EUR_per_kWh":0.14658,"EXR":11.592443,"time_start":"2024-11-21T16:00:00+01:00","time_end":"2024-11-21T17:00:00+01:00"},{"SEK_per_kWh":1.73469,"EUR_per_kWh":0.14964,"EXR":11.592443,"time_start":"2024-11-21T17:00:00+01:00","time_end":"2024-11-21T18:00:00+01:00"},{"SEK_per_kWh":1.57043,"EUR_per_kWh":0.13547,"EXR":11.592443,"time_start":"2024-11-21T18:00:00+01:00","time_end":"2024-11-21T19:00:00+01:00"},{"SEK_per_kWh":1.45103,"EUR_per_kWh":0.12517,"EXR":11.592443,"time_start":"2024-11-21T19:00:00+01:00","time_end":"2024-11-21T20:00:00+01:00"},{"SEK_per_kWh":1.22509,"EUR_per_kWh":0.10568,"EXR":11.592443,"time_start":"2024-11-21T20:00:00+01:00","time_end":"2024-11-21T21:00:00+01:00"},{"SEK_per_kWh":1.13803,"EUR_per_kWh":0.09817,"EXR":11.592443,"time_start":"2024-11-21T21:00:00+01:00","time_end":"2024-11-21T22:00:00+01:00"},{"SEK_per_kWh":1.13154,"EUR_per_kWh":0.09761,"EXR":11.592443,"time_start":"2024-11-21T22:00:00+01:00","time_end":"2024-11-21T23:00:00+01:00"},{"SEK_per_kWh":0.90467,"EUR_per_kWh":0.07804,"EXR":11.592443,"time_start":"2024-11-21T23:00:00+01:00","time_end":"2024-11-22T00:00:00+01:00"}]'
  recorded_at: Thu, 20 Nov 2025 17:06:32 GMT
- request:
    method: get
    uri: https://www.elprisetjustnu.se/api/v1/prices/2024/11-22_SE3.json
    body:
      encoding: US-ASCII
      string: ''
    headers:
      Accept-Encoding:
      - gzip;q=1.0,deflate;q=0.6,identity;q=0.3
      Accept:
      - "*/*"
      User-Agent:
      - Ruby
  response:
    status:
      code: 200
      message: OK
    headers:
      Date:
      - Thu, 20 Nov 2025 17:06:32 GMT
      Content-Type:
      - application/json
      Transfer-Encoding:
      - chunked
      Connection:
      - keep-alive
      Server:
      - cloudflare
      Last-Modified:
      - Sat, 09 Aug 2025 09:48:44 GMT
      Vary:
      - Accept-Encoding
      Etag:
      - W/"6897197c-d33"
      Access-Control-Allow-Origin:
      - "*"
      Access-Control-Expose-Headers:
      - "*"
      Cache-Control:
      - public, max-age=604800
      Cross-Origin-Resource-Policy:
      - cross-origin
      Nel:
      - '{"report_to":"cf-nel","success_fraction":0.0,"max_age":604800}'
      Age:
      - '92731'
      Cf-Cache-Status:
      - HIT
      Report-To:
      - '{"group":"cf-nel","max_age":604800,"endpoints":[{"url":"https://a.nel.cloudflare.com/report/v4?s=jytEyflXV9oukSk3MQaTpFc3yw6Ge%2FyCylDwgPSFHXQbVgnpUprRy7FqC9ym9m3bv6LbovzdduOZRC%2BXtoGHTsU85Ib1qMBi1ehdVO%2BZxljYFX3olg%3D%3D"}]}'
      Cf-Ray:
      - 9a1989d7da65b497-ARN
      Alt-Svc:
      - h3=":443"; ma=86400
    body:
      encoding: ASCII-8BIT
      string: '[{"SEK_per_kWh":1.06306,"EUR_per_kWh":0.09159,"EXR":11.60672,"time_start":"2024-11-22T00:00:00+01:00","time_end":"2024-11-22T01:00:00+01:00"},{"SEK_per_kWh":0.96626,"EUR_per_kWh":0.08325,"EXR":11.60672,"time_start":"2024-11-22T01:00:00+01:00","time_end":"2024-11-22T02:00:00+01:00"},{"SEK_per_kWh":0.88606,"EUR_per_kWh":0.07634,"EXR":11.60672,"time_start":"2024-11-22T02:00:00+01:00","time_end":"2024-11-22T03:00:00+01:00"},{"SEK_per_kWh":0.95152,"EUR_per_kWh":0.08198,"EXR":11.60672,"time_start":"2024-11-22T03:00:00+01:00","time_end":"2024-11-22T04:00:00+01:00"},{"SEK_per_kWh":0.98971,"EUR_per_kWh":0.08527,"EXR":11.60672,"time_start":"2024-11-22T04:00:00+01:00","time_end":"2024-11-22T05:00:00+01:00"},{"SEK_per_kWh":1.04391,"EUR_per_kWh":0.08994,"EXR":11.60672,"time_start":"2024-11-22T05:00:00+01:00","time_end":"2024-11-22T06:00:00+01:00"},{"SEK_per_kWh":1.37087,"EUR_per_kWh":0.11811,"EXR":11.60672,"time_start":"2024-11-22T06:00:00+01:00","time_end":"2024-11-22T07:00:00+01:00"},{"SEK_per_kWh":1.61345,"EUR_per_kWh":0.13901,"EXR":11.60672,"time_start":"2024-11-22T07:00:00+01:00","time_end":"2024-11-22T08:00:00+01:00"},{"SEK_per_kWh":1.99357,"EUR_per_kWh":0.17176,"EXR":11.60672,"time_start":"2024-11-22T08:00:00+01:00","time_end":"2024-11-22T09:00:00+01:00"},{"SEK_per_kWh":1.80868,"EUR_per_kWh":0.15583,"EXR":11.60672,"time_start":"2024-11-22T09:00:00+01:00","time_end":"2024-11-22T10:00:00+01:00"},{"SEK_per_kWh":1.63388,"EUR_per_kWh":0.14077,"EXR":11.60672,"time_start":"2024-11-22T10:00:00+01:00","time_end":"2024-11-22T11:00:00+01:00"},{"SEK_per_kWh":1.58652,"EUR_per_kWh":0.13669,"EXR":11.60672,"time_start":"2024-11-22T11:00:00+01:00","time_end":"2024-11-22T12:00:00+01:00"},{"SEK_per_kWh":1.36959,"EUR_per_kWh":0.118,"EXR":11.60672,"time_start":"2024-11-22T12:00:00+01:00","time_end":"2024-11-22T13:00:00+01:00"},{"SEK_per_kWh":1.12098,"EUR_per_kWh":0.09658,"EXR":11.60672,"time_start":"2024-11-22T13:00:00+01:00","time_end":"2024-11-22T14:00:00+01:00"},{"SEK_per_kWh":1.22021,"EUR_per_kWh":0.10513,"EXR":11.60672,"time_start":"2024-11-22T14:00:00+01:00","time_end":"2024-11-22T15:00:00+01:00"},{"SEK_per_kWh":1.31713,"EUR_per_kWh":0.11348,"EXR":11.60672,"time_start":"2024-11-22T15:00:00+01:00","time_end":"2024-11-22T16:00:00+01:00"},{"SEK_per_kWh":1.46697,"EUR_per_kWh":0.12639,"EXR":11.60672,"time_start":"2024-11-22T16:00:00+01:00","time_end":"2024-11-22T17:00:00+01:00"},{"SEK_per_kWh":1.60939,"EUR_per_kWh":0.13866,"EXR":11.60672,"time_start":"2024-11-22T17:00:00+01:00","time_end":"2024-11-22T18:00:00+01:00"},{"SEK_per_kWh":1.61333,"EUR_per_kWh":0.139,"EXR":11.60672,"time_start":"2024-11-22T18:00:00+01:00","time_end":"2024-11-22T19:00:00+01:00"},{"SEK_per_kWh":1.54277,"EUR_per_kWh":0.13292,"EXR":11.60672,"time_start":"2024-11-22T19:00:00+01:00","time_end":"2024-11-22T20:00:00+01:00"},{"SEK_per_kWh":1.23507,"EUR_per_kWh":0.10641,"EXR":11.60672,"time_start":"2024-11-22T20:00:00+01:00","time_end":"2024-11-22T21:00:00+01:00"},{"SEK_per_kWh":1.2194,"EUR_per_kWh":0.10506,"EXR":11.60672,"time_start":"2024-11-22T21:00:00+01:00","time_end":"2024-11-22T22:00:00+01:00"},{"SEK_per_kWh":1.04263,"EUR_per_kWh":0.08983,"EXR":11.60672,"time_start":"2024-11-22T22:00:00+01:00","time_end":"2024-11-22T23:00:00+01:00"},{"SEK_per_kWh":0.86238,"EUR_per_kWh":0.0743,"EXR":11.60672,"time_start":"2024-11-22T23:00:00+01:00","time_end":"2024-11-23T00:00:00+01:00"}]'
  recorded_at: Thu, 20 Nov 2025 17:06:32 GMT
- request:
    method: get
    uri: https://www.elprisetjustnu.se/api/v1/prices/2024/11-23_SE3.json
    body:
      encoding: US-ASCII
      string: ''
    headers:
      Accept-Encoding:
      - gzip;q=1.0,deflate;q=0.6,identity;q=0.3
      Accept:
      - "*/*"
      User-Agent:
      - Ruby
  response:
    status:
      code: 200
      message: OK
    headers:
      Date:
      - Thu, 20 Nov 2025 17:06:32 GMT
      Content-Type:
      - application/json
      Transfer-Encoding:
      - chunked
      Connection:
      - keep-alive
      Server:
      - cloudflare
      Last-Modified:
      - Sat, 09 Aug 2025 09:48:44 GMT
      Vary:
      - Accept-Encoding
      Etag:
      - W/"6897197c-d48"
      Access-Control-Allow-Origin:
      - "*"
      Access-Control-Expose-Headers:
      - "*"
      Cache-Control:
      - public, max-age=604800
      Cross-Origin-Resource-Policy:
      - cross-origin
      Nel:
      - '{"report_to":"cf-nel","success_fraction":0.0,"max_age":604800}'
      Age:
      - '92731'
      Cf-Cache-Status:
      - HIT
      Report-To:
      - '{"group":"cf-nel","max_age":604800,"endpoints":[{"url":"https://a.nel.cloudflare.com/report/v4?s=J8N5xt5xdUd2KJvsitPRjrr%2FpzvwquMcrxTZsz3sLgcORTPk6l9Rq0CpR%2F27w1TTzHLnhG3djrw%2FiA0SonrSKgl%2F7fq5ZRCJUTWHSdoPx5RuMAKIKA%3D%3D"}]}'
      Cf-Ray:
      - 9a1989d7fd345868-ARN
      Alt-Svc:
      - h3=":443"; ma=86400
    body:
      encoding: ASCII-8BIT
      string: '[{"SEK_per_kWh":0.72161,"EUR_per_kWh":0.0625,"EXR":11.545733,"time_start":"2024-11-23T00:00:00+01:00","time_end":"2024-11-23T01:00:00+01:00"},{"SEK_per_kWh":0.61758,"EUR_per_kWh":0.05349,"EXR":11.545733,"time_start":"2024-11-23T01:00:00+01:00","time_end":"2024-11-23T02:00:00+01:00"},{"SEK_per_kWh":0.56459,"EUR_per_kWh":0.0489,"EXR":11.545733,"time_start":"2024-11-23T02:00:00+01:00","time_end":"2024-11-23T03:00:00+01:00"},{"SEK_per_kWh":0.52221,"EUR_per_kWh":0.04523,"EXR":11.545733,"time_start":"2024-11-23T03:00:00+01:00","time_end":"2024-11-23T04:00:00+01:00"},{"SEK_per_kWh":0.5191,"EUR_per_kWh":0.04496,"EXR":11.545733,"time_start":"2024-11-23T04:00:00+01:00","time_end":"2024-11-23T05:00:00+01:00"},{"SEK_per_kWh":0.51956,"EUR_per_kWh":0.045,"EXR":11.545733,"time_start":"2024-11-23T05:00:00+01:00","time_end":"2024-11-23T06:00:00+01:00"},{"SEK_per_kWh":0.51125,"EUR_per_kWh":0.04428,"EXR":11.545733,"time_start":"2024-11-23T06:00:00+01:00","time_end":"2024-11-23T07:00:00+01:00"},{"SEK_per_kWh":0.60176,"EUR_per_kWh":0.05212,"EXR":11.545733,"time_start":"2024-11-23T07:00:00+01:00","time_end":"2024-11-23T08:00:00+01:00"},{"SEK_per_kWh":0.65395,"EUR_per_kWh":0.05664,"EXR":11.545733,"time_start":"2024-11-23T08:00:00+01:00","time_end":"2024-11-23T09:00:00+01:00"},{"SEK_per_kWh":0.78811,"EUR_per_kWh":0.06826,"EXR":11.545733,"time_start":"2024-11-23T09:00:00+01:00","time_end":"2024-11-23T10:00:00+01:00"},{"SEK_per_kWh":0.74562,"EUR_per_kWh":0.06458,"EXR":11.545733,"time_start":"2024-11-23T10:00:00+01:00","time_end":"2024-11-23T11:00:00+01:00"},{"SEK_per_kWh":0.72715,"EUR_per_kWh":0.06298,"EXR":11.545733,"time_start":"2024-11-23T11:00:00+01:00","time_end":"2024-11-23T12:00:00+01:00"},{"SEK_per_kWh":0.67496,"EUR_per_kWh":0.05846,"EXR":11.545733,"time_start":"2024-11-23T12:00:00+01:00","time_end":"2024-11-23T13:00:00+01:00"},{"SEK_per_kWh":0.66457,"EUR_per_kWh":0.05756,"EXR":11.545733,"time_start":"2024-11-23T13:00:00+01:00","time_end":"2024-11-23T14:00:00+01:00"},{"SEK_per_kWh":0.70856,"EUR_per_kWh":0.06137,"EXR":11.545733,"time_start":"2024-11-23T14:00:00+01:00","time_end":"2024-11-23T15:00:00+01:00"},{"SEK_per_kWh":0.88209,"EUR_per_kWh":0.0764,"EXR":11.545733,"time_start":"2024-11-23T15:00:00+01:00","time_end":"2024-11-23T16:00:00+01:00"},{"SEK_per_kWh":0.83937,"EUR_per_kWh":0.0727,"EXR":11.545733,"time_start":"2024-11-23T16:00:00+01:00","time_end":"2024-11-23T17:00:00+01:00"},{"SEK_per_kWh":0.9486,"EUR_per_kWh":0.08216,"EXR":11.545733,"time_start":"2024-11-23T17:00:00+01:00","time_end":"2024-11-23T18:00:00+01:00"},{"SEK_per_kWh":0.83406,"EUR_per_kWh":0.07224,"EXR":11.545733,"time_start":"2024-11-23T18:00:00+01:00","time_end":"2024-11-23T19:00:00+01:00"},{"SEK_per_kWh":0.68986,"EUR_per_kWh":0.05975,"EXR":11.545733,"time_start":"2024-11-23T19:00:00+01:00","time_end":"2024-11-23T20:00:00+01:00"},{"SEK_per_kWh":0.54761,"EUR_per_kWh":0.04743,"EXR":11.545733,"time_start":"2024-11-23T20:00:00+01:00","time_end":"2024-11-23T21:00:00+01:00"},{"SEK_per_kWh":0.43424,"EUR_per_kWh":0.03761,"EXR":11.545733,"time_start":"2024-11-23T21:00:00+01:00","time_end":"2024-11-23T22:00:00+01:00"},{"SEK_per_kWh":0.26936,"EUR_per_kWh":0.02333,"EXR":11.545733,"time_start":"2024-11-23T22:00:00+01:00","time_end":"2024-11-23T23:00:00+01:00"},{"SEK_per_kWh":0.16279,"EUR_per_kWh":0.0141,"EXR":11.545733,"time_start":"2024-11-23T23:00:00+01:00","time_end":"2024-11-24T00:00:00+01:00"}]'
  recorded_at: Thu, 20 Nov 2025 17:06:32 GMT
- request:
    method: get
    uri: https://www.elprisetjustnu.se/api/v1/prices/2024/11-24_SE3.json
    body:
      encoding: US-ASCII
      string: ''
    headers:
      Accept-Encoding:
      - gzip;q=1.0,deflate;q=0.6,identity;q=0.3
      Accept:
      - "*/*"
      User-Agent:
      - Ruby
  response:
    status:
      code: 200
      message: OK
    headers:
      Date:
      - Thu, 20 Nov 2025 17:06:32 GMT
      Content-Type:
      - application/json
      Transfer-Encoding:
      - chunked
      Connection:
      - keep-alive
      Server:
      - cloudflare
      Last-Modified:
      - Sat, 09 Aug 2025 09:47:47 GMT
      Vary:
      - Accept-Encoding
      Etag:
      - W/"68971943-d4d"
      Access-Control-Allow-Origin:
      - "*"
      Access-Control-Expose-Headers:
      - "*"
      Cache-Control:
      - public, max-age=604800
      Cross-Origin-Resource-Policy:
      - cross-origin
      Nel:
      - '{"report_to":"cf-nel","success_fraction":0.0,"max_age":604800}'
      Age:
      - '329472'
      Cf-Cache-Status:
      - HIT
      Report-To:
      - '{"group":"cf-nel","max_age":604800,"endpoints":[{"url":"https://a.nel.cloudflare.com/report/v4?s=%2BLqkYkP9VQ%2BRhDgL1axYkGEYwD8F39rGNDXxfb7im4qV6dzTwYJChLKJ%2FR52nibDKkFNnPhjS2MBvA4PtK1E3w12oNjXn4%2BKZnZpWrN%2Busq%2FBu8moA%3D%3D"}]}'
      Cf-Ray:
      - 9a1989d81aa6dbb0-ARN
      Alt-Svc:
      - h3=":443"; ma=86400
    body:
      encoding: ASCII-8BIT
      string: '[{"SEK_per_kWh":0.03635,"EUR_per_kWh":0.00316,"EXR":11.501974,"time_start":"2024-11-24T00:00:00+01:00","time_end":"2024-11-24T01:00:00+01:00"},{"SEK_per_kWh":0.0291,"EUR_per_kWh":0.00253,"EXR":11.501974,"time_start":"2024-11-24T01:00:00+01:00","time_end":"2024-11-24T02:00:00+01:00"},{"SEK_per_kWh":0.02496,"EUR_per_kWh":0.00217,"EXR":11.501974,"time_start":"2024-11-24T02:00:00+01:00","time_end":"2024-11-24T03:00:00+01:00"},{"SEK_per_kWh":0.02922,"EUR_per_kWh":0.00254,"EXR":11.501974,"time_start":"2024-11-24T03:00:00+01:00","time_end":"2024-11-24T04:00:00+01:00"},{"SEK_per_kWh":0.02542,"EUR_per_kWh":0.00221,"EXR":11.501974,"time_start":"2024-11-24T04:00:00+01:00","time_end":"2024-11-24T05:00:00+01:00"},{"SEK_per_kWh":0.02749,"EUR_per_kWh":0.00239,"EXR":11.501974,"time_start":"2024-11-24T05:00:00+01:00","time_end":"2024-11-24T06:00:00+01:00"},{"SEK_per_kWh":0.03508,"EUR_per_kWh":0.00305,"EXR":11.501974,"time_start":"2024-11-24T06:00:00+01:00","time_end":"2024-11-24T07:00:00+01:00"},{"SEK_per_kWh":0.03991,"EUR_per_kWh":0.00347,"EXR":11.501974,"time_start":"2024-11-24T07:00:00+01:00","time_end":"2024-11-24T08:00:00+01:00"},{"SEK_per_kWh":0.04129,"EUR_per_kWh":0.00359,"EXR":11.501974,"time_start":"2024-11-24T08:00:00+01:00","time_end":"2024-11-24T09:00:00+01:00"},{"SEK_per_kWh":0.05003,"EUR_per_kWh":0.00435,"EXR":11.501974,"time_start":"2024-11-24T09:00:00+01:00","time_end":"2024-11-24T10:00:00+01:00"},{"SEK_per_kWh":0.04325,"EUR_per_kWh":0.00376,"EXR":11.501974,"time_start":"2024-11-24T10:00:00+01:00","time_end":"2024-11-24T11:00:00+01:00"},{"SEK_per_kWh":0.0444,"EUR_per_kWh":0.00386,"EXR":11.501974,"time_start":"2024-11-24T11:00:00+01:00","time_end":"2024-11-24T12:00:00+01:00"},{"SEK_per_kWh":0.04233,"EUR_per_kWh":0.00368,"EXR":11.501974,"time_start":"2024-11-24T12:00:00+01:00","time_end":"2024-11-24T13:00:00+01:00"},{"SEK_per_kWh":0.0398,"EUR_per_kWh":0.00346,"EXR":11.501974,"time_start":"2024-11-24T13:00:00+01:00","time_end":"2024-11-24T14:00:00+01:00"},{"SEK_per_kWh":0.04244,"EUR_per_kWh":0.00369,"EXR":11.501974,"time_start":"2024-11-24T14:00:00+01:00","time_end":"2024-11-24T15:00:00+01:00"},{"SEK_per_kWh":0.07407,"EUR_per_kWh":0.00644,"EXR":11.501974,"time_start":"2024-11-24T15:00:00+01:00","time_end":"2024-11-24T16:00:00+01:00"},{"SEK_per_kWh":0.13009,"EUR_per_kWh":0.01131,"EXR":11.501974,"time_start":"2024-11-24T16:00:00+01:00","time_end":"2024-11-24T17:00:00+01:00"},{"SEK_per_kWh":0.12411,"EUR_per_kWh":0.01079,"EXR":11.501974,"time_start":"2024-11-24T17:00:00+01:00","time_end":"2024-11-24T18:00:00+01:00"},{"SEK_per_kWh":0.12813,"EUR_per_kWh":0.01114,"EXR":11.501974,"time_start":"2024-11-24T18:00:00+01:00","time_end":"2024-11-24T19:00:00+01:00"},{"SEK_per_kWh":0.09731,"EUR_per_kWh":0.00846,"EXR":11.501974,"time_start":"2024-11-24T19:00:00+01:00","time_end":"2024-11-24T20:00:00+01:00"},{"SEK_per_kWh":0.06039,"EUR_per_kWh":0.00525,"EXR":11.501974,"time_start":"2024-11-24T20:00:00+01:00","time_end":"2024-11-24T21:00:00+01:00"},{"SEK_per_kWh":0.0398,"EUR_per_kWh":0.00346,"EXR":11.501974,"time_start":"2024-11-24T21:00:00+01:00","time_end":"2024-11-24T22:00:00+01:00"},{"SEK_per_kWh":0.02922,"EUR_per_kWh":0.00254,"EXR":11.501974,"time_start":"2024-11-24T22:00:00+01:00","time_end":"2024-11-24T23:00:00+01:00"},{"SEK_per_kWh":0.00299,"EUR_per_kWh":0.00026,"EXR":11.501974,"time_start":"2024-11-24T23:00:00+01:00","time_end":"2024-11-25T00:00:00+01:00"}]'
  recorded_at: Thu, 20 Nov 2025 17:06:32 GMT
- request:
    method: get
    uri: https://www.elprisetjustnu.se/api/v1/prices/2024/11-25_SE3.json
    body:
      encoding: US-ASCII
      string: ''
    headers:
      Accept-Encoding:
      - gzip;q=1.0,deflate;q=0.6,identity;q=0.3
      Accept:
      - "*/*"
      User-Agent:
      - Ruby
  response:
    status:
      code: 200
      message: OK
    headers:
      Date:
      - Thu, 20 Nov 2025 17:06:32 GMT
      Content-Type:
      - application/json
      Transfer-Encoding:
      - chunked
      Connection:
      - keep-alive
      Server:
      - cloudflare
      Last-Modified:
      - Sat, 09 Aug 2025 09:47:46 GMT
      Vary:
      - Accept-Encoding
      Etag:
      - W/"68971942-d57"
      Access-Control-Allow-Origin:
      - "*"
      Access-Control-Expose-Headers:
      - "*"
      Cache-Control:
      - public, max-age=604800
      Cross-Origin-Resource-Policy:
      - cross-origin
      Nel:
      - '{"report_to":"cf-nel","success_fraction":0.0,"max_age":604800}'
      Age:
      - '92731'
      Cf-Cache-Status:
      - HIT
      Report-To:
      - '{"group":"cf-nel","max_age":604800,"endpoints":[{"url":"https://a.nel.cloudflare.com/report/v4?s=3SgNXkOp3k4LlPvxxW%2FTrQplHF4zWaEMM6cI%2FazhIoZ3DPX7k0N1xUGqh3kXV4dmhAtIYBe9a1okZ9iQaWzwezLzuhKITry1m43KSSL28GYS9L7BTg%3D%3D"}]}'
      Cf-Ray:
      - 9a1989d83ef75621-ARN
      Alt-Svc:
      - h3=":443"; ma=86400
    body:
      encoding: ASCII-8BIT
      string: '[{"SEK_per_kWh":-0.01069,"EUR_per_kWh":-0.00093,"EXR":11.497837,"time_start":"2024-11-25T00:00:00+01:00","time_end":"2024-11-25T01:00:00+01:00"},{"SEK_per_kWh":-0.01529,"EUR_per_kWh":-0.00133,"EXR":11.497837,"time_start":"2024-11-25T01:00:00+01:00","time_end":"2024-11-25T02:00:00+01:00"},{"SEK_per_kWh":-0.01357,"EUR_per_kWh":-0.00118,"EXR":11.497837,"time_start":"2024-11-25T02:00:00+01:00","time_end":"2024-11-25T03:00:00+01:00"},{"SEK_per_kWh":-0.01828,"EUR_per_kWh":-0.00159,"EXR":11.497837,"time_start":"2024-11-25T03:00:00+01:00","time_end":"2024-11-25T04:00:00+01:00"},{"SEK_per_kWh":-0.01276,"EUR_per_kWh":-0.00111,"EXR":11.497837,"time_start":"2024-11-25T04:00:00+01:00","time_end":"2024-11-25T05:00:00+01:00"},{"SEK_per_kWh":-0.00034,"EUR_per_kWh":-3.0e-5,"EXR":11.497837,"time_start":"2024-11-25T05:00:00+01:00","time_end":"2024-11-25T06:00:00+01:00"},{"SEK_per_kWh":0.00563,"EUR_per_kWh":0.00049,"EXR":11.497837,"time_start":"2024-11-25T06:00:00+01:00","time_end":"2024-11-25T07:00:00+01:00"},{"SEK_per_kWh":0.19569,"EUR_per_kWh":0.01702,"EXR":11.497837,"time_start":"2024-11-25T07:00:00+01:00","time_end":"2024-11-25T08:00:00+01:00"},{"SEK_per_kWh":0.25985,"EUR_per_kWh":0.0226,"EXR":11.497837,"time_start":"2024-11-25T08:00:00+01:00","time_end":"2024-11-25T09:00:00+01:00"},{"SEK_per_kWh":0.25859,"EUR_per_kWh":0.02249,"EXR":11.497837,"time_start":"2024-11-25T09:00:00+01:00","time_end":"2024-11-25T10:00:00+01:00"},{"SEK_per_kWh":0.2472,"EUR_per_kWh":0.0215,"EXR":11.497837,"time_start":"2024-11-25T10:00:00+01:00","time_end":"2024-11-25T11:00:00+01:00"},{"SEK_per_kWh":0.24168,"EUR_per_kWh":0.02102,"EXR":11.497837,"time_start":"2024-11-25T11:00:00+01:00","time_end":"2024-11-25T12:00:00+01:00"},{"SEK_per_kWh":0.24237,"EUR_per_kWh":0.02108,"EXR":11.497837,"time_start":"2024-11-25T12:00:00+01:00","time_end":"2024-11-25T13:00:00+01:00"},{"SEK_per_kWh":0.25238,"EUR_per_kWh":0.02195,"EXR":11.497837,"time_start":"2024-11-25T13:00:00+01:00","time_end":"2024-11-25T14:00:00+01:00"},{"SEK_per_kWh":0.25376,"EUR_per_kWh":0.02207,"EXR":11.497837,"time_start":"2024-11-25T14:00:00+01:00","time_end":"2024-11-25T15:00:00+01:00"},{"SEK_per_kWh":0.25123,"EUR_per_kWh":0.02185,"EXR":11.497837,"time_start":"2024-11-25T15:00:00+01:00","time_end":"2024-11-25T16:00:00+01:00"},{"SEK_per_kWh":0.25261,"EUR_per_kWh":0.02197,"EXR":11.497837,"time_start":"2024-11-25T16:00:00+01:00","time_end":"2024-11-25T17:00:00+01:00"},{"SEK_per_kWh":0.25859,"EUR_per_kWh":0.02249,"EXR":11.497837,"time_start":"2024-11-25T17:00:00+01:00","time_end":"2024-11-25T18:00:00+01:00"},{"SEK_per_kWh":0.25514,"EUR_per_kWh":0.02219,"EXR":11.497837,"time_start":"2024-11-25T18:00:00+01:00","time_end":"2024-11-25T19:00:00+01:00"},{"SEK_per_kWh":0.25295,"EUR_per_kWh":0.022,"EXR":11.497837,"time_start":"2024-11-25T19:00:00+01:00","time_end":"2024-11-25T20:00:00+01:00"},{"SEK_per_kWh":0.23674,"EUR_per_kWh":0.02059,"EXR":11.497837,"time_start":"2024-11-25T20:00:00+01:00","time_end":"2024-11-25T21:00:00+01:00"},{"SEK_per_kWh":0.06427,"EUR_per_kWh":0.00559,"EXR":11.497837,"time_start":"2024-11-25T21:00:00+01:00","time_end":"2024-11-25T22:00:00+01:00"},{"SEK_per_kWh":0.03438,"EUR_per_kWh":0.00299,"EXR":11.497837,"time_start":"2024-11-25T22:00:00+01:00","time_end":"2024-11-25T23:00:00+01:00"},{"SEK_per_kWh":0.01828,"EUR_per_kWh":0.00159,"EXR":11.497837,"time_start":"2024-11-25T23:00:00+01:00","time_end":"2024-11-26T00:00:00+01:00"}]'
  recorded_at: Thu, 20 Nov 2025 17:06:32 GMT
- request:
    method: get
    uri: https://www.elprisetjustnu.se/api/v1/prices/2024/11-26_SE3.json
    body:
      encoding: US-ASCII
      string: ''
    headers:
      Accept-Encoding:
      - gzip;q=1.0,deflate;q=0.6,identity;q=0.3
      Accept:
      - "*/*"
      User-Agent:
      - Ruby
  response:
    status:
      code: 200
      message: OK
    headers:
      Date:
      - Thu, 20 Nov 2025 17:06:32 GMT
      Content-Type:
      - application/json
      Transfer-Encoding:
      - chunked
      Connection:
      - keep-alive
      Server:
      - cloudflare
      Last-Modified:
      - Sat, 09 Aug 2025 09:46:50 GMT
      Vary:
      - Accept-Encoding
      Etag:
      - W/"6897190a-d51"
      Access-Control-Allow-Origin:
      - "*"
      Access-Control-Expose-Headers:
      - "*"
      Cache-Control:
      - public, max-age=604800
      Cross-Origin-Resource-Policy:
      - cross-origin
      Nel:
      - '{"report_to":"cf-nel","success_fraction":0.0,"max_age":604800}'
      Age:
      - '1006'
      Cf-Cache-Status:
      - HIT
      Report-To:
      - '{"group":"cf-nel","max_age":604800,"endpoints":[{"url":"https://a.nel.cloudflare.com/report/v4?s=s70Xfl1BWq9Jubu1LiP%2FFNUdSdgz34EMQlg7VkGvq3EE8xWdNK4ByQqC8FbQLDFL8zZxJWQIn%2FsMkLc3bdXmbRJjtTEnVwjPKvJ1Ov6mv7Etr%2Fo%3D"}]}'
      Cf-Ray:
      - 9a1989d85bbf70d6-ARN
      Alt-Svc:
      - h3=":443"; ma=86400
    body:
      encoding: ASCII-8BIT
      string: '[{"SEK_per_kWh":-0.00058,"EUR_per_kWh":-5.0e-5,"EXR":11.516712,"time_start":"2024-11-26T00:00:00+01:00","time_end":"2024-11-26T01:00:00+01:00"},{"SEK_per_kWh":-0.01152,"EUR_per_kWh":-0.001,"EXR":11.516712,"time_start":"2024-11-26T01:00:00+01:00","time_end":"2024-11-26T02:00:00+01:00"},{"SEK_per_kWh":-0.00104,"EUR_per_kWh":-9.0e-5,"EXR":11.516712,"time_start":"2024-11-26T02:00:00+01:00","time_end":"2024-11-26T03:00:00+01:00"},{"SEK_per_kWh":-0.01071,"EUR_per_kWh":-0.00093,"EXR":11.516712,"time_start":"2024-11-26T03:00:00+01:00","time_end":"2024-11-26T04:00:00+01:00"},{"SEK_per_kWh":-0.01083,"EUR_per_kWh":-0.00094,"EXR":11.516712,"time_start":"2024-11-26T04:00:00+01:00","time_end":"2024-11-26T05:00:00+01:00"},{"SEK_per_kWh":0.01094,"EUR_per_kWh":0.00095,"EXR":11.516712,"time_start":"2024-11-26T05:00:00+01:00","time_end":"2024-11-26T06:00:00+01:00"},{"SEK_per_kWh":0.23667,"EUR_per_kWh":0.02055,"EXR":11.516712,"time_start":"2024-11-26T06:00:00+01:00","time_end":"2024-11-26T07:00:00+01:00"},{"SEK_per_kWh":0.25141,"EUR_per_kWh":0.02183,"EXR":11.516712,"time_start":"2024-11-26T07:00:00+01:00","time_end":"2024-11-26T08:00:00+01:00"},{"SEK_per_kWh":0.27053,"EUR_per_kWh":0.02349,"EXR":11.516712,"time_start":"2024-11-26T08:00:00+01:00","time_end":"2024-11-26T09:00:00+01:00"},{"SEK_per_kWh":0.2711,"EUR_per_kWh":0.02354,"EXR":11.516712,"time_start":"2024-11-26T09:00:00+01:00","time_end":"2024-11-26T10:00:00+01:00"},{"SEK_per_kWh":0.28561,"EUR_per_kWh":0.0248,"EXR":11.516712,"time_start":"2024-11-26T10:00:00+01:00","time_end":"2024-11-26T11:00:00+01:00"},{"SEK_per_kWh":0.30657,"EUR_per_kWh":0.02662,"EXR":11.516712,"time_start":"2024-11-26T11:00:00+01:00","time_end":"2024-11-26T12:00:00+01:00"},{"SEK_per_kWh":0.30208,"EUR_per_kWh":0.02623,"EXR":11.516712,"time_start":"2024-11-26T12:00:00+01:00","time_end":"2024-11-26T13:00:00+01:00"},{"SEK_per_kWh":0.31521,"EUR_per_kWh":0.02737,"EXR":11.516712,"time_start":"2024-11-26T13:00:00+01:00","time_end":"2024-11-26T14:00:00+01:00"},{"SEK_per_kWh":0.33421,"EUR_per_kWh":0.02902,"EXR":11.516712,"time_start":"2024-11-26T14:00:00+01:00","time_end":"2024-11-26T15:00:00+01:00"},{"SEK_per_kWh":0.38385,"EUR_per_kWh":0.03333,"EXR":11.516712,"time_start":"2024-11-26T15:00:00+01:00","time_end":"2024-11-26T16:00:00+01:00"},{"SEK_per_kWh":0.43936,"EUR_per_kWh":0.03815,"EXR":11.516712,"time_start":"2024-11-26T16:00:00+01:00","time_end":"2024-11-26T17:00:00+01:00"},{"SEK_per_kWh":0.49844,"EUR_per_kWh":0.04328,"EXR":11.516712,"time_start":"2024-11-26T17:00:00+01:00","time_end":"2024-11-26T18:00:00+01:00"},{"SEK_per_kWh":0.51595,"EUR_per_kWh":0.0448,"EXR":11.516712,"time_start":"2024-11-26T18:00:00+01:00","time_end":"2024-11-26T19:00:00+01:00"},{"SEK_per_kWh":0.4776,"EUR_per_kWh":0.04147,"EXR":11.516712,"time_start":"2024-11-26T19:00:00+01:00","time_end":"2024-11-26T20:00:00+01:00"},{"SEK_per_kWh":0.44731,"EUR_per_kWh":0.03884,"EXR":11.516712,"time_start":"2024-11-26T20:00:00+01:00","time_end":"2024-11-26T21:00:00+01:00"},{"SEK_per_kWh":0.49545,"EUR_per_kWh":0.04302,"EXR":11.516712,"time_start":"2024-11-26T21:00:00+01:00","time_end":"2024-11-26T22:00:00+01:00"},{"SEK_per_kWh":0.43073,"EUR_per_kWh":0.0374,"EXR":11.516712,"time_start":"2024-11-26T22:00:00+01:00","time_end":"2024-11-26T23:00:00+01:00"},{"SEK_per_kWh":0.3941,"EUR_per_kWh":0.03422,"EXR":11.516712,"time_start":"2024-11-26T23:00:00+01:00","time_end":"2024-11-27T00:00:00+01:00"}]'
  recorded_at: Thu, 20 Nov 2025 17:06:32 GMT
- request:
    method: get
    uri: https://www.elprisetjustnu.se/api/v1/prices/2024/11-27_SE3.json
    body:
      encoding: US-ASCII
      string: ''
    headers:
      Accept-Encoding:
      - gzip;q=1.0,deflate;q=0.6,identity;q=0.3
      Accept:
      - "*/*"
      User-Agent:
      - Ruby
  response:
    status:
      code: 200
      message: OK
    headers:
      Date:
      - Thu, 20 Nov 2025 17:06:32 GMT
      Content-Type:
      - application/json
      Transfer-Encoding:
      - chunked
      Connection:
      - keep-alive
      Server:
      - cloudflare
      Last-Modified:
      - Sat, 09 Aug 2025 09:46:50 GMT
      Vary:
      - Accept-Encoding
      Etag:
      - W/"6897190a-d37"
      Access-Control-Allow-Origin:
      - "*"
      Access-Control-Expose-Headers:
      - "*"
      Cache-Control:
      - public, max-age=604800
      Cross-Origin-Resource-Policy:
      - cross-origin
      Nel:
      - '{"report_to":"cf-nel","success_fraction":0.0,"max_age":604800}'
      Age:
      - '329471'
      Cf-Cache-Status:
      - HIT
      Report-To:
      - '{"group":"cf-nel","max_age":604800,"endpoints":[{"url":"https://a.nel.cloudflare.com/report/v4?s=M5UxSNUeP%2FRQ9lO%2B%2F%2Bxxw%2F%2B789759SgIQ0nFuyDuOyJ9bO5R40rxVgrfBqRzqy5sqFSJva%2BOL%2F%2BQ5PKCDDVM2pwh2wk3ubkJFbaUeK44SrNYy3Q%3D"}]}'
      Cf-Ray:
      - 9a1989d87b012e0d-ARN
      Alt-Svc:
      - h3=":443"; ma=86400
    body:
      encoding: ASCII-8BIT
      string: '[{"SEK_per_kWh":0.43806,"EUR_per_kWh":0.03802,"EXR":11.52178,"time_start":"2024-11-27T00:00:00+01:00","time_end":"2024-11-27T01:00:00+01:00"},{"SEK_per_kWh":0.42147,"EUR_per_kWh":0.03658,"EXR":11.52178,"time_start":"2024-11-27T01:00:00+01:00","time_end":"2024-11-27T02:00:00+01:00"},{"SEK_per_kWh":0.42849,"EUR_per_kWh":0.03719,"EXR":11.52178,"time_start":"2024-11-27T02:00:00+01:00","time_end":"2024-11-27T03:00:00+01:00"},{"SEK_per_kWh":0.44693,"EUR_per_kWh":0.03879,"EXR":11.52178,"time_start":"2024-11-27T03:00:00+01:00","time_end":"2024-11-27T04:00:00+01:00"},{"SEK_per_kWh":0.48334,"EUR_per_kWh":0.04195,"EXR":11.52178,"time_start":"2024-11-27T04:00:00+01:00","time_end":"2024-11-27T05:00:00+01:00"},{"SEK_per_kWh":0.54233,"EUR_per_kWh":0.04707,"EXR":11.52178,"time_start":"2024-11-27T05:00:00+01:00","time_end":"2024-11-27T06:00:00+01:00"},{"SEK_per_kWh":0.72841,"EUR_per_kWh":0.06322,"EXR":11.52178,"time_start":"2024-11-27T06:00:00+01:00","time_end":"2024-11-27T07:00:00+01:00"},{"SEK_per_kWh":1.61224,"EUR_per_kWh":0.13993,"EXR":11.52178,"time_start":"2024-11-27T07:00:00+01:00","time_end":"2024-11-27T08:00:00+01:00"},{"SEK_per_kWh":1.85478,"EUR_per_kWh":0.16098,"EXR":11.52178,"time_start":"2024-11-27T08:00:00+01:00","time_end":"2024-11-27T09:00:00+01:00"},{"SEK_per_kWh":1.72804,"EUR_per_kWh":0.14998,"EXR":11.52178,"time_start":"2024-11-27T09:00:00+01:00","time_end":"2024-11-27T10:00:00+01:00"},{"SEK_per_kWh":1.60591,"EUR_per_kWh":0.13938,"EXR":11.52178,"time_start":"2024-11-27T10:00:00+01:00","time_end":"2024-11-27T11:00:00+01:00"},{"SEK_per_kWh":1.60487,"EUR_per_kWh":0.13929,"EXR":11.52178,"time_start":"2024-11-27T11:00:00+01:00","time_end":"2024-11-27T12:00:00+01:00"},{"SEK_per_kWh":1.58736,"EUR_per_kWh":0.13777,"EXR":11.52178,"time_start":"2024-11-27T12:00:00+01:00","time_end":"2024-11-27T13:00:00+01:00"},{"SEK_per_kWh":1.52894,"EUR_per_kWh":0.1327,"EXR":11.52178,"time_start":"2024-11-27T13:00:00+01:00","time_end":"2024-11-27T14:00:00+01:00"},{"SEK_per_kWh":1.42778,"EUR_per_kWh":0.12392,"EXR":11.52178,"time_start":"2024-11-27T14:00:00+01:00","time_end":"2024-11-27T15:00:00+01:00"},{"SEK_per_kWh":1.44967,"EUR_per_kWh":0.12582,"EXR":11.52178,"time_start":"2024-11-27T15:00:00+01:00","time_end":"2024-11-27T16:00:00+01:00"},{"SEK_per_kWh":1.31786,"EUR_per_kWh":0.11438,"EXR":11.52178,"time_start":"2024-11-27T16:00:00+01:00","time_end":"2024-11-27T17:00:00+01:00"},{"SEK_per_kWh":1.31671,"EUR_per_kWh":0.11428,"EXR":11.52178,"time_start":"2024-11-27T17:00:00+01:00","time_end":"2024-11-27T18:00:00+01:00"},{"SEK_per_kWh":1.32996,"EUR_per_kWh":0.11543,"EXR":11.52178,"time_start":"2024-11-27T18:00:00+01:00","time_end":"2024-11-27T19:00:00+01:00"},{"SEK_per_kWh":1.19907,"EUR_per_kWh":0.10407,"EXR":11.52178,"time_start":"2024-11-27T19:00:00+01:00","time_end":"2024-11-27T20:00:00+01:00"},{"SEK_per_kWh":0.91829,"EUR_per_kWh":0.0797,"EXR":11.52178,"time_start":"2024-11-27T20:00:00+01:00","time_end":"2024-11-27T21:00:00+01:00"},{"SEK_per_kWh":0.84386,"EUR_per_kWh":0.07324,"EXR":11.52178,"time_start":"2024-11-27T21:00:00+01:00","time_end":"2024-11-27T22:00:00+01:00"},{"SEK_per_kWh":0.78025,"EUR_per_kWh":0.06772,"EXR":11.52178,"time_start":"2024-11-27T22:00:00+01:00","time_end":"2024-11-27T23:00:00+01:00"},{"SEK_per_kWh":0.57102,"EUR_per_kWh":0.04956,"EXR":11.52178,"time_start":"2024-11-27T23:00:00+01:00","time_end":"2024-11-28T00:00:00+01:00"}]'
  recorded_at: Thu, 20 Nov 2025 17:06:32 GMT
- request:
    method: get
    uri: https://www.elprisetjustnu.se/api/v1/prices/2024/11-28_SE3.json
    body:
      encoding: US-ASCII
      string: ''
    headers:
      Accept-Encoding:
      - gzip;q=1.0,deflate;q=0.6,identity;q=0.3
      Accept:
      - "*/*"
      User-Agent:
      - Ruby
  response:
    status:
      code: 200
      message: OK
    headers:
      Date:
      - Thu, 20 Nov 2025 17:06:32 GMT
      Content-Type:
      - application/json
      Transfer-Encoding:
      - chunked
      Connection:
      - keep-alive
      Server:
      - cloudflare
      Last-Modified:
      - Sat, 09 Aug 2025 09:48:36 GMT
      Vary:
      - Accept-Encoding
      Etag:
      - W/"68971974-d49"
      Access-Control-Allow-Origin:
      - "*"
      Access-Control-Expose-Headers:
      - "*"
      Cache-Control:
      - public, max-age=604800
      Cross-Origin-Resource-Policy:
      - cross-origin
      Nel:
      - '{"report_to":"cf-nel","success_fraction":0.0,"max_age":604800}'
      Age:
      - '329471'
      Cf-Cache-Status:
      - HIT
      Report-To:
      - '{"group":"cf-nel","max_age":604800,"endpoints":[{"url":"https://a.nel.cloudflare.com/report/v4?s=r5AaEuX7KWjm8IQYTY8X9HrBh45OvihbzlWzu%2FBJOMvfLb4ChuCNZJICy%2BJ8QRM3DvhxrVvbLS7uVLk8DSTNcmh4uGNpv6ZieQxGy8VRAwwjVhnpCg%3D%3D"}]}'
      Cf-Ray:
      - 9a1989d898ce45dd-ARN
      Alt-Svc:
      - h3=":443"; ma=86400
    body:
      encoding: ASCII-8BIT
      string: '[{"SEK_per_kWh":0.57246,"EUR_per_kWh":0.04972,"EXR":11.513719,"time_start":"2024-11-28T00:00:00+01:00","time_end":"2024-11-28T01:00:00+01:00"},{"SEK_per_kWh":0.49025,"EUR_per_kWh":0.04258,"EXR":11.513719,"time_start":"2024-11-28T01:00:00+01:00","time_end":"2024-11-28T02:00:00+01:00"},{"SEK_per_kWh":0.39078,"EUR_per_kWh":0.03394,"EXR":11.513719,"time_start":"2024-11-28T02:00:00+01:00","time_end":"2024-11-28T03:00:00+01:00"},{"SEK_per_kWh":0.38007,"EUR_per_kWh":0.03301,"EXR":11.513719,"time_start":"2024-11-28T03:00:00+01:00","time_end":"2024-11-28T04:00:00+01:00"},{"SEK_per_kWh":0.4381,"EUR_per_kWh":0.03805,"EXR":11.513719,"time_start":"2024-11-28T04:00:00+01:00","time_end":"2024-11-28T05:00:00+01:00"},{"SEK_per_kWh":0.5568,"EUR_per_kWh":0.04836,"EXR":11.513719,"time_start":"2024-11-28T05:00:00+01:00","time_end":"2024-11-28T06:00:00+01:00"},{"SEK_per_kWh":0.7378,"EUR_per_kWh":0.06408,"EXR":11.513719,"time_start":"2024-11-28T06:00:00+01:00","time_end":"2024-11-28T07:00:00+01:00"},{"SEK_per_kWh":1.02115,"EUR_per_kWh":0.08869,"EXR":11.513719,"time_start":"2024-11-28T07:00:00+01:00","time_end":"2024-11-28T08:00:00+01:00"},{"SEK_per_kWh":1.21884,"EUR_per_kWh":0.10586,"EXR":11.513719,"time_start":"2024-11-28T08:00:00+01:00","time_end":"2024-11-28T09:00:00+01:00"},{"SEK_per_kWh":1.17751,"EUR_per_kWh":0.10227,"EXR":11.513719,"time_start":"2024-11-28T09:00:00+01:00","time_end":"2024-11-28T10:00:00+01:00"},{"SEK_per_kWh":1.04706,"EUR_per_kWh":0.09094,"EXR":11.513719,"time_start":"2024-11-28T10:00:00+01:00","time_end":"2024-11-28T11:00:00+01:00"},{"SEK_per_kWh":1.27618,"EUR_per_kWh":0.11084,"EXR":11.513719,"time_start":"2024-11-28T11:00:00+01:00","time_end":"2024-11-28T12:00:00+01:00"},{"SEK_per_kWh":1.25615,"EUR_per_kWh":0.1091,"EXR":11.513719,"time_start":"2024-11-28T12:00:00+01:00","time_end":"2024-11-28T13:00:00+01:00"},{"SEK_per_kWh":1.27975,"EUR_per_kWh":0.11115,"EXR":11.513719,"time_start":"2024-11-28T13:00:00+01:00","time_end":"2024-11-28T14:00:00+01:00"},{"SEK_per_kWh":1.11591,"EUR_per_kWh":0.09692,"EXR":11.513719,"time_start":"2024-11-28T14:00:00+01:00","time_end":"2024-11-28T15:00:00+01:00"},{"SEK_per_kWh":1.41561,"EUR_per_kWh":0.12295,"EXR":11.513719,"time_start":"2024-11-28T15:00:00+01:00","time_end":"2024-11-28T16:00:00+01:00"},{"SEK_per_kWh":1.61088,"EUR_per_kWh":0.13991,"EXR":11.513719,"time_start":"2024-11-28T16:00:00+01:00","time_end":"2024-11-28T17:00:00+01:00"},{"SEK_per_kWh":1.8042,"EUR_per_kWh":0.1567,"EXR":11.513719,"time_start":"2024-11-28T17:00:00+01:00","time_end":"2024-11-28T18:00:00+01:00"},{"SEK_per_kWh":1.85486,"EUR_per_kWh":0.1611,"EXR":11.513719,"time_start":"2024-11-28T18:00:00+01:00","time_end":"2024-11-28T19:00:00+01:00"},{"SEK_per_kWh":1.80524,"EUR_per_kWh":0.15679,"EXR":11.513719,"time_start":"2024-11-28T19:00:00+01:00","time_end":"2024-11-28T20:00:00+01:00"},{"SEK_per_kWh":1.62286,"EUR_per_kWh":0.14095,"EXR":11.513719,"time_start":"2024-11-28T20:00:00+01:00","time_end":"2024-11-28T21:00:00+01:00"},{"SEK_per_kWh":1.48815,"EUR_per_kWh":0.12925,"EXR":11.513719,"time_start":"2024-11-28T21:00:00+01:00","time_end":"2024-11-28T22:00:00+01:00"},{"SEK_per_kWh":1.27963,"EUR_per_kWh":0.11114,"EXR":11.513719,"time_start":"2024-11-28T22:00:00+01:00","time_end":"2024-11-28T23:00:00+01:00"},{"SEK_per_kWh":0.73458,"EUR_per_kWh":0.0638,"EXR":11.513719,"time_start":"2024-11-28T23:00:00+01:00","time_end":"2024-11-29T00:00:00+01:00"}]'
  recorded_at: Thu, 20 Nov 2025 17:06:32 GMT
- request:
    method: get
    uri: https://www.elprisetjustnu.se/api/v1/prices/2024/11-29_SE3.json
    body:
      encoding: US-ASCII
      string: ''
    headers:
      Accept-Encoding:
      - gzip;q=1.0,deflate;q=0.6,identity;q=0.3
      Accept:
      - "*/*"
      User-Agent:
      - Ruby
  response:
    status:
      code: 200
      message: OK
    headers:
      Date:
      - Thu, 20 Nov 2025 17:06:32 GMT
      Content-Type:
      - application/json
      Transfer-Encoding:
      - chunked
      Connection:
      - keep-alive
      Server:
      - cloudflare
      Last-Modified:
      - Sat, 09 Aug 2025 09:48:36 GMT
      Vary:
      - Accept-Encoding
      Etag:
      - W/"68971974-d4b"
      Access-Control-Allow-Origin:
      - "*"
      Access-Control-Expose-Headers:
      - "*"
      Cache-Control:
      - public, max-age=604800
      Cross-Origin-Resource-Policy:
      - cross-origin
      Nel:
      - '{"report_to":"cf-nel","success_fraction":0.0,"max_age":604800}'
      Age:
      - '329471'
      Cf-Cache-Status:
      - HIT
      Report-To:
      - '{"group":"cf-nel","max_age":604800,"endpoints":[{"url":"https://a.nel.cloudflare.com/report/v4?s=f5u%2F%2FQDJTgJOo6SV%2BXuJOzqJOkRF6vIZQBnefQG9s9TSmdG%2FpmwD80Yq4k2mgF240baeejHEahYzdy1jAEwgOiQx%2Bah%2FtPNkWw34I930Sl6k3Qc1nQ%3D%3D"}]}'
      Cf-Ray:
      - 9a1989d8cb10f327-ARN
      Alt-Svc:
      - h3=":443"; ma=86400
    body:
      encoding: ASCII-8BIT
      string: '[{"SEK_per_kWh":1.07577,"EUR_per_kWh":0.09327,"EXR":11.533928,"time_start":"2024-11-29T00:00:00+01:00","time_end":"2024-11-29T01:00:00+01:00"},{"SEK_per_kWh":0.86977,"EUR_per_kWh":0.07541,"EXR":11.533928,"time_start":"2024-11-29T01:00:00+01:00","time_end":"2024-11-29T02:00:00+01:00"},{"SEK_per_kWh":0.8527,"EUR_per_kWh":0.07393,"EXR":11.533928,"time_start":"2024-11-29T02:00:00+01:00","time_end":"2024-11-29T03:00:00+01:00"},{"SEK_per_kWh":0.86493,"EUR_per_kWh":0.07499,"EXR":11.533928,"time_start":"2024-11-29T03:00:00+01:00","time_end":"2024-11-29T04:00:00+01:00"},{"SEK_per_kWh":0.691,"EUR_per_kWh":0.05991,"EXR":11.533928,"time_start":"2024-11-29T04:00:00+01:00","time_end":"2024-11-29T05:00:00+01:00"},{"SEK_per_kWh":1.01441,"EUR_per_kWh":0.08795,"EXR":11.533928,"time_start":"2024-11-29T05:00:00+01:00","time_end":"2024-11-29T06:00:00+01:00"},{"SEK_per_kWh":1.48949,"EUR_per_kWh":0.12914,"EXR":11.533928,"time_start":"2024-11-29T06:00:00+01:00","time_end":"2024-11-29T07:00:00+01:00"},{"SEK_per_kWh":1.82663,"EUR_per_kWh":0.15837,"EXR":11.533928,"time_start":"2024-11-29T07:00:00+01:00","time_end":"2024-11-29T08:00:00+01:00"},{"SEK_per_kWh":1.88314,"EUR_per_kWh":0.16327,"EXR":11.533928,"time_start":"2024-11-29T08:00:00+01:00","time_end":"2024-11-29T09:00:00+01:00"},{"SEK_per_kWh":1.66608,"EUR_per_kWh":0.14445,"EXR":11.533928,"time_start":"2024-11-29T09:00:00+01:00","time_end":"2024-11-29T10:00:00+01:00"},{"SEK_per_kWh":1.46331,"EUR_per_kWh":0.12687,"EXR":11.533928,"time_start":"2024-11-29T10:00:00+01:00","time_end":"2024-11-29T11:00:00+01:00"},{"SEK_per_kWh":1.36596,"EUR_per_kWh":0.11843,"EXR":11.533928,"time_start":"2024-11-29T11:00:00+01:00","time_end":"2024-11-29T12:00:00+01:00"},{"SEK_per_kWh":1.29261,"EUR_per_kWh":0.11207,"EXR":11.533928,"time_start":"2024-11-29T12:00:00+01:00","time_end":"2024-11-29T13:00:00+01:00"},{"SEK_per_kWh":1.15962,"EUR_per_kWh":0.10054,"EXR":11.533928,"time_start":"2024-11-29T13:00:00+01:00","time_end":"2024-11-29T14:00:00+01:00"},{"SEK_per_kWh":1.16885,"EUR_per_kWh":0.10134,"EXR":11.533928,"time_start":"2024-11-29T14:00:00+01:00","time_end":"2024-11-29T15:00:00+01:00"},{"SEK_per_kWh":1.24832,"EUR_per_kWh":0.10823,"EXR":11.533928,"time_start":"2024-11-29T15:00:00+01:00","time_end":"2024-11-29T16:00:00+01:00"},{"SEK_per_kWh":1.37577,"EUR_per_kWh":0.11928,"EXR":11.533928,"time_start":"2024-11-29T16:00:00+01:00","time_end":"2024-11-29T17:00:00+01:00"},{"SEK_per_kWh":1.29837,"EUR_per_kWh":0.11257,"EXR":11.533928,"time_start":"2024-11-29T17:00:00+01:00","time_end":"2024-11-29T18:00:00+01:00"},{"SEK_per_kWh":0.8414,"EUR_per_kWh":0.07295,"EXR":11.533928,"time_start":"2024-11-29T18:00:00+01:00","time_end":"2024-11-29T19:00:00+01:00"},{"SEK_per_kWh":0.55098,"EUR_per_kWh":0.04777,"EXR":11.533928,"time_start":"2024-11-29T19:00:00+01:00","time_end":"2024-11-29T20:00:00+01:00"},{"SEK_per_kWh":0.51891,"EUR_per_kWh":0.04499,"EXR":11.533928,"time_start":"2024-11-29T20:00:00+01:00","time_end":"2024-11-29T21:00:00+01:00"},{"SEK_per_kWh":0.5226,"EUR_per_kWh":0.04531,"EXR":11.533928,"time_start":"2024-11-29T21:00:00+01:00","time_end":"2024-11-29T22:00:00+01:00"},{"SEK_per_kWh":0.4346,"EUR_per_kWh":0.03768,"EXR":11.533928,"time_start":"2024-11-29T22:00:00+01:00","time_end":"2024-11-29T23:00:00+01:00"},{"SEK_per_kWh":0.40426,"EUR_per_kWh":0.03505,"EXR":11.533928,"time_start":"2024-11-29T23:00:00+01:00","time_end":"2024-11-30T00:00:00+01:00"}]'
  recorded_at: Thu, 20 Nov 2025 17:06:32 GMT
- request:
    method: get
    uri: https://www.elprisetjustnu.se/api/v1/prices/2024/11-30_SE3.json
    body:
      encoding: US-ASCII
      string: ''
    headers:
      Accept-Encoding:
      - gzip;q=1.0,deflate;q=0.6,identity;q=0.3
      Accept:
      - "*/*"
      User-Agent:
      - Ruby
  response:
    status:
      code: 200
      message: OK
    headers:
      Date:
      - Thu, 20 Nov 2025 17:06:32 GMT
      Content-Type:
      - application/json
      Transfer-Encoding:
      - chunked
      Connection:
      - keep-alive
      Server:
      - cloudflare
      Last-Modified:
      - Sat, 09 Aug 2025 09:46:40 GMT
      Vary:
      - Accept-Encoding
      Etag:
      - W/"68971900-d4e"
      Access-Control-Allow-Origin:
      - "*"
      Access-Control-Expose-Headers:
      - "*"
      Cache-Control:
      - public, max-age=604800
      Cross-Origin-Resource-Policy:
      - cross-origin
      Nel:
      - '{"report_to":"cf-nel","success_fraction":0.0,"max_age":604800}'
      Age:
      - '92730'
      Cf-Cache-Status:
      - HIT
      Report-To:
      - '{"group":"cf-nel","max_age":604800,"endpoints":[{"url":"https://a.nel.cloudflare.com/report/v4?s=yuaCd1a5l5ASCBcenQQS75Gbc3NmJugi7LTz%2FBvQZgLjS9aEl9VjbYE6Z1POhWGlX%2BVmUoekkQukKhUXhVNni1ZeL%2BGI23Ire1cwVCSL3NLUtrbTGA%3D%3D"}]}'
      Cf-Ray:
      - 9a1989d8ed3aae05-ARN
      Alt-Svc:
      - h3=":443"; ma=86400
    body:
      encoding: ASCII-8BIT
      string: '[{"SEK_per_kWh":0.36929,"EUR_per_kWh":0.03204,"EXR":11.525872,"time_start":"2024-11-30T00:00:00+01:00","time_end":"2024-11-30T01:00:00+01:00"},{"SEK_per_kWh":0.36664,"EUR_per_kWh":0.03181,"EXR":11.525872,"time_start":"2024-11-30T01:00:00+01:00","time_end":"2024-11-30T02:00:00+01:00"},{"SEK_per_kWh":0.36572,"EUR_per_kWh":0.03173,"EXR":11.525872,"time_start":"2024-11-30T02:00:00+01:00","time_end":"2024-11-30T03:00:00+01:00"},{"SEK_per_kWh":0.34532,"EUR_per_kWh":0.02996,"EXR":11.525872,"time_start":"2024-11-30T03:00:00+01:00","time_end":"2024-11-30T04:00:00+01:00"},{"SEK_per_kWh":0.33102,"EUR_per_kWh":0.02872,"EXR":11.525872,"time_start":"2024-11-30T04:00:00+01:00","time_end":"2024-11-30T05:00:00+01:00"},{"SEK_per_kWh":0.29864,"EUR_per_kWh":0.02591,"EXR":11.525872,"time_start":"2024-11-30T05:00:00+01:00","time_end":"2024-11-30T06:00:00+01:00"},{"SEK_per_kWh":0.27789,"EUR_per_kWh":0.02411,"EXR":11.525872,"time_start":"2024-11-30T06:00:00+01:00","time_end":"2024-11-30T07:00:00+01:00"},{"SEK_per_kWh":0.29402,"EUR_per_kWh":0.02551,"EXR":11.525872,"time_start":"2024-11-30T07:00:00+01:00","time_end":"2024-11-30T08:00:00+01:00"},{"SEK_per_kWh":0.30878,"EUR_per_kWh":0.02679,"EXR":11.525872,"time_start":"2024-11-30T08:00:00+01:00","time_end":"2024-11-30T09:00:00+01:00"},{"SEK_per_kWh":0.31408,"EUR_per_kWh":0.02725,"EXR":11.525872,"time_start":"2024-11-30T09:00:00+01:00","time_end":"2024-11-30T10:00:00+01:00"},{"SEK_per_kWh":0.30083,"EUR_per_kWh":0.0261,"EXR":11.525872,"time_start":"2024-11-30T10:00:00+01:00","time_end":"2024-11-30T11:00:00+01:00"},{"SEK_per_kWh":0.29414,"EUR_per_kWh":0.02552,"EXR":11.525872,"time_start":"2024-11-30T11:00:00+01:00","time_end":"2024-11-30T12:00:00+01:00"},{"SEK_per_kWh":0.28365,"EUR_per_kWh":0.02461,"EXR":11.525872,"time_start":"2024-11-30T12:00:00+01:00","time_end":"2024-11-30T13:00:00+01:00"},{"SEK_per_kWh":0.28492,"EUR_per_kWh":0.02472,"EXR":11.525872,"time_start":"2024-11-30T13:00:00+01:00","time_end":"2024-11-30T14:00:00+01:00"},{"SEK_per_kWh":0.29587,"EUR_per_kWh":0.02567,"EXR":11.525872,"time_start":"2024-11-30T14:00:00+01:00","time_end":"2024-11-30T15:00:00+01:00"},{"SEK_per_kWh":0.29748,"EUR_per_kWh":0.02581,"EXR":11.525872,"time_start":"2024-11-30T15:00:00+01:00","time_end":"2024-11-30T16:00:00+01:00"},{"SEK_per_kWh":0.31535,"EUR_per_kWh":0.02736,"EXR":11.525872,"time_start":"2024-11-30T16:00:00+01:00","time_end":"2024-11-30T17:00:00+01:00"},{"SEK_per_kWh":0.40018,"EUR_per_kWh":0.03472,"EXR":11.525872,"time_start":"2024-11-30T17:00:00+01:00","time_end":"2024-11-30T18:00:00+01:00"},{"SEK_per_kWh":0.29737,"EUR_per_kWh":0.0258,"EXR":11.525872,"time_start":"2024-11-30T18:00:00+01:00","time_end":"2024-11-30T19:00:00+01:00"},{"SEK_per_kWh":0.27432,"EUR_per_kWh":0.0238,"EXR":11.525872,"time_start":"2024-11-30T19:00:00+01:00","time_end":"2024-11-30T20:00:00+01:00"},{"SEK_per_kWh":0.26694,"EUR_per_kWh":0.02316,"EXR":11.525872,"time_start":"2024-11-30T20:00:00+01:00","time_end":"2024-11-30T21:00:00+01:00"},{"SEK_per_kWh":0.25288,"EUR_per_kWh":0.02194,"EXR":11.525872,"time_start":"2024-11-30T21:00:00+01:00","time_end":"2024-11-30T22:00:00+01:00"},{"SEK_per_kWh":0.24504,"EUR_per_kWh":0.02126,"EXR":11.525872,"time_start":"2024-11-30T22:00:00+01:00","time_end":"2024-11-30T23:00:00+01:00"},{"SEK_per_kWh":0.23812,"EUR_per_kWh":0.02066,"EXR":11.525872,"time_start":"2024-11-30T23:00:00+01:00","time_end":"2024-12-01T00:00:00+01:00"}]'
  recorded_at: Thu, 20 Nov 2025 17:06:32 GMT
recorded_with: VCR 6.3.1
